#
# There is insufficient memory for the Java Runtime Environment to continue.
# Native memory allocation (malloc) failed to allocate 32744 bytes. Error detail: Chunk::new
# Possible reasons:
#   The system is out of physical RAM or swap space
#   This process is running with CompressedOops enabled, and the Java Heap may be blocking the growth of the native heap
# Possible solutions:
#   Reduce memory load on the system
#   Increase physical memory or swap space
#   Check if swap backing store is full
#   Decrease Java heap size (-Xmx/-Xms)
#   Decrease number of Java threads
#   Decrease Java thread stack sizes (-Xss)
#   Set larger code cache with -XX:ReservedCodeCacheSize=
#   JVM is running with Unscaled Compressed Oops mode in which the Java heap is
#     placed in the first 4GB address space. The Java Heap base address is the
#     maximum limit for the native heap growth. Please use -XX:HeapBaseMinAddress
#     to set the Java Heap base and to place the Java Heap above 4GB virtual address.
# This output file may be truncated or incomplete.
#
#  Out of Memory Error (arena.cpp:168), pid=25792, tid=25908
#
# JRE version: OpenJDK Runtime Environment Temurin-21.0.10+7 (21.0.10+7) (build 21.0.10+7-LTS)
# Java VM: OpenJDK 64-Bit Server VM Temurin-21.0.10+7 (21.0.10+7-LTS, mixed mode, sharing, tiered, compressed oops, compressed class ptrs, parallel gc, windows-amd64)
# No core dump will be written. Minidumps are not enabled by default on client versions of Windows
#

---------------  S U M M A R Y ------------

Command Line: --add-modules=ALL-SYSTEM --add-opens=java.base/java.util=ALL-UNNAMED --add-opens=java.base/java.lang=ALL-UNNAMED --add-opens=java.base/sun.nio.fs=ALL-UNNAMED -Declipse.application=org.eclipse.jdt.ls.core.id1 -Dosgi.bundles.defaultStartLevel=4 -Declipse.product=org.eclipse.jdt.ls.core.product -Djava.import.generatesMetadataFilesAtProjectRoot=false -DDetectVMInstallationsJob.disabled=true -Dfile.encoding=utf8 -XX:+UseParallelGC -XX:GCTimeRatio=4 -XX:AdaptiveSizePolicyWeight=90 -Dsun.zip.disableMemoryMapping=true -Xmx2G -Xms100m -Xlog:disable -javaagent:c:\Users\PC\.vscode\extensions\redhat.java-1.54.0-win32-x64\lombok\lombok-1.18.39-4050.jar -XX:+HeapDumpOnOutOfMemoryError -XX:HeapDumpPath=c:\Users\PC\AppData\Roaming\Code\User\workspaceStorage\02fa4a4dd81151b4bec70223ab20b6ec\redhat.java -Daether.dependencyCollector.impl=bf c:\Users\PC\.vscode\extensions\redhat.java-1.54.0-win32-x64\server\plugins\org.eclipse.equinox.launcher_1.7.100.v20251111-0406.jar -configuration c:\Users\PC\AppData\Roaming\Code\User\globalStorage\redhat.java\1.54.0\config_win -data c:\Users\PC\AppData\Roaming\Code\User\workspaceStorage\02fa4a4dd81151b4bec70223ab20b6ec\redhat.java\jdt_ws --pipe=\\.\pipe\lsp-2207d663ec79d561d4ecd4ac997c5d27-sock

Host: Intel(R) Core(TM) i7-10810U CPU @ 1.10GHz, 12 cores, 15G,  Windows 11 , 64 bit Build 22621 (10.0.22621.3958)
Time: Wed May  6 13:32:43 2026 South Africa Standard Time elapsed time: 38.834936 seconds (0d 0h 0m 38s)

---------------  T H R E A D  ---------------

Current thread (0x00000211c72ba7a0):  JavaThread "C2 CompilerThread0" daemon [_thread_in_native, id=25908, stack(0x0000003b55900000,0x0000003b55a00000) (1024K)]


Current CompileTask:
C2:38835 12581       4       lombok.eclipse.handlers.EclipseHandlerUtil::setGeneratedBy (10 bytes)

Stack: [0x0000003b55900000,0x0000003b55a00000]
Native frames: (J=compiled Java code, j=interpreted, Vv=VM code, C=native code)
V  [jvm.dll+0x6d7a39]
V  [jvm.dll+0x8b4b26]
V  [jvm.dll+0x8b70de]
V  [jvm.dll+0x8b77c3]
V  [jvm.dll+0x284346]
V  [jvm.dll+0xc66ed]
V  [jvm.dll+0xc6c31]
V  [jvm.dll+0xa434f]
V  [jvm.dll+0x65fbe1]
V  [jvm.dll+0x6657ef]
V  [jvm.dll+0x666736]
V  [jvm.dll+0x664a7b]
V  [jvm.dll+0x24c3db]
V  [jvm.dll+0x24bb40]
V  [jvm.dll+0x1cb34e]
V  [jvm.dll+0x25b85d]
V  [jvm.dll+0x259dea]
V  [jvm.dll+0x3f857e]
V  [jvm.dll+0x85f59d]
V  [jvm.dll+0x6d626d]
C  [ucrtbase.dll+0x29333]
C  [KERNEL32.DLL+0x1257d]
C  [ntdll.dll+0x5af08]


---------------  P R O C E S S  ---------------

Threads class SMR info:
_java_thread_list=0x00000211e618fd20, length=55, elements={
0x00000211c4e4d250, 0x00000211ddcbe150, 0x00000211c72b0f80, 0x00000211c72b5630,
0x00000211c72b6290, 0x00000211c72b6ef0, 0x00000211c72b9960, 0x00000211c72ba7a0,
0x00000211df062530, 0x00000211df296f60, 0x00000211df331b60, 0x00000211e4950eb0,
0x00000211e4911c70, 0x00000211e4704da0, 0x00000211e47057e0, 0x00000211e4edbba0,
0x00000211e4f699e0, 0x00000211e41355a0, 0x00000211e4ae6460, 0x00000211e4ae5dd0,
0x00000211e4ae7ea0, 0x00000211df0f27d0, 0x00000211e4ae7810, 0x00000211e4ae7180,
0x00000211e4ae9250, 0x00000211e4ae8530, 0x00000211e4ae8bc0, 0x00000211e753a8a0,
0x00000211e753bc50, 0x00000211e753c2e0, 0x00000211e753c970, 0x00000211e753d000,
0x00000211e753af30, 0x00000211e75394f0, 0x00000211e7536700, 0x00000211e7536070,
0x00000211e75387d0, 0x00000211e753d690, 0x00000211e753b5c0, 0x00000211e7536d90,
0x00000211e7537ab0, 0x00000211e7538140, 0x00000211e7538e60, 0x00000211e7539b80,
0x00000211e753a210, 0x00000211e7128620, 0x00000211e7126550, 0x00000211e712a6f0,
0x00000211e7126be0, 0x00000211e7127f90, 0x00000211e7125830, 0x00000211e7127270,
0x00000211e7128cb0, 0x00000211e712ad80, 0x00000211e89b3050
}

Java Threads: ( => current thread )
  0x00000211c4e4d250 JavaThread "main"                              [_thread_blocked, id=16848, stack(0x0000003b54e00000,0x0000003b54f00000) (1024K)]
  0x00000211ddcbe150 JavaThread "Reference Handler"          daemon [_thread_blocked, id=18408, stack(0x0000003b55300000,0x0000003b55400000) (1024K)]
  0x00000211c72b0f80 JavaThread "Finalizer"                  daemon [_thread_blocked, id=3932, stack(0x0000003b55400000,0x0000003b55500000) (1024K)]
  0x00000211c72b5630 JavaThread "Signal Dispatcher"          daemon [_thread_blocked, id=5372, stack(0x0000003b55500000,0x0000003b55600000) (1024K)]
  0x00000211c72b6290 JavaThread "Attach Listener"            daemon [_thread_blocked, id=26336, stack(0x0000003b55600000,0x0000003b55700000) (1024K)]
  0x00000211c72b6ef0 JavaThread "Service Thread"             daemon [_thread_blocked, id=5656, stack(0x0000003b55700000,0x0000003b55800000) (1024K)]
  0x00000211c72b9960 JavaThread "Monitor Deflation Thread"   daemon [_thread_blocked, id=19244, stack(0x0000003b55800000,0x0000003b55900000) (1024K)]
=>0x00000211c72ba7a0 JavaThread "C2 CompilerThread0"         daemon [_thread_in_native, id=25908, stack(0x0000003b55900000,0x0000003b55a00000) (1024K)]
  0x00000211df062530 JavaThread "C1 CompilerThread0"         daemon [_thread_blocked, id=17600, stack(0x0000003b55a00000,0x0000003b55b00000) (1024K)]
  0x00000211df296f60 JavaThread "Common-Cleaner"             daemon [_thread_blocked, id=3620, stack(0x0000003b55c00000,0x0000003b55d00000) (1024K)]
  0x00000211df331b60 JavaThread "Notification Thread"        daemon [_thread_blocked, id=2652, stack(0x0000003b55d00000,0x0000003b55e00000) (1024K)]
  0x00000211e4950eb0 JavaThread "Active Thread: Equinox Container: 7ec1433f-492f-44db-9aee-8ff1cc32ca61"        [_thread_blocked, id=24016, stack(0x0000003b56500000,0x0000003b56600000) (1024K)]
  0x00000211e4911c70 JavaThread "Refresh Thread: Equinox Container: 7ec1433f-492f-44db-9aee-8ff1cc32ca61" daemon [_thread_blocked, id=20848, stack(0x0000003b56600000,0x0000003b56700000) (1024K)]
  0x00000211e4704da0 JavaThread "Framework Event Dispatcher: Equinox Container: 7ec1433f-492f-44db-9aee-8ff1cc32ca61" daemon [_thread_blocked, id=11164, stack(0x0000003b56700000,0x0000003b56800000) (1024K)]
  0x00000211e47057e0 JavaThread "Start Level: Equinox Container: 7ec1433f-492f-44db-9aee-8ff1cc32ca61" daemon [_thread_blocked, id=23104, stack(0x0000003b56800000,0x0000003b56900000) (1024K)]
  0x00000211e4edbba0 JavaThread "Bundle File Closer"         daemon [_thread_blocked, id=15672, stack(0x0000003b56c00000,0x0000003b56d00000) (1024K)]
  0x00000211e4f699e0 JavaThread "SCR Component Actor"        daemon [_thread_blocked, id=20456, stack(0x0000003b55b00000,0x0000003b55c00000) (1024K)]
  0x00000211e41355a0 JavaThread "Worker-JM"                         [_thread_blocked, id=17040, stack(0x0000003b56900000,0x0000003b56a00000) (1024K)]
  0x00000211e4ae6460 JavaThread "JNA Cleaner"                daemon [_thread_blocked, id=26424, stack(0x0000003b56d00000,0x0000003b56e00000) (1024K)]
  0x00000211e4ae5dd0 JavaThread "Worker-0"                          [_thread_blocked, id=22732, stack(0x0000003b56e00000,0x0000003b56f00000) (1024K)]
  0x00000211e4ae7ea0 JavaThread "Worker-1"                          [_thread_blocked, id=16528, stack(0x0000003b56f00000,0x0000003b57000000) (1024K)]
  0x00000211df0f27d0 JavaThread "C2 CompilerThread1"         daemon [_thread_in_native, id=18792, stack(0x0000003b57000000,0x0000003b57100000) (1024K)]
  0x00000211e4ae7810 JavaThread "Worker-2"                          [_thread_blocked, id=20852, stack(0x0000003b57200000,0x0000003b57300000) (1024K)]
  0x00000211e4ae7180 JavaThread "Java indexing"              daemon [_thread_blocked, id=22468, stack(0x0000003b57300000,0x0000003b57400000) (1024K)]
  0x00000211e4ae9250 JavaThread "Worker-3"                          [_thread_blocked, id=24164, stack(0x0000003b57600000,0x0000003b57700000) (1024K)]
  0x00000211e4ae8530 JavaThread "Worker-4"                          [_thread_blocked, id=9688, stack(0x0000003b57700000,0x0000003b57800000) (1024K)]
  0x00000211e4ae8bc0 JavaThread "Thread-1"                   daemon [_thread_in_native, id=26548, stack(0x0000003b57800000,0x0000003b57900000) (1024K)]
  0x00000211e753a8a0 JavaThread "Thread-2"                   daemon [_thread_in_native, id=14776, stack(0x0000003b57900000,0x0000003b57a00000) (1024K)]
  0x00000211e753bc50 JavaThread "Thread-3"                   daemon [_thread_in_native, id=25400, stack(0x0000003b57a00000,0x0000003b57b00000) (1024K)]
  0x00000211e753c2e0 JavaThread "Thread-4"                   daemon [_thread_in_native, id=25480, stack(0x0000003b57b00000,0x0000003b57c00000) (1024K)]
  0x00000211e753c970 JavaThread "Thread-5"                   daemon [_thread_in_native, id=19436, stack(0x0000003b57c00000,0x0000003b57d00000) (1024K)]
  0x00000211e753d000 JavaThread "Thread-6"                   daemon [_thread_in_native, id=18400, stack(0x0000003b57d00000,0x0000003b57e00000) (1024K)]
  0x00000211e753af30 JavaThread "Thread-7"                   daemon [_thread_in_native, id=1448, stack(0x0000003b57e00000,0x0000003b57f00000) (1024K)]
  0x00000211e75394f0 JavaThread "Thread-8"                   daemon [_thread_in_native, id=17124, stack(0x0000003b57f00000,0x0000003b58000000) (1024K)]
  0x00000211e7536700 JavaThread "Thread-9"                   daemon [_thread_in_native, id=5160, stack(0x0000003b58000000,0x0000003b58100000) (1024K)]
  0x00000211e7536070 JavaThread "Thread-10"                  daemon [_thread_in_native, id=14988, stack(0x0000003b58100000,0x0000003b58200000) (1024K)]
  0x00000211e75387d0 JavaThread "Thread-11"                  daemon [_thread_in_native, id=11752, stack(0x0000003b58200000,0x0000003b58300000) (1024K)]
  0x00000211e753d690 JavaThread "Thread-12"                  daemon [_thread_in_native, id=19900, stack(0x0000003b58300000,0x0000003b58400000) (1024K)]
  0x00000211e753b5c0 JavaThread "Thread-13"                  daemon [_thread_in_native, id=12552, stack(0x0000003b58400000,0x0000003b58500000) (1024K)]
  0x00000211e7536d90 JavaThread "pool-2-thread-1"                   [_thread_blocked, id=7924, stack(0x0000003b58500000,0x0000003b58600000) (1024K)]
  0x00000211e7537ab0 JavaThread "WorkspaceEventsHandler"            [_thread_blocked, id=6988, stack(0x0000003b58600000,0x0000003b58700000) (1024K)]
  0x00000211e7538140 JavaThread "pool-1-thread-1"                   [_thread_blocked, id=20216, stack(0x0000003b58700000,0x0000003b58800000) (1024K)]
  0x00000211e7538e60 JavaThread "ForkJoinPool.commonPool-worker-1" daemon [_thread_blocked, id=19152, stack(0x0000003b58800000,0x0000003b58900000) (1024K)]
  0x00000211e7539b80 JavaThread "ForkJoinPool.commonPool-worker-2" daemon [_thread_blocked, id=14628, stack(0x0000003b58900000,0x0000003b58a00000) (1024K)]
  0x00000211e753a210 JavaThread "ForkJoinPool.commonPool-worker-3" daemon [_thread_blocked, id=16616, stack(0x0000003b58a00000,0x0000003b58b00000) (1024K)]
  0x00000211e7128620 JavaThread "ForkJoinPool.commonPool-worker-4" daemon [_thread_blocked, id=18684, stack(0x0000003b58b00000,0x0000003b58c00000) (1024K)]
  0x00000211e7126550 JavaThread "ForkJoinPool.commonPool-worker-5" daemon [_thread_blocked, id=15488, stack(0x0000003b58c00000,0x0000003b58d00000) (1024K)]
  0x00000211e712a6f0 JavaThread "ForkJoinPool.commonPool-worker-6" daemon [_thread_blocked, id=1732, stack(0x0000003b58d00000,0x0000003b58e00000) (1024K)]
  0x00000211e7126be0 JavaThread "ForkJoinPool.commonPool-worker-8" daemon [_thread_blocked, id=13684, stack(0x0000003b58e00000,0x0000003b58f00000) (1024K)]
  0x00000211e7127f90 JavaThread "ForkJoinPool.commonPool-worker-10" daemon [_thread_blocked, id=3500, stack(0x0000003b58f00000,0x0000003b59000000) (1024K)]
  0x00000211e7125830 JavaThread "ForkJoinPool.commonPool-worker-7" daemon [_thread_blocked, id=15952, stack(0x0000003b59000000,0x0000003b59100000) (1024K)]
  0x00000211e7127270 JavaThread "ForkJoinPool.commonPool-worker-9" daemon [_thread_blocked, id=4796, stack(0x0000003b59100000,0x0000003b59200000) (1024K)]
  0x00000211e7128cb0 JavaThread "ForkJoinPool.commonPool-worker-11" daemon [_thread_blocked, id=25468, stack(0x0000003b59200000,0x0000003b59300000) (1024K)]
  0x00000211e712ad80 JavaThread "Worker-5"                          [_thread_blocked, id=19564, stack(0x0000003b59300000,0x0000003b59400000) (1024K)]
  0x00000211e89b3050 JavaThread "C2 CompilerThread2"         daemon [_thread_in_native, id=2696, stack(0x0000003b57100000,0x0000003b57200000) (1024K)]
Total: 55

Other Threads:
  0x00000211df001170 VMThread "VM Thread"                           [id=25700, stack(0x0000003b55200000,0x0000003b55300000) (1024K)]
  0x00000211ddb9ca10 WatcherThread "VM Periodic Task Thread"        [id=5800, stack(0x0000003b55100000,0x0000003b55200000) (1024K)]
  0x00000211c7230360 WorkerThread "GC Thread#0"                     [id=21628, stack(0x0000003b55000000,0x0000003b55100000) (1024K)]
  0x00000211e4402e70 WorkerThread "GC Thread#1"                     [id=23348, stack(0x0000003b55f00000,0x0000003b56000000) (1024K)]
  0x00000211e4408910 WorkerThread "GC Thread#2"                     [id=14048, stack(0x0000003b56000000,0x0000003b56100000) (1024K)]
  0x00000211e4865210 WorkerThread "GC Thread#3"                     [id=1324, stack(0x0000003b56100000,0x0000003b56200000) (1024K)]
  0x00000211e48655c0 WorkerThread "GC Thread#4"                     [id=13720, stack(0x0000003b56200000,0x0000003b56300000) (1024K)]
  0x00000211e43b8280 WorkerThread "GC Thread#5"                     [id=14816, stack(0x0000003b56300000,0x0000003b56400000) (1024K)]
  0x00000211e43b8630 WorkerThread "GC Thread#6"                     [id=19356, stack(0x0000003b56400000,0x0000003b56500000) (1024K)]
  0x00000211e45f8b40 WorkerThread "GC Thread#7"                     [id=20624, stack(0x0000003b55e00000,0x0000003b55f00000) (1024K)]
  0x00000211e45f8030 WorkerThread "GC Thread#8"                     [id=15808, stack(0x0000003b56a00000,0x0000003b56b00000) (1024K)]
  0x00000211e45f8ef0 WorkerThread "GC Thread#9"                     [id=14648, stack(0x0000003b56b00000,0x0000003b56c00000) (1024K)]
Total: 12

Threads with active compile tasks:
C2 CompilerThread0  38924 12581       4       lombok.eclipse.handlers.EclipseHandlerUtil::setGeneratedBy (10 bytes)
C2 CompilerThread1  38925 12410   !   4       lombok.core.FieldAugment$ReflectionFieldAugment::getAndSet (80 bytes)
C2 CompilerThread2  38925 12522       4       lombok.eclipse.EclipseAST::drill (80 bytes)
Total: 3

VM state: not at safepoint (normal execution)

VM Mutex/Monitor currently owned by a thread: None

Heap address: 0x0000000080000000, size: 2048 MB, Compressed Oops mode: 32-bit

CDS archive(s) mapped at: [0x0000021180000000-0x0000021180ba0000-0x0000021180ba0000), size 12189696, SharedBaseAddress: 0x0000021180000000, ArchiveRelocationMode: 1.
Compressed class space mapped at: 0x0000021181000000-0x00000211c1000000, reserved size: 1073741824
Narrow klass base: 0x0000021180000000, Narrow klass shift: 0, Narrow klass range: 0x100000000

GC Precious Log:
 CardTable entry size: 512
 CPUs: 12 total, 12 available
 Memory: 15713M
 Large Page Support: Disabled
 NUMA Support: Disabled
 Compressed Oops: Enabled (32-bit)
 Alignments: Space 512K, Generation 512K, Heap 2M
 Heap Min Capacity: 100M
 Heap Initial Capacity: 100M
 Heap Max Capacity: 2G
 Pre-touch: Disabled
 Parallel Workers: 10

Heap:
 PSYoungGen      total 3584K, used 3207K [0x00000000d5580000, 0x00000000d5a80000, 0x0000000100000000)
  eden space 3072K, 87% used [0x00000000d5580000,0x00000000d5821ec0,0x00000000d5880000)
  from space 512K, 100% used [0x00000000d5900000,0x00000000d5980000,0x00000000d5980000)
  to   space 1024K, 0% used [0x00000000d5980000,0x00000000d5980000,0x00000000d5a80000)
 ParOldGen       total 167936K, used 167495K [0x0000000080000000, 0x000000008a400000, 0x00000000d5580000)
  object space 167936K, 99% used [0x0000000080000000,0x000000008a391de8,0x000000008a400000)
 Metaspace       used 64763K, committed 66240K, reserved 1114112K
  class space    used 6869K, committed 7488K, reserved 1048576K

Card table byte_map: [0x00000211c6bb0000,0x00000211c6fc0000] _byte_map_base: 0x00000211c67b0000

Marking Bits: (ParMarkBitMap*) 0x00007ff9ef283450
 Begin Bits: [0x00000211d96c0000, 0x00000211db6c0000)
 End Bits:   [0x00000211db6c0000, 0x00000211dd6c0000)

Polling page: 0x00000211c50e0000

Metaspace:

Usage:
  Non-class:     56.54 MB used.
      Class:      6.71 MB used.
       Both:     63.25 MB used.

Virtual space:
  Non-class space:       64.00 MB reserved,      57.38 MB ( 90%) committed,  1 nodes.
      Class space:        1.00 GB reserved,       7.31 MB ( <1%) committed,  1 nodes.
             Both:        1.06 GB reserved,      64.69 MB (  6%) committed. 

Chunk freelists:
   Non-Class:  6.66 MB
       Class:  8.50 MB
        Both:  15.16 MB

MaxMetaspaceSize: unlimited
CompressedClassSpaceSize: 1.00 GB
Initial GC threshold: 21.00 MB
Current GC threshold: 97.19 MB
CDS: on
 - commit_granule_bytes: 65536.
 - commit_granule_words: 8192.
 - virtual_space_node_default_size: 8388608.
 - enlarge_chunks_in_place: 1.
 - use_allocation_guard: 0.


Internal statistics:

num_allocs_failed_limit: 6.
num_arena_births: 1364.
num_arena_deaths: 22.
num_vsnodes_births: 2.
num_vsnodes_deaths: 0.
num_space_committed: 1035.
num_space_uncommitted: 0.
num_chunks_returned_to_freelist: 31.
num_chunks_taken_from_freelist: 4602.
num_chunk_merges: 16.
num_chunk_splits: 2742.
num_chunks_enlarged: 1397.
num_inconsistent_stats: 0.

CodeHeap 'non-profiled nmethods': size=120000Kb used=8087Kb max_used=8087Kb free=111912Kb
 bounds [0x00000211d1ee0000, 0x00000211d26d0000, 0x00000211d9410000]
CodeHeap 'profiled nmethods': size=120000Kb used=26742Kb max_used=26742Kb free=93258Kb
 bounds [0x00000211ca410000, 0x00000211cbe30000, 0x00000211d1940000]
CodeHeap 'non-nmethods': size=5760Kb used=1432Kb max_used=1512Kb free=4327Kb
 bounds [0x00000211d1940000, 0x00000211d1bb0000, 0x00000211d1ee0000]
CodeCache: size=245760Kb, used=36261Kb, max_used=36341Kb, free=209497Kb
 total_blobs=12547, nmethods=11806, adapters=646, full_count=0
Compilation: enabled, stopped_count=0, restarted_count=0

Compilation events (20 events):
Event: 37.917 Thread 0x00000211c72ba7a0 12581       4       lombok.eclipse.handlers.EclipseHandlerUtil::setGeneratedBy (10 bytes)
Event: 37.922 Thread 0x00000211df062530 nmethod 12576 0x00000211cbdeb690 code [0x00000211cbdf06e0, 0x00000211cbe235b0]
Event: 37.923 Thread 0x00000211df062530 12580       2       java.util.regex.Pattern::addFlag (217 bytes)
Event: 37.924 Thread 0x00000211df062530 nmethod 12580 0x00000211cbe29c10 code [0x00000211cbe29de0, 0x00000211cbe2a0e8]
Event: 37.924 Thread 0x00000211df062530 12582       2       org.eclipse.jdt.internal.core.CompilationUnitStructureRequestor::createField (18 bytes)
Event: 37.925 Thread 0x00000211df062530 nmethod 12582 0x00000211cbe2a290 code [0x00000211cbe2a440, 0x00000211cbe2a650]
Event: 37.925 Thread 0x00000211df062530 12574       2       org.eclipse.jdt.internal.compiler.parser.Scanner::atTextBlockStart (6 bytes)
Event: 37.925 Thread 0x00000211df062530 nmethod 12574 0x00000211cbe2a810 code [0x00000211cbe2a9c0, 0x00000211cbe2aaf0]
Event: 37.925 Thread 0x00000211df062530 12578       2       org.eclipse.jdt.internal.compiler.parser.Parser::consumeEnterMemberValue (23 bytes)
Event: 37.926 Thread 0x00000211df062530 nmethod 12578 0x00000211cbe2ab90 code [0x00000211cbe2ad40, 0x00000211cbe2af98]
Event: 37.926 Thread 0x00000211df062530 12579       2       org.eclipse.jdt.internal.compiler.parser.Parser::consumeExitMemberValue (28 bytes)
Event: 37.926 Thread 0x00000211df062530 nmethod 12579 0x00000211cbe2b110 code [0x00000211cbe2b2c0, 0x00000211cbe2b540]
Event: 37.926 Thread 0x00000211df062530 12571       2       org.eclipse.core.internal.resources.AliasManager$HashMapWithSortedKeys::get (9 bytes)
Event: 37.926 Thread 0x00000211df062530 nmethod 12571 0x00000211cbe2b690 code [0x00000211cbe2b840, 0x00000211cbe2b978]
Event: 37.926 Thread 0x00000211df062530 12577   !   2       org.eclipse.osgi.internal.framework.EquinoxBundle::loadClass (275 bytes)
Event: 37.931 Thread 0x00000211df062530 nmethod 12577 0x00000211cbe2ba10 code [0x00000211cbe2bd80, 0x00000211cbe2cbf8]
Event: 37.931 Thread 0x00000211df062530 12572       1       org.eclipse.core.internal.content.ContentTypeMatcher::getContext (5 bytes)
Event: 37.931 Thread 0x00000211df062530 nmethod 12572 0x00000211d26c5710 code [0x00000211d26c58a0, 0x00000211d26c5968]
Event: 37.931 Thread 0x00000211df062530 12575       1       org.eclipse.jdt.internal.compiler.parser.Parser::getFirstToken (5 bytes)
Event: 37.931 Thread 0x00000211df062530 nmethod 12575 0x00000211d26c5a10 code [0x00000211d26c5ba0, 0x00000211d26c5c70]

GC Heap History (20 events):
Event: 37.471 GC heap before
{Heap before GC invocations=536 (full 3):
 PSYoungGen      total 3584K, used 3552K [0x00000000d5580000, 0x00000000d5a80000, 0x0000000100000000)
  eden space 3072K, 100% used [0x00000000d5580000,0x00000000d5880000,0x00000000d5880000)
  from space 512K, 93% used [0x00000000d5900000,0x00000000d5978010,0x00000000d5980000)
  to   space 1024K, 0% used [0x00000000d5980000,0x00000000d5980000,0x00000000d5a80000)
 ParOldGen       total 165376K, used 165290K [0x0000000080000000, 0x000000008a180000, 0x00000000d5580000)
  object space 165376K, 99% used [0x0000000080000000,0x000000008a16a968,0x000000008a180000)
 Metaspace       used 64672K, committed 66176K, reserved 1114112K
  class space    used 6865K, committed 7488K, reserved 1048576K
}
Event: 37.473 GC heap after
{Heap after GC invocations=536 (full 3):
 PSYoungGen      total 4096K, used 448K [0x00000000d5580000, 0x00000000d5a80000, 0x0000000100000000)
  eden space 3072K, 0% used [0x00000000d5580000,0x00000000d5580000,0x00000000d5880000)
  from space 1024K, 43% used [0x00000000d5980000,0x00000000d59f0000,0x00000000d5a80000)
  to   space 1024K, 0% used [0x00000000d5880000,0x00000000d5880000,0x00000000d5980000)
 ParOldGen       total 165888K, used 165690K [0x0000000080000000, 0x000000008a200000, 0x00000000d5580000)
  object space 165888K, 99% used [0x0000000080000000,0x000000008a1ce978,0x000000008a200000)
 Metaspace       used 64672K, committed 66176K, reserved 1114112K
  class space    used 6865K, committed 7488K, reserved 1048576K
}
Event: 37.503 GC heap before
{Heap before GC invocations=537 (full 3):
 PSYoungGen      total 4096K, used 3520K [0x00000000d5580000, 0x00000000d5a80000, 0x0000000100000000)
  eden space 3072K, 100% used [0x00000000d5580000,0x00000000d5880000,0x00000000d5880000)
  from space 1024K, 43% used [0x00000000d5980000,0x00000000d59f0000,0x00000000d5a80000)
  to   space 1024K, 0% used [0x00000000d5880000,0x00000000d5880000,0x00000000d5980000)
 ParOldGen       total 165888K, used 165690K [0x0000000080000000, 0x000000008a200000, 0x00000000d5580000)
  object space 165888K, 99% used [0x0000000080000000,0x000000008a1ce978,0x000000008a200000)
 Metaspace       used 64676K, committed 66176K, reserved 1114112K
  class space    used 6865K, committed 7488K, reserved 1048576K
}
Event: 37.506 GC heap after
{Heap after GC invocations=537 (full 3):
 PSYoungGen      total 4096K, used 320K [0x00000000d5580000, 0x00000000d5a00000, 0x0000000100000000)
  eden space 3072K, 0% used [0x00000000d5580000,0x00000000d5580000,0x00000000d5880000)
  from space 1024K, 31% used [0x00000000d5880000,0x00000000d58d0000,0x00000000d5980000)
  to   space 512K, 0% used [0x00000000d5980000,0x00000000d5980000,0x00000000d5a00000)
 ParOldGen       total 166400K, used 166018K [0x0000000080000000, 0x000000008a280000, 0x00000000d5580000)
  object space 166400K, 99% used [0x0000000080000000,0x000000008a220bf8,0x000000008a280000)
 Metaspace       used 64676K, committed 66176K, reserved 1114112K
  class space    used 6865K, committed 7488K, reserved 1048576K
}
Event: 37.552 GC heap before
{Heap before GC invocations=538 (full 3):
 PSYoungGen      total 4096K, used 3392K [0x00000000d5580000, 0x00000000d5a00000, 0x0000000100000000)
  eden space 3072K, 100% used [0x00000000d5580000,0x00000000d5880000,0x00000000d5880000)
  from space 1024K, 31% used [0x00000000d5880000,0x00000000d58d0000,0x00000000d5980000)
  to   space 512K, 0% used [0x00000000d5980000,0x00000000d5980000,0x00000000d5a00000)
 ParOldGen       total 166400K, used 166018K [0x0000000080000000, 0x000000008a280000, 0x00000000d5580000)
  object space 166400K, 99% used [0x0000000080000000,0x000000008a220bf8,0x000000008a280000)
 Metaspace       used 64684K, committed 66176K, reserved 1114112K
  class space    used 6865K, committed 7488K, reserved 1048576K
}
Event: 37.555 GC heap after
{Heap after GC invocations=538 (full 3):
 PSYoungGen      total 3584K, used 480K [0x00000000d5580000, 0x00000000d5a00000, 0x0000000100000000)
  eden space 3072K, 0% used [0x00000000d5580000,0x00000000d5580000,0x00000000d5880000)
  from space 512K, 93% used [0x00000000d5980000,0x00000000d59f8020,0x00000000d5a00000)
  to   space 512K, 0% used [0x00000000d5900000,0x00000000d5900000,0x00000000d5980000)
 ParOldGen       total 166400K, used 166251K [0x0000000080000000, 0x000000008a280000, 0x00000000d5580000)
  object space 166400K, 99% used [0x0000000080000000,0x000000008a25ac18,0x000000008a280000)
 Metaspace       used 64684K, committed 66176K, reserved 1114112K
  class space    used 6865K, committed 7488K, reserved 1048576K
}
Event: 37.607 GC heap before
{Heap before GC invocations=539 (full 3):
 PSYoungGen      total 3584K, used 3552K [0x00000000d5580000, 0x00000000d5a00000, 0x0000000100000000)
  eden space 3072K, 100% used [0x00000000d5580000,0x00000000d5880000,0x00000000d5880000)
  from space 512K, 93% used [0x00000000d5980000,0x00000000d59f8020,0x00000000d5a00000)
  to   space 512K, 0% used [0x00000000d5900000,0x00000000d5900000,0x00000000d5980000)
 ParOldGen       total 166400K, used 166251K [0x0000000080000000, 0x000000008a280000, 0x00000000d5580000)
  object space 166400K, 99% used [0x0000000080000000,0x000000008a25ac18,0x000000008a280000)
 Metaspace       used 64702K, committed 66176K, reserved 1114112K
  class space    used 6865K, committed 7488K, reserved 1048576K
}
Event: 37.609 GC heap after
{Heap after GC invocations=539 (full 3):
 PSYoungGen      total 3584K, used 352K [0x00000000d5580000, 0x00000000d5a00000, 0x0000000100000000)
  eden space 3072K, 0% used [0x00000000d5580000,0x00000000d5580000,0x00000000d5880000)
  from space 512K, 68% used [0x00000000d5900000,0x00000000d5958000,0x00000000d5980000)
  to   space 512K, 0% used [0x00000000d5980000,0x00000000d5980000,0x00000000d5a00000)
 ParOldGen       total 166400K, used 166360K [0x0000000080000000, 0x000000008a280000, 0x00000000d5580000)
  object space 166400K, 99% used [0x0000000080000000,0x000000008a2760b0,0x000000008a280000)
 Metaspace       used 64702K, committed 66176K, reserved 1114112K
  class space    used 6865K, committed 7488K, reserved 1048576K
}
Event: 37.660 GC heap before
{Heap before GC invocations=540 (full 3):
 PSYoungGen      total 3584K, used 3424K [0x00000000d5580000, 0x00000000d5a00000, 0x0000000100000000)
  eden space 3072K, 100% used [0x00000000d5580000,0x00000000d5880000,0x00000000d5880000)
  from space 512K, 68% used [0x00000000d5900000,0x00000000d5958000,0x00000000d5980000)
  to   space 512K, 0% used [0x00000000d5980000,0x00000000d5980000,0x00000000d5a00000)
 ParOldGen       total 166400K, used 166360K [0x0000000080000000, 0x000000008a280000, 0x00000000d5580000)
  object space 166400K, 99% used [0x0000000080000000,0x000000008a2760b0,0x000000008a280000)
 Metaspace       used 64715K, committed 66176K, reserved 1114112K
  class space    used 6865K, committed 7488K, reserved 1048576K
}
Event: 37.664 GC heap after
{Heap after GC invocations=540 (full 3):
 PSYoungGen      total 3584K, used 320K [0x00000000d5580000, 0x00000000d5a00000, 0x0000000100000000)
  eden space 3072K, 0% used [0x00000000d5580000,0x00000000d5580000,0x00000000d5880000)
  from space 512K, 62% used [0x00000000d5980000,0x00000000d59d0000,0x00000000d5a00000)
  to   space 512K, 0% used [0x00000000d5900000,0x00000000d5900000,0x00000000d5980000)
 ParOldGen       total 166912K, used 166496K [0x0000000080000000, 0x000000008a300000, 0x00000000d5580000)
  object space 166912K, 99% used [0x0000000080000000,0x000000008a2980b0,0x000000008a300000)
 Metaspace       used 64715K, committed 66176K, reserved 1114112K
  class space    used 6865K, committed 7488K, reserved 1048576K
}
Event: 37.717 GC heap before
{Heap before GC invocations=541 (full 3):
 PSYoungGen      total 3584K, used 3392K [0x00000000d5580000, 0x00000000d5a00000, 0x0000000100000000)
  eden space 3072K, 100% used [0x00000000d5580000,0x00000000d5880000,0x00000000d5880000)
  from space 512K, 62% used [0x00000000d5980000,0x00000000d59d0000,0x00000000d5a00000)
  to   space 512K, 0% used [0x00000000d5900000,0x00000000d5900000,0x00000000d5980000)
 ParOldGen       total 166912K, used 166496K [0x0000000080000000, 0x000000008a300000, 0x00000000d5580000)
  object space 166912K, 99% used [0x0000000080000000,0x000000008a2980b0,0x000000008a300000)
 Metaspace       used 64717K, committed 66176K, reserved 1114112K
  class space    used 6865K, committed 7488K, reserved 1048576K
}
Event: 37.719 GC heap after
{Heap after GC invocations=541 (full 3):
 PSYoungGen      total 3584K, used 320K [0x00000000d5580000, 0x00000000d5a00000, 0x0000000100000000)
  eden space 3072K, 0% used [0x00000000d5580000,0x00000000d5580000,0x00000000d5880000)
  from space 512K, 62% used [0x00000000d5900000,0x00000000d5950000,0x00000000d5980000)
  to   space 512K, 0% used [0x00000000d5980000,0x00000000d5980000,0x00000000d5a00000)
 ParOldGen       total 166912K, used 166592K [0x0000000080000000, 0x000000008a300000, 0x00000000d5580000)
  object space 166912K, 99% used [0x0000000080000000,0x000000008a2b00b0,0x000000008a300000)
 Metaspace       used 64717K, committed 66176K, reserved 1114112K
  class space    used 6865K, committed 7488K, reserved 1048576K
}
Event: 37.755 GC heap before
{Heap before GC invocations=542 (full 3):
 PSYoungGen      total 3584K, used 3378K [0x00000000d5580000, 0x00000000d5a00000, 0x0000000100000000)
  eden space 3072K, 99% used [0x00000000d5580000,0x00000000d587c920,0x00000000d5880000)
  from space 512K, 62% used [0x00000000d5900000,0x00000000d5950000,0x00000000d5980000)
  to   space 512K, 0% used [0x00000000d5980000,0x00000000d5980000,0x00000000d5a00000)
 ParOldGen       total 166912K, used 166592K [0x0000000080000000, 0x000000008a300000, 0x00000000d5580000)
  object space 166912K, 99% used [0x0000000080000000,0x000000008a2b00b0,0x000000008a300000)
 Metaspace       used 64720K, committed 66240K, reserved 1114112K
  class space    used 6865K, committed 7488K, reserved 1048576K
}
Event: 37.757 GC heap after
{Heap after GC invocations=542 (full 3):
 PSYoungGen      total 3584K, used 224K [0x00000000d5580000, 0x00000000d5a00000, 0x0000000100000000)
  eden space 3072K, 0% used [0x00000000d5580000,0x00000000d5580000,0x00000000d5880000)
  from space 512K, 43% used [0x00000000d5980000,0x00000000d59b8000,0x00000000d5a00000)
  to   space 512K, 0% used [0x00000000d5900000,0x00000000d5900000,0x00000000d5980000)
 ParOldGen       total 166912K, used 166774K [0x0000000080000000, 0x000000008a300000, 0x00000000d5580000)
  object space 166912K, 99% used [0x0000000080000000,0x000000008a2dd8b8,0x000000008a300000)
 Metaspace       used 64720K, committed 66240K, reserved 1114112K
  class space    used 6865K, committed 7488K, reserved 1048576K
}
Event: 37.798 GC heap before
{Heap before GC invocations=543 (full 3):
 PSYoungGen      total 3584K, used 3296K [0x00000000d5580000, 0x00000000d5a00000, 0x0000000100000000)
  eden space 3072K, 100% used [0x00000000d5580000,0x00000000d5880000,0x00000000d5880000)
  from space 512K, 43% used [0x00000000d5980000,0x00000000d59b8000,0x00000000d5a00000)
  to   space 512K, 0% used [0x00000000d5900000,0x00000000d5900000,0x00000000d5980000)
 ParOldGen       total 166912K, used 166774K [0x0000000080000000, 0x000000008a300000, 0x00000000d5580000)
  object space 166912K, 99% used [0x0000000080000000,0x000000008a2dd8b8,0x000000008a300000)
 Metaspace       used 64730K, committed 66240K, reserved 1114112K
  class space    used 6865K, committed 7488K, reserved 1048576K
}
Event: 37.800 GC heap after
{Heap after GC invocations=543 (full 3):
 PSYoungGen      total 3584K, used 496K [0x00000000d5580000, 0x00000000d5a80000, 0x0000000100000000)
  eden space 3072K, 0% used [0x00000000d5580000,0x00000000d5580000,0x00000000d5880000)
  from space 512K, 96% used [0x00000000d5900000,0x00000000d597c010,0x00000000d5980000)
  to   space 1024K, 0% used [0x00000000d5980000,0x00000000d5980000,0x00000000d5a80000)
 ParOldGen       total 167424K, used 166934K [0x0000000080000000, 0x000000008a380000, 0x00000000d5580000)
  object space 167424K, 99% used [0x0000000080000000,0x000000008a3058c8,0x000000008a380000)
 Metaspace       used 64730K, committed 66240K, reserved 1114112K
  class space    used 6865K, committed 7488K, reserved 1048576K
}
Event: 37.824 GC heap before
{Heap before GC invocations=544 (full 3):
 PSYoungGen      total 3584K, used 3568K [0x00000000d5580000, 0x00000000d5a80000, 0x0000000100000000)
  eden space 3072K, 100% used [0x00000000d5580000,0x00000000d5880000,0x00000000d5880000)
  from space 512K, 96% used [0x00000000d5900000,0x00000000d597c010,0x00000000d5980000)
  to   space 1024K, 0% used [0x00000000d5980000,0x00000000d5980000,0x00000000d5a80000)
 ParOldGen       total 167424K, used 166934K [0x0000000080000000, 0x000000008a380000, 0x00000000d5580000)
  object space 167424K, 99% used [0x0000000080000000,0x000000008a3058c8,0x000000008a380000)
 Metaspace       used 64731K, committed 66240K, reserved 1114112K
  class space    used 6865K, committed 7488K, reserved 1048576K
}
Event: 37.826 GC heap after
{Heap after GC invocations=544 (full 3):
 PSYoungGen      total 3584K, used 256K [0x00000000d5580000, 0x00000000d5a00000, 0x0000000100000000)
  eden space 3072K, 0% used [0x00000000d5580000,0x00000000d5580000,0x00000000d5880000)
  from space 512K, 50% used [0x00000000d5980000,0x00000000d59c0000,0x00000000d5a00000)
  to   space 512K, 0% used [0x00000000d5900000,0x00000000d5900000,0x00000000d5980000)
 ParOldGen       total 167424K, used 167335K [0x0000000080000000, 0x000000008a380000, 0x00000000d5580000)
  object space 167424K, 99% used [0x0000000080000000,0x000000008a369dc8,0x000000008a380000)
 Metaspace       used 64731K, committed 66240K, reserved 1114112K
  class space    used 6865K, committed 7488K, reserved 1048576K
}
Event: 37.899 GC heap before
{Heap before GC invocations=545 (full 3):
 PSYoungGen      total 3584K, used 3327K [0x00000000d5580000, 0x00000000d5a00000, 0x0000000100000000)
  eden space 3072K, 99% used [0x00000000d5580000,0x00000000d587fff0,0x00000000d5880000)
  from space 512K, 50% used [0x00000000d5980000,0x00000000d59c0000,0x00000000d5a00000)
  to   space 512K, 0% used [0x00000000d5900000,0x00000000d5900000,0x00000000d5980000)
 ParOldGen       total 167424K, used 167335K [0x0000000080000000, 0x000000008a380000, 0x00000000d5580000)
  object space 167424K, 99% used [0x0000000080000000,0x000000008a369dc8,0x000000008a380000)
 Metaspace       used 64742K, committed 66240K, reserved 1114112K
  class space    used 6866K, committed 7488K, reserved 1048576K
}
Event: 37.902 GC heap after
{Heap after GC invocations=545 (full 3):
 PSYoungGen      total 3584K, used 512K [0x00000000d5580000, 0x00000000d5a80000, 0x0000000100000000)
  eden space 3072K, 0% used [0x00000000d5580000,0x00000000d5580000,0x00000000d5880000)
  from space 512K, 100% used [0x00000000d5900000,0x00000000d5980000,0x00000000d5980000)
  to   space 1024K, 0% used [0x00000000d5980000,0x00000000d5980000,0x00000000d5a80000)
 ParOldGen       total 167936K, used 167495K [0x0000000080000000, 0x000000008a400000, 0x00000000d5580000)
  object space 167936K, 99% used [0x0000000080000000,0x000000008a391de8,0x000000008a400000)
 Metaspace       used 64742K, committed 66240K, reserved 1114112K
  class space    used 6866K, committed 7488K, reserved 1048576K
}

Dll operation events (10 events):
Event: 0.037 Loaded shared library c:\Users\PC\.vscode\extensions\redhat.java-1.54.0-win32-x64\jre\21.0.10-win32-x86_64\bin\java.dll
Event: 0.236 Loaded shared library c:\Users\PC\.vscode\extensions\redhat.java-1.54.0-win32-x64\jre\21.0.10-win32-x86_64\bin\zip.dll
Event: 0.336 Loaded shared library C:\Users\PC\.vscode\extensions\redhat.java-1.54.0-win32-x64\jre\21.0.10-win32-x86_64\bin\instrument.dll
Event: 0.348 Loaded shared library C:\Users\PC\.vscode\extensions\redhat.java-1.54.0-win32-x64\jre\21.0.10-win32-x86_64\bin\net.dll
Event: 0.353 Loaded shared library C:\Users\PC\.vscode\extensions\redhat.java-1.54.0-win32-x64\jre\21.0.10-win32-x86_64\bin\nio.dll
Event: 0.361 Loaded shared library C:\Users\PC\.vscode\extensions\redhat.java-1.54.0-win32-x64\jre\21.0.10-win32-x86_64\bin\zip.dll
Event: 0.414 Loaded shared library C:\Users\PC\.vscode\extensions\redhat.java-1.54.0-win32-x64\jre\21.0.10-win32-x86_64\bin\jimage.dll
Event: 0.611 Loaded shared library c:\Users\PC\.vscode\extensions\redhat.java-1.54.0-win32-x64\jre\21.0.10-win32-x86_64\bin\verify.dll
Event: 3.420 Loaded shared library C:\Users\PC\AppData\Roaming\Code\User\globalStorage\redhat.java\1.54.0\config_win\org.eclipse.equinox.launcher\org.eclipse.equinox.launcher.win32.win32.x86_64_1.3.0.v20260203-2149\eclipse_11919.dll
Event: 8.993 Loaded shared library C:\Users\PC\AppData\Local\Temp\jna-2547\jna6828348578130505038.dll

Deoptimization events (20 events):
Event: 37.546 Thread 0x00000211e4ae9250 DEOPT PACKING pc=0x00000211cbbefb5a sp=0x0000003b576fde50
Event: 37.546 Thread 0x00000211e4ae9250 DEOPT UNPACKING pc=0x00000211d1994242 sp=0x0000003b576fd358 mode 0
Event: 37.655 Thread 0x00000211e4ae9250 Uncommon trap: trap_request=0xffffff45 fr.pc=0x00000211d265914c relative=0x0000000000000d6c
Event: 37.655 Thread 0x00000211e4ae9250 Uncommon trap: reason=unstable_if action=reinterpret pc=0x00000211d265914c method=lombok.core.configuration.FileSystemSourceCache.parseIfNeccesary(Llombok/core/configuration/ConfigurationFile;Llombok/core/configuration/ConfigurationParser;)Llombok/core/co
Event: 37.655 Thread 0x00000211e4ae9250 DEOPT PACKING pc=0x00000211d265914c sp=0x0000003b576fe550
Event: 37.655 Thread 0x00000211e4ae9250 DEOPT UNPACKING pc=0x00000211d1993aa2 sp=0x0000003b576fe398 mode 2
Event: 37.667 Thread 0x00000211e4ae9250 Uncommon trap: trap_request=0xffffff45 fr.pc=0x00000211d265fdc0 relative=0x0000000000000940
Event: 37.667 Thread 0x00000211e4ae9250 Uncommon trap: reason=unstable_if action=reinterpret pc=0x00000211d265fdc0 method=lombok.core.configuration.FileSystemSourceCache.parseIfNeccesary(Llombok/core/configuration/ConfigurationFile;Llombok/core/configuration/ConfigurationParser;)Llombok/core/co
Event: 37.668 Thread 0x00000211e4ae9250 DEOPT PACKING pc=0x00000211d265fdc0 sp=0x0000003b576fd950
Event: 37.668 Thread 0x00000211e4ae9250 DEOPT UNPACKING pc=0x00000211d1993aa2 sp=0x0000003b576fd820 mode 2
Event: 37.668 Thread 0x00000211e4ae9250 Uncommon trap: trap_request=0xffffff45 fr.pc=0x00000211d263a3b4 relative=0x0000000000000594
Event: 37.668 Thread 0x00000211e4ae9250 Uncommon trap: reason=unstable_if action=reinterpret pc=0x00000211d263a3b4 method=lombok.core.configuration.FileSystemSourceCache.parseIfNeccesary(Llombok/core/configuration/ConfigurationFile;Llombok/core/configuration/ConfigurationParser;)Llombok/core/co
Event: 37.668 Thread 0x00000211e4ae9250 DEOPT PACKING pc=0x00000211d263a3b4 sp=0x0000003b576fd8a0
Event: 37.668 Thread 0x00000211e4ae9250 DEOPT UNPACKING pc=0x00000211d1993aa2 sp=0x0000003b576fd838 mode 2
Event: 37.731 Thread 0x00000211e4ae9250 DEOPT PACKING pc=0x00000211cbbefb5a sp=0x0000003b576fd920
Event: 37.731 Thread 0x00000211e4ae9250 DEOPT UNPACKING pc=0x00000211d1994242 sp=0x0000003b576fce20 mode 0
Event: 37.854 Thread 0x00000211e4ae9250 Uncommon trap: trap_request=0xffffff45 fr.pc=0x00000211d26b800c relative=0x000000000000346c
Event: 37.854 Thread 0x00000211e4ae9250 Uncommon trap: reason=unstable_if action=reinterpret pc=0x00000211d26b800c method=org.eclipse.jdt.internal.compiler.parser.Parser.consumeRule(I)V @ 1 c2
Event: 37.854 Thread 0x00000211e4ae9250 DEOPT PACKING pc=0x00000211d26b800c sp=0x0000003b576fea00
Event: 37.854 Thread 0x00000211e4ae9250 DEOPT UNPACKING pc=0x00000211d1993aa2 sp=0x0000003b576fe9a0 mode 2

Classes loaded (20 events):
Event: 34.922 Loading class java/util/Vector$1
Event: 34.923 Loading class java/util/Vector$1 done
Event: 35.896 Loading class java/util/stream/ReduceOps$4
Event: 35.896 Loading class java/util/stream/ReduceOps$4 done
Event: 35.896 Loading class java/util/stream/ReduceOps$4ReducingSink
Event: 35.897 Loading class java/util/stream/ReduceOps$4ReducingSink done
Event: 35.900 Loading class java/nio/file/Files$2
Event: 35.900 Loading class java/nio/file/Files$2 done
Event: 36.136 Loading class java/util/Hashtable$ValueCollection
Event: 36.136 Loading class java/util/Hashtable$ValueCollection done
Event: 36.948 Loading class java/util/stream/ReferencePipeline$4
Event: 36.949 Loading class java/util/stream/ReferencePipeline$4 done
Event: 36.949 Loading class java/util/stream/Nodes$IntFixedNodeBuilder
Event: 36.950 Loading class java/util/stream/Node$Builder$OfInt
Event: 36.950 Loading class java/util/stream/Node$Builder$OfInt done
Event: 36.950 Loading class java/util/stream/Nodes$IntArrayNode
Event: 36.950 Loading class java/util/stream/Nodes$IntArrayNode done
Event: 36.950 Loading class java/util/stream/Nodes$IntFixedNodeBuilder done
Event: 36.951 Loading class java/util/stream/ReferencePipeline$4$1
Event: 36.951 Loading class java/util/stream/ReferencePipeline$4$1 done

Classes unloaded (11 events):
Event: 10.249 Thread 0x00000211df001170 Unloading class 0x00000211811af400 'java/lang/invoke/LambdaForm$MH+0x00000211811af400'
Event: 10.249 Thread 0x00000211df001170 Unloading class 0x00000211811af000 'java/lang/invoke/LambdaForm$MH+0x00000211811af000'
Event: 10.249 Thread 0x00000211df001170 Unloading class 0x00000211811aec00 'java/lang/invoke/LambdaForm$MH+0x00000211811aec00'
Event: 10.249 Thread 0x00000211df001170 Unloading class 0x00000211811ae800 'java/lang/invoke/LambdaForm$MH+0x00000211811ae800'
Event: 10.249 Thread 0x00000211df001170 Unloading class 0x00000211811ae400 'java/lang/invoke/LambdaForm$BMH+0x00000211811ae400'
Event: 10.249 Thread 0x00000211df001170 Unloading class 0x00000211811ae000 'java/lang/invoke/LambdaForm$DMH+0x00000211811ae000'
Event: 10.249 Thread 0x00000211df001170 Unloading class 0x00000211811acc00 'java/lang/invoke/LambdaForm$DMH+0x00000211811acc00'
Event: 32.894 Thread 0x00000211df001170 Unloading class 0x0000021181650400 'java/lang/invoke/LambdaForm$DMH+0x0000021181650400'
Event: 32.894 Thread 0x00000211df001170 Unloading class 0x0000021181650000 'java/lang/invoke/LambdaForm$DMH+0x0000021181650000'
Event: 32.894 Thread 0x00000211df001170 Unloading class 0x0000021181649c00 'java/lang/invoke/LambdaForm$DMH+0x0000021181649c00'
Event: 32.894 Thread 0x00000211df001170 Unloading class 0x0000021181649800 'java/lang/invoke/LambdaForm$DMH+0x0000021181649800'

Classes redefined (0 events):
No events

Internal exceptions (20 events):
Event: 29.465 Thread 0x00000211e4ae7810 Exception <a 'java/io/FileNotFoundException'{0x00000000d5794b40}> (0x00000000d5794b40) 
thrown [s\src\hotspot\share\prims\jni.cpp, line 520]
Event: 29.466 Thread 0x00000211e4ae7810 Exception <a 'java/io/FileNotFoundException'{0x00000000d5818988}> (0x00000000d5818988) 
thrown [s\src\hotspot\share\prims\jni.cpp, line 520]
Event: 29.466 Thread 0x00000211e4ae7810 Exception <a 'java/io/FileNotFoundException'{0x00000000d5840e08}> (0x00000000d5840e08) 
thrown [s\src\hotspot\share\prims\jni.cpp, line 520]
Event: 30.538 Thread 0x00000211e4ae7810 Exception <a 'java/lang/NoSuchMethodError'{0x00000000d5789f98}: 'java.lang.Object java.lang.invoke.DirectMethodHandle$Holder.invokeVirtual(java.lang.Object, java.lang.Object, int)'> (0x00000000d5789f98) 
thrown [s\src\hotspot\share\interpreter\linkResolver.cpp, line 773]
Event: 31.080 Thread 0x00000211e4ae7810 Exception <a 'java/lang/NoSuchMethodError'{0x00000000d560ba98}: 'java.lang.Object java.lang.invoke.DirectMethodHandle$Holder.newInvokeSpecial(java.lang.Object, java.lang.Object, int, java.lang.Object, java.lang.Object)'> (0x00000000d560ba98) 
thrown [s\src\hotspot\share\interpreter\linkResolver.cpp, line 773]
Event: 31.141 Thread 0x00000211e4ae7810 Exception <a 'java/lang/NoSuchMethodError'{0x00000000d5790398}: 'java.lang.Object java.lang.invoke.DirectMethodHandle$Holder.invokeStatic(java.lang.Object, java.lang.Object, int, java.lang.Object, java.lang.Object)'> (0x00000000d5790398) 
thrown [s\src\hotspot\share\interpreter\linkResolver.cpp, line 773]
Event: 31.144 Thread 0x00000211e4ae7810 Exception <a 'java/lang/NoSuchMethodError'{0x00000000d57a6a78}: 'java.lang.Object java.lang.invoke.DirectMethodHandle$Holder.newInvokeSpecial(java.lang.Object, java.lang.Object, int)'> (0x00000000d57a6a78) 
thrown [s\src\hotspot\share\interpreter\linkResolver.cpp, line 773]
Event: 31.453 Thread 0x00000211e4ae7810 Exception <a 'java/lang/NoSuchMethodError'{0x00000000d563a710}: 'void java.lang.invoke.DirectMethodHandle$Holder.invokeStatic(java.lang.Object, int)'> (0x00000000d563a710) 
thrown [s\src\hotspot\share\interpreter\linkResolver.cpp, line 773]
Event: 31.937 Thread 0x00000211e4ae7810 Exception <a 'java/io/FileNotFoundException'{0x00000000d55b37b8}> (0x00000000d55b37b8) 
thrown [s\src\hotspot\share\prims\jni.cpp, line 520]
Event: 31.937 Thread 0x00000211e4ae7810 Exception <a 'java/io/FileNotFoundException'{0x00000000d55b4a40}> (0x00000000d55b4a40) 
thrown [s\src\hotspot\share\prims\jni.cpp, line 520]
Event: 31.938 Thread 0x00000211e4ae7810 Exception <a 'java/io/FileNotFoundException'{0x00000000d560c0f8}> (0x00000000d560c0f8) 
thrown [s\src\hotspot\share\prims\jni.cpp, line 520]
Event: 32.316 Thread 0x00000211e4ae7810 Implicit null exception at 0x00000211d219042b to 0x00000211d219161c
Event: 33.868 Thread 0x00000211e7127f90 Exception <a 'java/lang/NoSuchMethodError'{0x00000000d56c85f0}: 'java.lang.Object java.lang.invoke.Invokers$Holder.linkToTargetMethod(java.lang.Object, java.lang.Object, java.lang.Object, int, java.lang.Object, java.lang.Object, java.lang.Object)'> (0x00000000d56c85f0) 
thrown [s\src\hotspot\share\interpreter\linkResolver.cpp, line 773]
Event: 35.903 Thread 0x00000211e7127f90 Exception <a 'java/lang/NoSuchMethodError'{0x00000000d57b9dc0}: 'int java.lang.invoke.DirectMethodHandle$Holder.invokeSpecialIFC(java.lang.Object, java.lang.Object, java.lang.Object)'> (0x00000000d57b9dc0) 
thrown [s\src\hotspot\share\interpreter\linkResolver.cpp, line 773]
Event: 35.997 Thread 0x00000211e4ae9250 Exception <a 'java/lang/NoSuchMethodError'{0x00000000d55a61d8}: 'void java.lang.invoke.DelegatingMethodHandle$Holder.reinvoke_L(java.lang.Object, java.lang.Object, java.lang.Object, int, java.lang.Object, int, int)'> (0x00000000d55a61d8) 
thrown [s\src\hotspot\share\interpreter\linkResolver.cpp, line 773]
Event: 36.166 Thread 0x00000211e4ae9250 Exception <a 'java/lang/NoSuchMethodError'{0x00000000d5802c50}: 'java.lang.Object java.lang.invoke.DirectMethodHandle$Holder.invokeStatic(java.lang.Object, java.lang.Object, int, java.lang.Object)'> (0x00000000d5802c50) 
thrown [s\src\hotspot\share\interpreter\linkResolver.cpp, line 773]
Event: 36.200 Thread 0x00000211e7127f90 Implicit null exception at 0x00000211d26173d7 to 0x00000211d26184b0
Event: 36.521 Thread 0x00000211e4ae9250 Implicit null exception at 0x00000211d26458e5 to 0x00000211d2645d0d
Event: 36.984 Thread 0x00000211e4ae9250 Implicit null exception at 0x00000211d240b5a8 to 0x00000211d240b938
Event: 36.988 Thread 0x00000211e4ae9250 Implicit null exception at 0x00000211d2620b47 to 0x00000211d2621078

ZGC Phase Switch (0 events):
No events

VM Operations (20 events):
Event: 37.471 Executing safepoint VM operation: ParallelGCFailedAllocation (Allocation Failure)
Event: 37.474 Executing safepoint VM operation: ParallelGCFailedAllocation (Allocation Failure) done
Event: 37.503 Executing safepoint VM operation: ParallelGCFailedAllocation (Allocation Failure)
Event: 37.506 Executing safepoint VM operation: ParallelGCFailedAllocation (Allocation Failure) done
Event: 37.552 Executing safepoint VM operation: ParallelGCFailedAllocation (Allocation Failure)
Event: 37.555 Executing safepoint VM operation: ParallelGCFailedAllocation (Allocation Failure) done
Event: 37.607 Executing safepoint VM operation: ParallelGCFailedAllocation (Allocation Failure)
Event: 37.609 Executing safepoint VM operation: ParallelGCFailedAllocation (Allocation Failure) done
Event: 37.660 Executing safepoint VM operation: ParallelGCFailedAllocation (Allocation Failure)
Event: 37.664 Executing safepoint VM operation: ParallelGCFailedAllocation (Allocation Failure) done
Event: 37.717 Executing safepoint VM operation: ParallelGCFailedAllocation (Allocation Failure)
Event: 37.719 Executing safepoint VM operation: ParallelGCFailedAllocation (Allocation Failure) done
Event: 37.755 Executing safepoint VM operation: ParallelGCFailedAllocation (Allocation Failure)
Event: 37.757 Executing safepoint VM operation: ParallelGCFailedAllocation (Allocation Failure) done
Event: 37.798 Executing safepoint VM operation: ParallelGCFailedAllocation (Allocation Failure)
Event: 37.801 Executing safepoint VM operation: ParallelGCFailedAllocation (Allocation Failure) done
Event: 37.824 Executing safepoint VM operation: ParallelGCFailedAllocation (Allocation Failure)
Event: 37.827 Executing safepoint VM operation: ParallelGCFailedAllocation (Allocation Failure) done
Event: 37.899 Executing safepoint VM operation: ParallelGCFailedAllocation (Allocation Failure)
Event: 37.902 Executing safepoint VM operation: ParallelGCFailedAllocation (Allocation Failure) done

Memory protections (0 events):
No events

Nmethod flushes (20 events):
Event: 32.946 Thread 0x00000211df001170 flushing  nmethod 0x00000211cacc9a10
Event: 32.946 Thread 0x00000211df001170 flushing  nmethod 0x00000211cad06690
Event: 32.946 Thread 0x00000211df001170 flushing  nmethod 0x00000211cad06c90
Event: 32.946 Thread 0x00000211df001170 flushing  nmethod 0x00000211cad0e290
Event: 32.946 Thread 0x00000211df001170 flushing  nmethod 0x00000211cad0f890
Event: 32.946 Thread 0x00000211df001170 flushing  nmethod 0x00000211cad10d10
Event: 32.946 Thread 0x00000211df001170 flushing  nmethod 0x00000211cad11190
Event: 32.946 Thread 0x00000211df001170 flushing  nmethod 0x00000211cad12610
Event: 32.946 Thread 0x00000211df001170 flushing  nmethod 0x00000211cad19690
Event: 32.946 Thread 0x00000211df001170 flushing  nmethod 0x00000211cad19a10
Event: 32.946 Thread 0x00000211df001170 flushing  nmethod 0x00000211cad24010
Event: 32.946 Thread 0x00000211df001170 flushing  nmethod 0x00000211cad24e90
Event: 32.946 Thread 0x00000211df001170 flushing  nmethod 0x00000211cad25490
Event: 32.946 Thread 0x00000211df001170 flushing  nmethod 0x00000211cad26d10
Event: 32.946 Thread 0x00000211df001170 flushing  nmethod 0x00000211cad27610
Event: 32.946 Thread 0x00000211df001170 flushing  nmethod 0x00000211cad2a890
Event: 32.946 Thread 0x00000211df001170 flushing  nmethod 0x00000211cad2ac10
Event: 32.946 Thread 0x00000211df001170 flushing osr nmethod 0x00000211cad5e890
Event: 32.946 Thread 0x00000211df001170 flushing osr nmethod 0x00000211cad83510
Event: 32.946 Thread 0x00000211df001170 flushing  nmethod 0x00000211cada8210

Events (20 events):
Event: 24.355 Thread 0x00000211e7129340 Thread exited: 0x00000211e7129340
Event: 24.355 Thread 0x00000211e712baa0 Thread exited: 0x00000211e712baa0
Event: 24.356 Thread 0x00000211e712a060 Thread exited: 0x00000211e712a060
Event: 26.166 Thread 0x00000211e8993090 Thread exited: 0x00000211e8993090
Event: 29.287 Thread 0x00000211df062530 Thread added: 0x00000211e60e0e70
Event: 29.890 Thread 0x00000211e60e0e70 Thread exited: 0x00000211e60e0e70
Event: 30.383 Thread 0x00000211df062530 Thread added: 0x00000211e9608fb0
Event: 32.195 Thread 0x00000211e4ae7810 Thread added: 0x00000211e712a060
Event: 32.214 Thread 0x00000211e4ae7810 Thread added: 0x00000211e712ad80
Event: 32.215 Thread 0x00000211e4ae7810 Thread added: 0x00000211e712b410
Event: 32.216 Thread 0x00000211e4ae7810 Thread added: 0x00000211e7125ec0
Event: 32.216 Thread 0x00000211e4ae7810 Thread added: 0x00000211e7124b10
Event: 32.271 Thread 0x00000211e712b410 Thread exited: 0x00000211e712b410
Event: 32.271 Thread 0x00000211e712ad80 Thread exited: 0x00000211e712ad80
Event: 32.271 Thread 0x00000211e7125ec0 Thread exited: 0x00000211e7125ec0
Event: 32.272 Thread 0x00000211e712a060 Thread exited: 0x00000211e712a060
Event: 32.272 Thread 0x00000211e7124b10 Thread exited: 0x00000211e7124b10
Event: 34.252 Thread 0x00000211e4ae8530 Thread added: 0x00000211e712ad80
Event: 34.478 Thread 0x00000211e9608fb0 Thread exited: 0x00000211e9608fb0
Event: 34.641 Thread 0x00000211df062530 Thread added: 0x00000211e89b3050


Dynamic libraries:
0x00007ff736de0000 - 0x00007ff736dee000 	c:\Users\PC\.vscode\extensions\redhat.java-1.54.0-win32-x64\jre\21.0.10-win32-x86_64\bin\java.exe
0x00007ffa4dd50000 - 0x00007ffa4df67000 	C:\WINDOWS\SYSTEM32\ntdll.dll
0x00007ffa4ca50000 - 0x00007ffa4cb14000 	C:\WINDOWS\System32\KERNEL32.DLL
0x00007ffa4b430000 - 0x00007ffa4b7e7000 	C:\WINDOWS\System32\KERNELBASE.dll
0x00007ffa4b7f0000 - 0x00007ffa4b901000 	C:\WINDOWS\System32\ucrtbase.dll
0x00007ffa43be0000 - 0x00007ffa43bf8000 	c:\Users\PC\.vscode\extensions\redhat.java-1.54.0-win32-x64\jre\21.0.10-win32-x86_64\bin\jli.dll
0x00007ffa4c8a0000 - 0x00007ffa4ca4f000 	C:\WINDOWS\System32\USER32.dll
0x00007ffa4b0e0000 - 0x00007ffa4b106000 	C:\WINDOWS\System32\win32u.dll
0x00007ffa4d090000 - 0x00007ffa4d0b9000 	C:\WINDOWS\System32\GDI32.dll
0x00007ffa4b110000 - 0x00007ffa4b228000 	C:\WINDOWS\System32\gdi32full.dll
0x00007ffa4b2f0000 - 0x00007ffa4b38a000 	C:\WINDOWS\System32\msvcp_win.dll
0x00007ffa31f40000 - 0x00007ffa31f5e000 	c:\Users\PC\.vscode\extensions\redhat.java-1.54.0-win32-x64\jre\21.0.10-win32-x86_64\bin\VCRUNTIME140.dll
0x00007ffa27e00000 - 0x00007ffa28093000 	C:\WINDOWS\WinSxS\amd64_microsoft.windows.common-controls_6595b64144ccf1df_6.0.22621.3672_none_2713b9d173822955\COMCTL32.dll
0x00007ffa4d350000 - 0x00007ffa4d3f7000 	C:\WINDOWS\System32\msvcrt.dll
0x00007ffa4c4d0000 - 0x00007ffa4c501000 	C:\WINDOWS\System32\IMM32.DLL
0x00007ffa40a80000 - 0x00007ffa40a8c000 	c:\Users\PC\.vscode\extensions\redhat.java-1.54.0-win32-x64\jre\21.0.10-win32-x86_64\bin\vcruntime140_1.dll
0x00007ffa126c0000 - 0x00007ffa1274d000 	c:\Users\PC\.vscode\extensions\redhat.java-1.54.0-win32-x64\jre\21.0.10-win32-x86_64\bin\msvcp140.dll
0x00007ff9ee5c0000 - 0x00007ff9ef361000 	c:\Users\PC\.vscode\extensions\redhat.java-1.54.0-win32-x64\jre\21.0.10-win32-x86_64\bin\server\jvm.dll
0x00007ffa4d500000 - 0x00007ffa4d5b2000 	C:\WINDOWS\System32\ADVAPI32.dll
0x00007ffa4c7c0000 - 0x00007ffa4c868000 	C:\WINDOWS\System32\sechost.dll
0x00007ffa4b390000 - 0x00007ffa4b3b8000 	C:\WINDOWS\System32\bcrypt.dll
0x00007ffa4d230000 - 0x00007ffa4d344000 	C:\WINDOWS\System32\RPCRT4.dll
0x00007ffa4dc90000 - 0x00007ffa4dd01000 	C:\WINDOWS\System32\WS2_32.dll
0x00007ffa49ed0000 - 0x00007ffa49f1d000 	C:\WINDOWS\SYSTEM32\POWRPROF.dll
0x00007ffa45e40000 - 0x00007ffa45e74000 	C:\WINDOWS\SYSTEM32\WINMM.dll
0x00007ffa48790000 - 0x00007ffa4879a000 	C:\WINDOWS\SYSTEM32\VERSION.dll
0x00007ffa49eb0000 - 0x00007ffa49ec3000 	C:\WINDOWS\SYSTEM32\UMPDC.dll
0x00007ffa4a160000 - 0x00007ffa4a178000 	C:\WINDOWS\SYSTEM32\kernel.appcore.dll
0x00007ffa3e8e0000 - 0x00007ffa3e8ea000 	c:\Users\PC\.vscode\extensions\redhat.java-1.54.0-win32-x64\jre\21.0.10-win32-x86_64\bin\jimage.dll
0x00007ffa48510000 - 0x00007ffa48742000 	C:\WINDOWS\SYSTEM32\DBGHELP.DLL
0x00007ffa4d670000 - 0x00007ffa4d9fe000 	C:\WINDOWS\System32\combase.dll
0x00007ffa4cfb0000 - 0x00007ffa4d087000 	C:\WINDOWS\System32\OLEAUT32.dll
0x00007ffa061b0000 - 0x00007ffa061e2000 	C:\WINDOWS\SYSTEM32\dbgcore.DLL
0x00007ffa4b060000 - 0x00007ffa4b0db000 	C:\WINDOWS\System32\bcryptPrimitives.dll
0x00007ffa3deb0000 - 0x00007ffa3debf000 	c:\Users\PC\.vscode\extensions\redhat.java-1.54.0-win32-x64\jre\21.0.10-win32-x86_64\bin\instrument.dll
0x00007ffa21230000 - 0x00007ffa21250000 	c:\Users\PC\.vscode\extensions\redhat.java-1.54.0-win32-x64\jre\21.0.10-win32-x86_64\bin\java.dll
0x00007ffa4bae0000 - 0x00007ffa4c349000 	C:\WINDOWS\System32\SHELL32.dll
0x00007ffa48f90000 - 0x00007ffa4988f000 	C:\WINDOWS\SYSTEM32\windows.storage.dll
0x00007ffa48e50000 - 0x00007ffa48f8f000 	C:\WINDOWS\SYSTEM32\wintypes.dll
0x00007ffa4d400000 - 0x00007ffa4d4f9000 	C:\WINDOWS\System32\SHCORE.dll
0x00007ffa4dbb0000 - 0x00007ffa4dc0e000 	C:\WINDOWS\System32\shlwapi.dll
0x00007ffa4af90000 - 0x00007ffa4afb7000 	C:\WINDOWS\SYSTEM32\profapi.dll
0x00007ffa20fd0000 - 0x00007ffa20fe8000 	c:\Users\PC\.vscode\extensions\redhat.java-1.54.0-win32-x64\jre\21.0.10-win32-x86_64\bin\zip.dll
0x00007ffa3db90000 - 0x00007ffa3dba0000 	C:\Users\PC\.vscode\extensions\redhat.java-1.54.0-win32-x64\jre\21.0.10-win32-x86_64\bin\net.dll
0x00007ffa47180000 - 0x00007ffa472b6000 	C:\WINDOWS\SYSTEM32\WINHTTP.dll
0x00007ffa4a5c0000 - 0x00007ffa4a629000 	C:\WINDOWS\system32\mswsock.dll
0x00007ffa1fab0000 - 0x00007ffa1fac6000 	C:\Users\PC\.vscode\extensions\redhat.java-1.54.0-win32-x64\jre\21.0.10-win32-x86_64\bin\nio.dll
0x00007ffa3d980000 - 0x00007ffa3d990000 	c:\Users\PC\.vscode\extensions\redhat.java-1.54.0-win32-x64\jre\21.0.10-win32-x86_64\bin\verify.dll
0x00007ffa12670000 - 0x00007ffa126b5000 	C:\Users\PC\AppData\Roaming\Code\User\globalStorage\redhat.java\1.54.0\config_win\org.eclipse.equinox.launcher\org.eclipse.equinox.launcher.win32.win32.x86_64_1.3.0.v20260203-2149\eclipse_11919.dll
0x00007ffa4da00000 - 0x00007ffa4dba5000 	C:\WINDOWS\System32\ole32.dll
0x00007ffa4a910000 - 0x00007ffa4a92b000 	C:\WINDOWS\SYSTEM32\CRYPTSP.dll
0x00007ffa4a0c0000 - 0x00007ffa4a0f5000 	C:\WINDOWS\system32\rsaenh.dll
0x00007ffa4a660000 - 0x00007ffa4a688000 	C:\WINDOWS\SYSTEM32\USERENV.dll
0x00007ffa4a8f0000 - 0x00007ffa4a8fc000 	C:\WINDOWS\SYSTEM32\CRYPTBASE.dll
0x00007ffa49b60000 - 0x00007ffa49b8d000 	C:\WINDOWS\SYSTEM32\IPHLPAPI.DLL
0x00007ffa4c4c0000 - 0x00007ffa4c4c9000 	C:\WINDOWS\System32\NSI.dll
0x00007ffa10e50000 - 0x00007ffa10e99000 	C:\Users\PC\AppData\Local\Temp\jna-2547\jna6828348578130505038.dll
0x00007ffa4cfa0000 - 0x00007ffa4cfa8000 	C:\WINDOWS\System32\PSAPI.DLL
0x00007ffa470b0000 - 0x00007ffa470c9000 	C:\WINDOWS\SYSTEM32\dhcpcsvc6.DLL
0x00007ffa47090000 - 0x00007ffa470af000 	C:\WINDOWS\SYSTEM32\dhcpcsvc.DLL

JVMTI agents:
c:\Users\PC\.vscode\extensions\redhat.java-1.54.0-win32-x64\lombok\lombok-1.18.39-4050.jar path:c:\Users\PC\.vscode\extensions\redhat.java-1.54.0-win32-x64\jre\21.0.10-win32-x86_64\bin\instrument.dll, loaded, initialized, instrumentlib options:none

dbghelp: loaded successfully - version: 4.0.5 - missing functions: none
symbol engine: initialized successfully - sym options: 0x614 - pdb path: .;c:\Users\PC\.vscode\extensions\redhat.java-1.54.0-win32-x64\jre\21.0.10-win32-x86_64\bin;C:\WINDOWS\SYSTEM32;C:\WINDOWS\WinSxS\amd64_microsoft.windows.common-controls_6595b64144ccf1df_6.0.22621.3672_none_2713b9d173822955;c:\Users\PC\.vscode\extensions\redhat.java-1.54.0-win32-x64\jre\21.0.10-win32-x86_64\bin\server;C:\Users\PC\AppData\Roaming\Code\User\globalStorage\redhat.java\1.54.0\config_win\org.eclipse.equinox.launcher\org.eclipse.equinox.launcher.win32.win32.x86_64_1.3.0.v20260203-2149;C:\Users\PC\AppData\Local\Temp\jna-2547

VM Arguments:
jvm_args: --add-modules=ALL-SYSTEM --add-opens=java.base/java.util=ALL-UNNAMED --add-opens=java.base/java.lang=ALL-UNNAMED --add-opens=java.base/sun.nio.fs=ALL-UNNAMED -Declipse.application=org.eclipse.jdt.ls.core.id1 -Dosgi.bundles.defaultStartLevel=4 -Declipse.product=org.eclipse.jdt.ls.core.product -Djava.import.generatesMetadataFilesAtProjectRoot=false -DDetectVMInstallationsJob.disabled=true -Dfile.encoding=utf8 -XX:+UseParallelGC -XX:GCTimeRatio=4 -XX:AdaptiveSizePolicyWeight=90 -Dsun.zip.disableMemoryMapping=true -Xmx2G -Xms100m -Xlog:disable -javaagent:c:\Users\PC\.vscode\extensions\redhat.java-1.54.0-win32-x64\lombok\lombok-1.18.39-4050.jar -XX:+HeapDumpOnOutOfMemoryError -XX:HeapDumpPath=c:\Users\PC\AppData\Roaming\Code\User\workspaceStorage\02fa4a4dd81151b4bec70223ab20b6ec\redhat.java -Daether.dependencyCollector.impl=bf 
java_command: c:\Users\PC\.vscode\extensions\redhat.java-1.54.0-win32-x64\server\plugins\org.eclipse.equinox.launcher_1.7.100.v20251111-0406.jar -configuration c:\Users\PC\AppData\Roaming\Code\User\globalStorage\redhat.java\1.54.0\config_win -data c:\Users\PC\AppData\Roaming\Code\User\workspaceStorage\02fa4a4dd81151b4bec70223ab20b6ec\redhat.java\jdt_ws --pipe=\\.\pipe\lsp-2207d663ec79d561d4ecd4ac997c5d27-sock
java_class_path (initial): c:\Users\PC\.vscode\extensions\redhat.java-1.54.0-win32-x64\server\plugins\org.eclipse.equinox.launcher_1.7.100.v20251111-0406.jar
Launcher Type: SUN_STANDARD

[Global flags]
    uintx AdaptiveSizePolicyWeight                 = 90                                        {product} {command line}
     intx CICompilerCount                          = 4                                         {product} {ergonomic}
    uintx GCTimeRatio                              = 4                                         {product} {command line}
     bool HeapDumpOnOutOfMemoryError               = true                                   {manageable} {command line}
    ccstr HeapDumpPath                             = c:\Users\PC\AppData\Roaming\Code\User\workspaceStorage\02fa4a4dd81151b4bec70223ab20b6ec\redhat.java         {manageable} {command line}
   size_t InitialHeapSize                          = 104857600                                 {product} {command line}
   size_t MaxHeapSize                              = 2147483648                                {product} {command line}
   size_t MaxNewSize                               = 715653120                                 {product} {ergonomic}
   size_t MinHeapDeltaBytes                        = 524288                                    {product} {ergonomic}
   size_t MinHeapSize                              = 104857600                                 {product} {command line}
   size_t NewSize                                  = 34603008                                  {product} {ergonomic}
    uintx NonNMethodCodeHeapSize                   = 5839372                                {pd product} {ergonomic}
    uintx NonProfiledCodeHeapSize                  = 122909434                              {pd product} {ergonomic}
   size_t OldSize                                  = 70254592                                  {product} {ergonomic}
    uintx ProfiledCodeHeapSize                     = 122909434                              {pd product} {ergonomic}
    uintx ReservedCodeCacheSize                    = 251658240                              {pd product} {ergonomic}
     bool SegmentedCodeCache                       = true                                      {product} {ergonomic}
   size_t SoftMaxHeapSize                          = 2147483648                             {manageable} {ergonomic}
     bool UseCompressedOops                        = true                           {product lp64_product} {ergonomic}
     bool UseLargePagesIndividualAllocation        = false                                  {pd product} {ergonomic}
     bool UseParallelGC                            = true                                      {product} {command line}

Logging:
Log output configuration:
 #0: stdout all=off uptime,level,tags foldmultilines=false
 #1: stderr all=off uptime,level,tags foldmultilines=false

Release file:
JAVA_VERSION="21.0.10" 
MODULES="java.base java.compiler java.datatransfer java.xml java.prefs java.desktop java.instrument java.logging java.management java.security.sasl java.naming java.rmi java.management.rmi java.net.http java.scripting java.security.jgss java.transaction.xa java.sql java.sql.rowset java.xml.crypto java.se java.smartcardio jdk.accessibility jdk.internal.jvmstat jdk.attach jdk.charsets jdk.internal.opt jdk.zipfs jdk.compiler jdk.crypto.ec jdk.crypto.cryptoki jdk.crypto.mscapi jdk.dynalink jdk.internal.ed jdk.editpad jdk.hotspot.agent jdk.httpserver jdk.internal.le jdk.internal.vm.ci jdk.internal.vm.compiler jdk.internal.vm.compiler.management jdk.jartool jdk.javadoc jdk.jcmd jdk.management jdk.management.agent jdk.jconsole jdk.jdeps jdk.jdwp.agent jdk.jdi jdk.jfr jdk.jshell jdk.jsobject jdk.jstatd jdk.localedata jdk.management.jfr jdk.naming.dns jdk.naming.rmi jdk.net jdk.nio.mapmode jdk.random jdk.sctp jdk.security.auth jdk.security.jgss jdk.unsupported jdk.unsupported.desktop jdk.xml.dom" 

Environment Variables:
PATH=C:\Users\PC\AppData\Local\Programs\Microsoft VS Code;C:\Program Files\php-8.2.30-nts-Win32-vs16-x64;C:\xampp\php;C:\Program Files\Common Files\Oracle\Java\javapath;C:\WINDOWS\system32;C:\WINDOWS;C:\WINDOWS\System32\Wbem;C:\WINDOWS\System32\WindowsPowerShell\v1.0\;C:\WINDOWS\System32\OpenSSH\;C:\Users\PC\AppData\Local\nvm;C:\nvm4w\nodejs;C:\Program Files\Git\cmd;C:\Program Files\Microsoft SQL Server\170\Tools\Binn\;C:\Program Files\Microsoft SQL Server\Client SDK\ODBC\170\Tools\Binn\;C:\Program Files (x86)\Microsoft SQL Server\170\Tools\Binn\;C:\Program Files\Microsoft SQL Server\Client SDK\ODBC\180\Tools\Binn\;C:\Program Files\Microsoft SQL Server\170\DTS\Binn\;C:\Program Files\Docker\Docker\resources\bin;C:\Program Files\apache-maven-3.9.12\bin;C:\Program Files\PuTTY\;C:\composer;C:\Program Files\MySQL;C:\Users\PC\AppData\Local\Programs\Python\Launcher\;C:\Users\PC\AppData\Local\Microsoft\WindowsApps;C:\Users\PC\AppData\Local\Programs\Microsoft VS Code\bin;C:\Users\PC\AppData\Roami;C:\Program Files\Common Files\Oracle\Java\javapath;C:\WINDOWS\system32;C:\WINDOWS;C:\WINDOWS\System32\Wbem;C:\WINDOWS\System32\WindowsPowerShell\v1.0\;C:\WINDOWS\System32\OpenSSH\;C:\Users\PC\AppData\Local\nvm;C:\nvm4w\nodejs;C:\Program Files\Git\cmd;C:\Program Files\Microsoft SQL Server\170\Tools\Binn\;C:\Program Files\Microsoft SQL Server\Client SDK\ODBC\170\Tools\Binn\;C:\Program Files (x86)\Microsoft SQL Server\170\Tools\Binn\;C:\Program Files\Microsoft SQL Server\Client SDK\ODBC\180\Tools\Binn\;C:\Program Files\Microsoft SQL Server\170\DTS\Binn\;C:\Program Files\Docker\Docker\resources\bin;C:\Program Files\apache-maven-3.9.12\bin;C:\Program Files\PuTTY\;C:\Program Files\php-8.1.34-Win32-vs16-x64;C:\composer;C:\Program Files\MySQL;C:\Users\PC\AppData\Local\Programs\Python\Launcher\;C:\Users\PC\AppData\Local\Microsoft\WindowsApps;C:\Users\PC\AppData\Local\Programs\Microsoft VS Code\bin;C:\Users\PC\AppData\Roaming\npm;C:\Users\PC\.bun\bin;C:\Users\PC\AppData\Local\Programs\Antigravity;C:\Program Files\MySQL;C:\Users\PC\AppData\Local\Programs\cursor\resources\app\bin
USERNAME=PC
OS=Windows_NT
PROCESSOR_IDENTIFIER=Intel64 Family 6 Model 166 Stepping 1, GenuineIntel
TMP=C:\Users\PC\AppData\Local\Temp
TEMP=C:\Users\PC\AppData\Local\Temp




Periodic native trim disabled

---------------  S Y S T E M  ---------------

OS:
 Windows 11 , 64 bit Build 22621 (10.0.22621.3958)
OS uptime: 6 days 21:50 hours
Hyper-V role detected

CPU: total 12 (initial active 12) (6 cores per cpu, 2 threads per core) family 6 model 166 stepping 1 microcode 0x100, cx8, cmov, fxsr, ht, mmx, 3dnowpref, sse, sse2, sse3, ssse3, sse4.1, sse4.2, popcnt, lzcnt, tsc, tscinvbit, avx, avx2, aes, erms, clmul, bmi1, bmi2, adx, fma, vzeroupper, clflush, clflushopt, hv, rdtscp, f16c
Processor Information for the first 12 processors :
  Max Mhz: 1608, Current Mhz: 1105, Mhz Limit: 1093

Memory: 4k page, system-wide physical 15713M (2036M free)
TotalPageFile size 18650M (AvailPageFile size 9M)
current process WorkingSet (physical memory assigned to process): 467M, peak: 475M
current process commit charge ("private bytes"): 550M, peak: 1691M

vm_info: OpenJDK 64-Bit Server VM (21.0.10+7-LTS) for windows-amd64 JRE (21.0.10+7-LTS), built on 2026-01-20T00:00:00Z by "admin" with MS VC++ 17.12 (VS2022)

END.
