#
# There is insufficient memory for the Java Runtime Environment to continue.
# Native memory allocation (malloc) failed to allocate 2269712 bytes. Error detail: Chunk::new
# Possible reasons:
#   The system is out of physical RAM or swap space
#   This process is running with CompressedOops enabled, and the Java Heap may be blocking the growth of the native heap
# Possible solutions:
#   Reduce memory load on the system
#   Increase physical memory or swap space
#   Check if swap backing store is full
#   Decrease Java heap size (-Xmx/-Xms)
#   Decrease number of Java threads
#   Decrease Java thread stack sizes (-Xss)
#   Set larger code cache with -XX:ReservedCodeCacheSize=
#   JVM is running with Unscaled Compressed Oops mode in which the Java heap is
#     placed in the first 4GB address space. The Java Heap base address is the
#     maximum limit for the native heap growth. Please use -XX:HeapBaseMinAddress
#     to set the Java Heap base and to place the Java Heap above 4GB virtual address.
# This output file may be truncated or incomplete.
#
#  Out of Memory Error (arena.cpp:168), pid=384, tid=25756
#
# JRE version: OpenJDK Runtime Environment Temurin-21.0.10+7 (21.0.10+7) (build 21.0.10+7-LTS)
# Java VM: OpenJDK 64-Bit Server VM Temurin-21.0.10+7 (21.0.10+7-LTS, mixed mode, sharing, tiered, compressed oops, compressed class ptrs, parallel gc, windows-amd64)
# No core dump will be written. Minidumps are not enabled by default on client versions of Windows
#

---------------  S U M M A R Y ------------

Command Line: --add-modules=ALL-SYSTEM --add-opens=java.base/java.util=ALL-UNNAMED --add-opens=java.base/java.lang=ALL-UNNAMED --add-opens=java.base/sun.nio.fs=ALL-UNNAMED -Declipse.application=org.eclipse.jdt.ls.core.id1 -Dosgi.bundles.defaultStartLevel=4 -Declipse.product=org.eclipse.jdt.ls.core.product -Djava.import.generatesMetadataFilesAtProjectRoot=false -DDetectVMInstallationsJob.disabled=true -Dfile.encoding=utf8 -XX:+UseParallelGC -XX:GCTimeRatio=4 -XX:AdaptiveSizePolicyWeight=90 -Dsun.zip.disableMemoryMapping=true -Xmx2G -Xms100m -Xlog:disable -javaagent:c:\Users\PC\.vscode\extensions\redhat.java-1.54.0-win32-x64\lombok\lombok-1.18.39-4050.jar -XX:+HeapDumpOnOutOfMemoryError -XX:HeapDumpPath=c:\Users\PC\AppData\Roaming\Code\User\workspaceStorage\02fa4a4dd81151b4bec70223ab20b6ec\redhat.java -Daether.dependencyCollector.impl=bf c:\Users\PC\.vscode\extensions\redhat.java-1.54.0-win32-x64\server\plugins\org.eclipse.equinox.launcher_1.7.100.v20251111-0406.jar -configuration c:\Users\PC\AppData\Roaming\Code\User\globalStorage\redhat.java\1.54.0\config_win -data c:\Users\PC\AppData\Roaming\Code\User\workspaceStorage\02fa4a4dd81151b4bec70223ab20b6ec\redhat.java\jdt_ws --pipe=\\.\pipe\lsp-ae030604dfc2a67eeadc4db8a1cec224-sock

Host: Intel(R) Core(TM) i7-10810U CPU @ 1.10GHz, 12 cores, 15G,  Windows 11 , 64 bit Build 22621 (10.0.22621.3958)
Time: Wed May  6 13:33:08 2026 South Africa Standard Time elapsed time: 24.083970 seconds (0d 0h 0m 24s)

---------------  T H R E A D  ---------------

Current thread (0x0000013cffa5e820):  JavaThread "C2 CompilerThread2" daemon [_thread_in_native, id=25756, stack(0x00000023bed00000,0x00000023bee00000) (1024K)]


Current CompileTask:
C2:24084 10281   !   4       org.eclipse.jdt.internal.core.JarPackageFragmentRoot::computeChildren (606 bytes)

Stack: [0x00000023bed00000,0x00000023bee00000]
Native frames: (J=compiled Java code, j=interpreted, Vv=VM code, C=native code)
V  [jvm.dll+0x6d7a39]
V  [jvm.dll+0x8b4b26]
V  [jvm.dll+0x8b70de]
V  [jvm.dll+0x8b77c3]
V  [jvm.dll+0x284346]
V  [jvm.dll+0xc66ed]
V  [jvm.dll+0xc6c31]
V  [jvm.dll+0x3bec3b]
V  [jvm.dll+0x38b162]
V  [jvm.dll+0x38a5aa]
V  [jvm.dll+0x24c560]
V  [jvm.dll+0x24bb40]
V  [jvm.dll+0x1cb34e]
V  [jvm.dll+0x25b85d]
V  [jvm.dll+0x259dea]
V  [jvm.dll+0x3f857e]
V  [jvm.dll+0x85f59d]
V  [jvm.dll+0x6d626d]
C  [ucrtbase.dll+0x29333]
C  [KERNEL32.DLL+0x1257d]
C  [ntdll.dll+0x5af08]


---------------  P R O C E S S  ---------------

Threads class SMR info:
_java_thread_list=0x0000013cff7d8d30, length=54, elements={
0x0000013cdf40b610, 0x0000013ce17ae120, 0x0000013cfa0c4840, 0x0000013cfa0c85c0,
0x0000013cfa0cb2b0, 0x0000013cfa0cca80, 0x0000013cfa0d0570, 0x0000013cfa0d7590,
0x0000013cfa0fa3a0, 0x0000013cfa2f2c20, 0x0000013cfa2f3940, 0x0000013cfa2f3fd0,
0x0000013cfa2f2590, 0x0000013cfa2f32b0, 0x0000013cfa2f0b50, 0x0000013cfa2f11e0,
0x0000013cfa2f1870, 0x0000013cffa5da80, 0x0000013cfa2f1f00, 0x0000013cfa905690,
0x0000013cfa905000, 0x0000013cfa9028a0, 0x0000013cffa5e820, 0x0000013cfa903c50,
0x0000013cfa904970, 0x0000013cfa900140, 0x0000013cfa9014f0, 0x0000013cfa9035c0,
0x0000013cfa9063b0, 0x0000013cfa901b80, 0x0000013cfa9042e0, 0x0000013cfa905d20,
0x0000013cfa906a40, 0x0000013cfa8ffab0, 0x0000013cfa9070d0, 0x0000013cfa902210,
0x0000013cfa9007d0, 0x0000013cfa900e60, 0x0000013cfa902f30, 0x0000013cc3073560,
0x0000013cc3074fa0, 0x0000013cc3079140, 0x0000013cc3075630, 0x0000013cc30721b0,
0x0000013cc30797d0, 0x0000013cc3075cc0, 0x0000013cc3077070, 0x0000013cc3072ed0,
0x0000013cc3072840, 0x0000013cc3074910, 0x0000013cc3077d90, 0x0000013cc3076350,
0x0000013cc3077700, 0x0000013cc3073bf0
}

Java Threads: ( => current thread )
  0x0000013cdf40b610 JavaThread "main"                              [_thread_blocked, id=9604, stack(0x00000023bcb00000,0x00000023bcc00000) (1024K)]
  0x0000013ce17ae120 JavaThread "Reference Handler"          daemon [_thread_blocked, id=8876, stack(0x00000023bcf00000,0x00000023bd000000) (1024K)]
  0x0000013cfa0c4840 JavaThread "Finalizer"                  daemon [_thread_blocked, id=17460, stack(0x00000023bd000000,0x00000023bd100000) (1024K)]
  0x0000013cfa0c85c0 JavaThread "Signal Dispatcher"          daemon [_thread_blocked, id=16416, stack(0x00000023bd100000,0x00000023bd200000) (1024K)]
  0x0000013cfa0cb2b0 JavaThread "Attach Listener"            daemon [_thread_blocked, id=21236, stack(0x00000023bd200000,0x00000023bd300000) (1024K)]
  0x0000013cfa0cca80 JavaThread "Service Thread"             daemon [_thread_blocked, id=14292, stack(0x00000023bd300000,0x00000023bd400000) (1024K)]
  0x0000013cfa0d0570 JavaThread "Monitor Deflation Thread"   daemon [_thread_blocked, id=9304, stack(0x00000023bd400000,0x00000023bd500000) (1024K)]
  0x0000013cfa0d7590 JavaThread "C2 CompilerThread0"         daemon [_thread_in_native, id=9032, stack(0x00000023bd500000,0x00000023bd600000) (1024K)]
  0x0000013cfa0fa3a0 JavaThread "C1 CompilerThread0"         daemon [_thread_blocked, id=25924, stack(0x00000023bd600000,0x00000023bd700000) (1024K)]
  0x0000013cfa2f2c20 JavaThread "Common-Cleaner"             daemon [_thread_blocked, id=19996, stack(0x00000023bd800000,0x00000023bd900000) (1024K)]
  0x0000013cfa2f3940 JavaThread "Notification Thread"        daemon [_thread_blocked, id=12588, stack(0x00000023bd900000,0x00000023bda00000) (1024K)]
  0x0000013cfa2f3fd0 JavaThread "Active Thread: Equinox Container: eaa3cbbb-7208-4842-8cd7-5e26df60546a"        [_thread_blocked, id=22660, stack(0x00000023be100000,0x00000023be200000) (1024K)]
  0x0000013cfa2f2590 JavaThread "Refresh Thread: Equinox Container: eaa3cbbb-7208-4842-8cd7-5e26df60546a" daemon [_thread_blocked, id=20452, stack(0x00000023be300000,0x00000023be400000) (1024K)]
  0x0000013cfa2f32b0 JavaThread "Framework Event Dispatcher: Equinox Container: eaa3cbbb-7208-4842-8cd7-5e26df60546a" daemon [_thread_blocked, id=20376, stack(0x00000023be400000,0x00000023be500000) (1024K)]
  0x0000013cfa2f0b50 JavaThread "Start Level: Equinox Container: eaa3cbbb-7208-4842-8cd7-5e26df60546a" daemon [_thread_blocked, id=20044, stack(0x00000023be500000,0x00000023be600000) (1024K)]
  0x0000013cfa2f11e0 JavaThread "Bundle File Closer"         daemon [_thread_blocked, id=25704, stack(0x00000023be800000,0x00000023be900000) (1024K)]
  0x0000013cfa2f1870 JavaThread "SCR Component Actor"        daemon [_thread_blocked, id=17244, stack(0x00000023bd700000,0x00000023bd800000) (1024K)]
  0x0000013cffa5da80 JavaThread "C2 CompilerThread1"         daemon [_thread_in_native, id=22912, stack(0x00000023bda00000,0x00000023bdb00000) (1024K)]
  0x0000013cfa2f1f00 JavaThread "Worker-JM"                         [_thread_blocked, id=23940, stack(0x00000023bea00000,0x00000023beb00000) (1024K)]
  0x0000013cfa905690 JavaThread "JNA Cleaner"                daemon [_thread_blocked, id=17304, stack(0x00000023be900000,0x00000023bea00000) (1024K)]
  0x0000013cfa905000 JavaThread "Worker-0"                          [_thread_blocked, id=21228, stack(0x00000023beb00000,0x00000023bec00000) (1024K)]
  0x0000013cfa9028a0 JavaThread "Worker-1"                          [_thread_blocked, id=9472, stack(0x00000023bec00000,0x00000023bed00000) (1024K)]
=>0x0000013cffa5e820 JavaThread "C2 CompilerThread2"         daemon [_thread_in_native, id=25756, stack(0x00000023bed00000,0x00000023bee00000) (1024K)]
  0x0000013cfa903c50 JavaThread "Java indexing"              daemon [_thread_blocked, id=11480, stack(0x00000023bee00000,0x00000023bef00000) (1024K)]
  0x0000013cfa904970 JavaThread "Worker-2"                          [_thread_blocked, id=2916, stack(0x00000023bef00000,0x00000023bf000000) (1024K)]
  0x0000013cfa900140 JavaThread "Worker-3: Initialize workspace"        [_thread_blocked, id=23516, stack(0x00000023bf200000,0x00000023bf300000) (1024K)]
  0x0000013cfa9014f0 JavaThread "Worker-4"                          [_thread_blocked, id=18908, stack(0x00000023bf300000,0x00000023bf400000) (1024K)]
  0x0000013cfa9035c0 JavaThread "Thread-1"                   daemon [_thread_in_native, id=18196, stack(0x00000023bf400000,0x00000023bf500000) (1024K)]
  0x0000013cfa9063b0 JavaThread "Thread-2"                   daemon [_thread_in_native, id=17620, stack(0x00000023bf500000,0x00000023bf600000) (1024K)]
  0x0000013cfa901b80 JavaThread "Thread-3"                   daemon [_thread_in_native, id=25772, stack(0x00000023bf600000,0x00000023bf700000) (1024K)]
  0x0000013cfa9042e0 JavaThread "Thread-4"                   daemon [_thread_in_native, id=3664, stack(0x00000023bf700000,0x00000023bf800000) (1024K)]
  0x0000013cfa905d20 JavaThread "Thread-5"                   daemon [_thread_in_native, id=13988, stack(0x00000023bf800000,0x00000023bf900000) (1024K)]
  0x0000013cfa906a40 JavaThread "Thread-6"                   daemon [_thread_in_native, id=23908, stack(0x00000023bf900000,0x00000023bfa00000) (1024K)]
  0x0000013cfa8ffab0 JavaThread "Thread-7"                   daemon [_thread_in_native, id=7980, stack(0x00000023bfa00000,0x00000023bfb00000) (1024K)]
  0x0000013cfa9070d0 JavaThread "Thread-8"                   daemon [_thread_in_native, id=4136, stack(0x00000023bfb00000,0x00000023bfc00000) (1024K)]
  0x0000013cfa902210 JavaThread "Thread-9"                   daemon [_thread_in_native, id=16412, stack(0x00000023bfc00000,0x00000023bfd00000) (1024K)]
  0x0000013cfa9007d0 JavaThread "Thread-10"                  daemon [_thread_in_native, id=1932, stack(0x00000023bfd00000,0x00000023bfe00000) (1024K)]
  0x0000013cfa900e60 JavaThread "Thread-11"                  daemon [_thread_in_native, id=23252, stack(0x00000023bfe00000,0x00000023bff00000) (1024K)]
  0x0000013cfa902f30 JavaThread "Thread-12"                  daemon [_thread_in_native, id=19488, stack(0x00000023bff00000,0x00000023c0000000) (1024K)]
  0x0000013cc3073560 JavaThread "Thread-13"                  daemon [_thread_in_native, id=26360, stack(0x00000023c0000000,0x00000023c0100000) (1024K)]
  0x0000013cc3074fa0 JavaThread "pool-2-thread-1"                   [_thread_blocked, id=22232, stack(0x00000023c0100000,0x00000023c0200000) (1024K)]
  0x0000013cc3079140 JavaThread "WorkspaceEventsHandler"            [_thread_blocked, id=12168, stack(0x00000023c0200000,0x00000023c0300000) (1024K)]
  0x0000013cc3075630 JavaThread "pool-1-thread-1"                   [_thread_blocked, id=16868, stack(0x00000023c0300000,0x00000023c0400000) (1024K)]
  0x0000013cc30721b0 JavaThread "ForkJoinPool.commonPool-worker-1" daemon [_thread_in_native, id=11656, stack(0x00000023c0400000,0x00000023c0500000) (1024K)]
  0x0000013cc30797d0 JavaThread "ForkJoinPool.commonPool-worker-2" daemon [_thread_blocked, id=4784, stack(0x00000023c0500000,0x00000023c0600000) (1024K)]
  0x0000013cc3075cc0 JavaThread "ForkJoinPool.commonPool-worker-3" daemon [_thread_blocked, id=16468, stack(0x00000023c0600000,0x00000023c0700000) (1024K)]
  0x0000013cc3077070 JavaThread "ForkJoinPool.commonPool-worker-4" daemon [_thread_blocked, id=13360, stack(0x00000023c0700000,0x00000023c0800000) (1024K)]
  0x0000013cc3072ed0 JavaThread "ForkJoinPool.commonPool-worker-5" daemon [_thread_blocked, id=19476, stack(0x00000023c0800000,0x00000023c0900000) (1024K)]
  0x0000013cc3072840 JavaThread "ForkJoinPool.commonPool-worker-6" daemon [_thread_blocked, id=24960, stack(0x00000023c0900000,0x00000023c0a00000) (1024K)]
  0x0000013cc3074910 JavaThread "ForkJoinPool.commonPool-worker-7" daemon [_thread_blocked, id=20144, stack(0x00000023c0a00000,0x00000023c0b00000) (1024K)]
  0x0000013cc3077d90 JavaThread "ForkJoinPool.commonPool-worker-8" daemon [_thread_blocked, id=18920, stack(0x00000023c0b00000,0x00000023c0c00000) (1024K)]
  0x0000013cc3076350 JavaThread "ForkJoinPool.commonPool-worker-9" daemon [_thread_blocked, id=19080, stack(0x00000023c0c00000,0x00000023c0d00000) (1024K)]
  0x0000013cc3077700 JavaThread "ForkJoinPool.commonPool-worker-10" daemon [_thread_blocked, id=6096, stack(0x00000023c0d00000,0x00000023c0e00000) (1024K)]
  0x0000013cc3073bf0 JavaThread "ForkJoinPool.commonPool-worker-11" daemon [_thread_in_Java, id=12568, stack(0x00000023c0e00000,0x00000023c0f00000) (1024K)]
Total: 54

Other Threads:
  0x0000013ce18be910 VMThread "VM Thread"                           [id=17452, stack(0x00000023bce00000,0x00000023bcf00000) (1024K)]
  0x0000013ce168cb30 WatcherThread "VM Periodic Task Thread"        [id=14392, stack(0x00000023bcd00000,0x00000023bce00000) (1024K)]
  0x0000013ce181c410 WorkerThread "GC Thread#0"                     [id=25132, stack(0x00000023bcc00000,0x00000023bcd00000) (1024K)]
  0x0000013cfa8a5c40 WorkerThread "GC Thread#1"                     [id=22520, stack(0x00000023bdb00000,0x00000023bdc00000) (1024K)]
  0x0000013cfa8a6b00 WorkerThread "GC Thread#2"                     [id=6108, stack(0x00000023bdc00000,0x00000023bdd00000) (1024K)]
  0x0000013cfa8a5890 WorkerThread "GC Thread#3"                     [id=7348, stack(0x00000023bdd00000,0x00000023bde00000) (1024K)]
  0x0000013cfa8a5ff0 WorkerThread "GC Thread#4"                     [id=19284, stack(0x00000023bde00000,0x00000023bdf00000) (1024K)]
  0x0000013cfa8a54e0 WorkerThread "GC Thread#5"                     [id=10256, stack(0x00000023bdf00000,0x00000023be000000) (1024K)]
  0x0000013cfa8a5130 WorkerThread "GC Thread#6"                     [id=21844, stack(0x00000023be000000,0x00000023be100000) (1024K)]
  0x0000013cff0be310 WorkerThread "GC Thread#7"                     [id=14880, stack(0x00000023be200000,0x00000023be300000) (1024K)]
  0x0000013cff0bea70 WorkerThread "GC Thread#8"                     [id=20140, stack(0x00000023be600000,0x00000023be700000) (1024K)]
  0x0000013cff0bd800 WorkerThread "GC Thread#9"                     [id=2756, stack(0x00000023be700000,0x00000023be800000) (1024K)]
Total: 12

Threads with active compile tasks:
C2 CompilerThread0  24177 10404       4       org.eclipse.core.runtime.Path::<init> (161 bytes)
C1 CompilerThread0  24177 10426       3       org.eclipse.jdt.internal.core.JavaModelCache::putInfo (218 bytes)
C2 CompilerThread1  24178 10368       4       java.lang.invoke.MethodType::makeImpl (109 bytes)
C2 CompilerThread2  24178 10281   !   4       org.eclipse.jdt.internal.core.JarPackageFragmentRoot::computeChildren (606 bytes)
Total: 4

VM state: not at safepoint (normal execution)

VM Mutex/Monitor currently owned by a thread:  ([mutex/lock_event])
[0x00007ff9ef27d060] MethodCompileQueue_lock - owner thread: 0x0000000000000000

Heap address: 0x0000000080000000, size: 2048 MB, Compressed Oops mode: 32-bit

CDS archive(s) mapped at: [0x0000013c80000000-0x0000013c80ba0000-0x0000013c80ba0000), size 12189696, SharedBaseAddress: 0x0000013c80000000, ArchiveRelocationMode: 1.
Compressed class space mapped at: 0x0000013c81000000-0x0000013cc1000000, reserved size: 1073741824
Narrow klass base: 0x0000013c80000000, Narrow klass shift: 0, Narrow klass range: 0x100000000

GC Precious Log:
 CardTable entry size: 512
 CPUs: 12 total, 12 available
 Memory: 15713M
 Large Page Support: Disabled
 NUMA Support: Disabled
 Compressed Oops: Enabled (32-bit)
 Alignments: Space 512K, Generation 512K, Heap 2M
 Heap Min Capacity: 100M
 Heap Initial Capacity: 100M
 Heap Max Capacity: 2G
 Pre-touch: Disabled
 Parallel Workers: 10

Heap:
 PSYoungGen      total 6656K, used 5762K [0x00000000d5580000, 0x00000000d5d00000, 0x0000000100000000)
  eden space 6144K, 86% used [0x00000000d5580000,0x00000000d5aaee78,0x00000000d5b80000)
  from space 512K, 88% used [0x00000000d5c00000,0x00000000d5c71a40,0x00000000d5c80000)
  to   space 512K, 0% used [0x00000000d5c80000,0x00000000d5c80000,0x00000000d5d00000)
 ParOldGen       total 125952K, used 125628K [0x0000000080000000, 0x0000000087b00000, 0x00000000d5580000)
  object space 125952K, 99% used [0x0000000080000000,0x0000000087aaf340,0x0000000087b00000)
 Metaspace       used 54256K, committed 55744K, reserved 1114112K
  class space    used 5765K, committed 6400K, reserved 1048576K

Card table byte_map: [0x0000013ce11a0000,0x0000013ce15b0000] _byte_map_base: 0x0000013ce0da0000

Marking Bits: (ParMarkBitMap*) 0x00007ff9ef283450
 Begin Bits: [0x0000013cf3cb0000, 0x0000013cf5cb0000)
 End Bits:   [0x0000013cf5cb0000, 0x0000013cf7cb0000)

Polling page: 0x0000013cdf680000

Metaspace:

Usage:
  Non-class:     47.36 MB used.
      Class:      5.63 MB used.
       Both:     52.99 MB used.

Virtual space:
  Non-class space:       64.00 MB reserved,      48.19 MB ( 75%) committed,  1 nodes.
      Class space:        1.00 GB reserved,       6.25 MB ( <1%) committed,  1 nodes.
             Both:        1.06 GB reserved,      54.44 MB (  5%) committed. 

Chunk freelists:
   Non-Class:  15.78 MB
       Class:  9.58 MB
        Both:  25.36 MB

MaxMetaspaceSize: unlimited
CompressedClassSpaceSize: 1.00 GB
Initial GC threshold: 21.00 MB
Current GC threshold: 58.38 MB
CDS: on
 - commit_granule_bytes: 65536.
 - commit_granule_words: 8192.
 - virtual_space_node_default_size: 8388608.
 - enlarge_chunks_in_place: 1.
 - use_allocation_guard: 0.


Internal statistics:

num_allocs_failed_limit: 8.
num_arena_births: 1104.
num_arena_deaths: 14.
num_vsnodes_births: 2.
num_vsnodes_deaths: 0.
num_space_committed: 871.
num_space_uncommitted: 0.
num_chunks_returned_to_freelist: 22.
num_chunks_taken_from_freelist: 3688.
num_chunk_merges: 14.
num_chunk_splits: 2236.
num_chunks_enlarged: 1220.
num_inconsistent_stats: 0.

CodeHeap 'non-profiled nmethods': size=120000Kb used=5936Kb max_used=5936Kb free=114063Kb
 bounds [0x0000013cec4d0000, 0x0000013cecaa0000, 0x0000013cf3a00000]
CodeHeap 'profiled nmethods': size=120000Kb used=21478Kb max_used=21478Kb free=98521Kb
 bounds [0x0000013ce4a00000, 0x0000013ce5f00000, 0x0000013cebf30000]
CodeHeap 'non-nmethods': size=5760Kb used=1390Kb max_used=1465Kb free=4369Kb
 bounds [0x0000013cebf30000, 0x0000013cec1a0000, 0x0000013cec4d0000]
CodeCache: size=245760Kb, used=28804Kb, max_used=28879Kb, free=216953Kb
 total_blobs=10518, nmethods=9826, adapters=598, full_count=0
Compilation: enabled, stopped_count=0, restarted_count=0

Compilation events (20 events):
Event: 23.978 Thread 0x0000013cfa0fa3a0 10407   !   3       org.codehaus.plexus.DefaultPlexusContainer::locate (162 bytes)
Event: 23.982 Thread 0x0000013cfa0fa3a0 nmethod 10407 0x0000013ce5ee5190 code [0x0000013ce5ee54e0, 0x0000013ce5ee68c0]
Event: 23.982 Thread 0x0000013cfa0fa3a0 10408       3       java.util.HashMap$EntrySet::size (8 bytes)
Event: 23.983 Thread 0x0000013cfa0fa3a0 nmethod 10408 0x0000013ce5ee7190 code [0x0000013ce5ee7320, 0x0000013ce5ee7438]
Event: 23.983 Thread 0x0000013cfa0fa3a0 10409       3       java.util.Collection::removeIf (51 bytes)
Event: 23.984 Thread 0x0000013cfa0fa3a0 nmethod 10409 0x0000013ce5ee7510 code [0x0000013ce5ee7740, 0x0000013ce5ee7ee0]
Event: 23.988 Thread 0x0000013cfa0fa3a0 10410       3       org.eclipse.jdt.internal.core.PackageFragmentRoot::buildStructure (21 bytes)
Event: 23.989 Thread 0x0000013cfa0fa3a0 nmethod 10410 0x0000013ce5ee8110 code [0x0000013ce5ee82e0, 0x0000013ce5ee8738]
Event: 23.991 Thread 0x0000013cfa0fa3a0 10411       3       java.util.Set::of (9 bytes)
Event: 23.992 Thread 0x0000013cfa0fa3a0 nmethod 10411 0x0000013ce5ee8890 code [0x0000013ce5ee8a80, 0x0000013ce5ee8f30]
Event: 23.996 Thread 0x0000013cfa0fa3a0 10412       3       org.eclipse.jdt.internal.core.ModularClassFile::getModule (39 bytes)
Event: 23.997 Thread 0x0000013cfa0fa3a0 nmethod 10412 0x0000013ce5ee9110 code [0x0000013ce5ee9360, 0x0000013ce5ee9fd0]
Event: 23.997 Thread 0x0000013cfa0fa3a0 10413       1       org.eclipse.jdt.internal.core.JarEntryResource::setParent (6 bytes)
Event: 23.998 Thread 0x0000013cfa0fa3a0 nmethod 10413 0x0000013ceca96c10 code [0x0000013ceca96da0, 0x0000013ceca96e80]
Event: 23.998 Thread 0x0000013cfa0fa3a0 10414       3       lombok.launch.PatchFixesHider$Delegate::isDelegateSourceMethod (21 bytes)
Event: 24.009 Thread 0x0000013cfa0fa3a0 nmethod 10414 0x0000013ce5eea310 code [0x0000013ce5eea900, 0x0000013ce5eed410]
Event: 24.027 Thread 0x0000013cfa0d7590 nmethod 10398 0x0000013ceca96f10 code [0x0000013ceca971c0, 0x0000013ceca983c0]
Event: 24.027 Thread 0x0000013cfa0d7590 10402       4       java.util.zip.ZipFile$Source::getEntryPos (164 bytes)
Event: 24.076 Thread 0x0000013cfa0d7590 nmethod 10402 0x0000013ceca99190 code [0x0000013ceca993e0, 0x0000013ceca9a140]
Event: 24.076 Thread 0x0000013cfa0d7590 10415       4       java.util.zip.ZipFile$Source::isMetaName (141 bytes)

GC Heap History (20 events):
Event: 23.532 GC heap before
{Heap before GC invocations=218 (full 2):
 PSYoungGen      total 6656K, used 6557K [0x00000000d5580000, 0x00000000d5d00000, 0x0000000100000000)
  eden space 6144K, 100% used [0x00000000d5580000,0x00000000d5b80000,0x00000000d5b80000)
  from space 512K, 80% used [0x00000000d5c00000,0x00000000d5c67798,0x00000000d5c80000)
  to   space 512K, 0% used [0x00000000d5c80000,0x00000000d5c80000,0x00000000d5d00000)
 ParOldGen       total 123904K, used 123842K [0x0000000080000000, 0x0000000087900000, 0x00000000d5580000)
  object space 123904K, 99% used [0x0000000080000000,0x00000000878f0b40,0x0000000087900000)
 Metaspace       used 53974K, committed 55424K, reserved 1114112K
  class space    used 5740K, committed 6336K, reserved 1048576K
}
Event: 23.534 GC heap after
{Heap after GC invocations=218 (full 2):
 PSYoungGen      total 6656K, used 256K [0x00000000d5580000, 0x00000000d5d00000, 0x0000000100000000)
  eden space 6144K, 0% used [0x00000000d5580000,0x00000000d5580000,0x00000000d5b80000)
  from space 512K, 50% used [0x00000000d5c80000,0x00000000d5cc0000,0x00000000d5d00000)
  to   space 512K, 0% used [0x00000000d5c00000,0x00000000d5c00000,0x00000000d5c80000)
 ParOldGen       total 124416K, used 123978K [0x0000000080000000, 0x0000000087980000, 0x00000000d5580000)
  object space 124416K, 99% used [0x0000000080000000,0x0000000087912b40,0x0000000087980000)
 Metaspace       used 53974K, committed 55424K, reserved 1114112K
  class space    used 5740K, committed 6336K, reserved 1048576K
}
Event: 23.577 GC heap before
{Heap before GC invocations=219 (full 2):
 PSYoungGen      total 6656K, used 6390K [0x00000000d5580000, 0x00000000d5d00000, 0x0000000100000000)
  eden space 6144K, 99% used [0x00000000d5580000,0x00000000d5b7d900,0x00000000d5b80000)
  from space 512K, 50% used [0x00000000d5c80000,0x00000000d5cc0000,0x00000000d5d00000)
  to   space 512K, 0% used [0x00000000d5c00000,0x00000000d5c00000,0x00000000d5c80000)
 ParOldGen       total 124416K, used 123978K [0x0000000080000000, 0x0000000087980000, 0x00000000d5580000)
  object space 124416K, 99% used [0x0000000080000000,0x0000000087912b40,0x0000000087980000)
 Metaspace       used 53980K, committed 55424K, reserved 1114112K
  class space    used 5740K, committed 6336K, reserved 1048576K
}
Event: 23.579 GC heap after
{Heap after GC invocations=219 (full 2):
 PSYoungGen      total 6656K, used 288K [0x00000000d5580000, 0x00000000d5d00000, 0x0000000100000000)
  eden space 6144K, 0% used [0x00000000d5580000,0x00000000d5580000,0x00000000d5b80000)
  from space 512K, 56% used [0x00000000d5c00000,0x00000000d5c48000,0x00000000d5c80000)
  to   space 512K, 0% used [0x00000000d5c80000,0x00000000d5c80000,0x00000000d5d00000)
 ParOldGen       total 124416K, used 124130K [0x0000000080000000, 0x0000000087980000, 0x00000000d5580000)
  object space 124416K, 99% used [0x0000000080000000,0x0000000087938b40,0x0000000087980000)
 Metaspace       used 53980K, committed 55424K, reserved 1114112K
  class space    used 5740K, committed 6336K, reserved 1048576K
}
Event: 23.640 GC heap before
{Heap before GC invocations=220 (full 2):
 PSYoungGen      total 6656K, used 6432K [0x00000000d5580000, 0x00000000d5d00000, 0x0000000100000000)
  eden space 6144K, 100% used [0x00000000d5580000,0x00000000d5b80000,0x00000000d5b80000)
  from space 512K, 56% used [0x00000000d5c00000,0x00000000d5c48000,0x00000000d5c80000)
  to   space 512K, 0% used [0x00000000d5c80000,0x00000000d5c80000,0x00000000d5d00000)
 ParOldGen       total 124416K, used 124130K [0x0000000080000000, 0x0000000087980000, 0x00000000d5580000)
  object space 124416K, 99% used [0x0000000080000000,0x0000000087938b40,0x0000000087980000)
 Metaspace       used 53991K, committed 55424K, reserved 1114112K
  class space    used 5740K, committed 6336K, reserved 1048576K
}
Event: 23.642 GC heap after
{Heap after GC invocations=220 (full 2):
 PSYoungGen      total 6656K, used 224K [0x00000000d5580000, 0x00000000d5d00000, 0x0000000100000000)
  eden space 6144K, 0% used [0x00000000d5580000,0x00000000d5580000,0x00000000d5b80000)
  from space 512K, 43% used [0x00000000d5c80000,0x00000000d5cb8000,0x00000000d5d00000)
  to   space 512K, 0% used [0x00000000d5c00000,0x00000000d5c00000,0x00000000d5c80000)
 ParOldGen       total 124416K, used 124210K [0x0000000080000000, 0x0000000087980000, 0x00000000d5580000)
  object space 124416K, 99% used [0x0000000080000000,0x000000008794cb40,0x0000000087980000)
 Metaspace       used 53991K, committed 55424K, reserved 1114112K
  class space    used 5740K, committed 6336K, reserved 1048576K
}
Event: 23.692 GC heap before
{Heap before GC invocations=221 (full 2):
 PSYoungGen      total 6656K, used 5787K [0x00000000d5580000, 0x00000000d5d00000, 0x0000000100000000)
  eden space 6144K, 90% used [0x00000000d5580000,0x00000000d5aeed90,0x00000000d5b80000)
  from space 512K, 43% used [0x00000000d5c80000,0x00000000d5cb8000,0x00000000d5d00000)
  to   space 512K, 0% used [0x00000000d5c00000,0x00000000d5c00000,0x00000000d5c80000)
 ParOldGen       total 124416K, used 124210K [0x0000000080000000, 0x0000000087980000, 0x00000000d5580000)
  object space 124416K, 99% used [0x0000000080000000,0x000000008794cb40,0x0000000087980000)
 Metaspace       used 53993K, committed 55424K, reserved 1114112K
  class space    used 5740K, committed 6336K, reserved 1048576K
}
Event: 23.695 GC heap after
{Heap after GC invocations=221 (full 2):
 PSYoungGen      total 6656K, used 320K [0x00000000d5580000, 0x00000000d5d00000, 0x0000000100000000)
  eden space 6144K, 0% used [0x00000000d5580000,0x00000000d5580000,0x00000000d5b80000)
  from space 512K, 62% used [0x00000000d5c00000,0x00000000d5c50000,0x00000000d5c80000)
  to   space 512K, 0% used [0x00000000d5c80000,0x00000000d5c80000,0x00000000d5d00000)
 ParOldGen       total 124416K, used 124298K [0x0000000080000000, 0x0000000087980000, 0x00000000d5580000)
  object space 124416K, 99% used [0x0000000080000000,0x0000000087962b40,0x0000000087980000)
 Metaspace       used 53993K, committed 55424K, reserved 1114112K
  class space    used 5740K, committed 6336K, reserved 1048576K
}
Event: 23.875 GC heap before
{Heap before GC invocations=222 (full 2):
 PSYoungGen      total 6656K, used 6464K [0x00000000d5580000, 0x00000000d5d00000, 0x0000000100000000)
  eden space 6144K, 100% used [0x00000000d5580000,0x00000000d5b80000,0x00000000d5b80000)
  from space 512K, 62% used [0x00000000d5c00000,0x00000000d5c50000,0x00000000d5c80000)
  to   space 512K, 0% used [0x00000000d5c80000,0x00000000d5c80000,0x00000000d5d00000)
 ParOldGen       total 124416K, used 124298K [0x0000000080000000, 0x0000000087980000, 0x00000000d5580000)
  object space 124416K, 99% used [0x0000000080000000,0x0000000087962b40,0x0000000087980000)
 Metaspace       used 54237K, committed 55744K, reserved 1114112K
  class space    used 5765K, committed 6400K, reserved 1048576K
}
Event: 23.879 GC heap after
{Heap after GC invocations=222 (full 2):
 PSYoungGen      total 6656K, used 510K [0x00000000d5580000, 0x00000000d5d80000, 0x0000000100000000)
  eden space 6144K, 0% used [0x00000000d5580000,0x00000000d5580000,0x00000000d5b80000)
  from space 512K, 99% used [0x00000000d5c80000,0x00000000d5cffad8,0x00000000d5d00000)
  to   space 1024K, 0% used [0x00000000d5b80000,0x00000000d5b80000,0x00000000d5c80000)
 ParOldGen       total 124928K, used 124434K [0x0000000080000000, 0x0000000087a00000, 0x00000000d5580000)
  object space 124928K, 99% used [0x0000000080000000,0x0000000087984b40,0x0000000087a00000)
 Metaspace       used 54237K, committed 55744K, reserved 1114112K
  class space    used 5765K, committed 6400K, reserved 1048576K
}
Event: 23.911 GC heap before
{Heap before GC invocations=223 (full 2):
 PSYoungGen      total 6656K, used 6600K [0x00000000d5580000, 0x00000000d5d80000, 0x0000000100000000)
  eden space 6144K, 99% used [0x00000000d5580000,0x00000000d5b725f0,0x00000000d5b80000)
  from space 512K, 99% used [0x00000000d5c80000,0x00000000d5cffad8,0x00000000d5d00000)
  to   space 1024K, 0% used [0x00000000d5b80000,0x00000000d5b80000,0x00000000d5c80000)
 ParOldGen       total 124928K, used 124434K [0x0000000080000000, 0x0000000087a00000, 0x00000000d5580000)
  object space 124928K, 99% used [0x0000000080000000,0x0000000087984b40,0x0000000087a00000)
 Metaspace       used 54239K, committed 55744K, reserved 1114112K
  class space    used 5765K, committed 6400K, reserved 1048576K
}
Event: 23.913 GC heap after
{Heap after GC invocations=223 (full 2):
 PSYoungGen      total 7168K, used 352K [0x00000000d5580000, 0x00000000d5d00000, 0x0000000100000000)
  eden space 6144K, 0% used [0x00000000d5580000,0x00000000d5580000,0x00000000d5b80000)
  from space 1024K, 34% used [0x00000000d5b80000,0x00000000d5bd8000,0x00000000d5c80000)
  to   space 512K, 0% used [0x00000000d5c80000,0x00000000d5c80000,0x00000000d5d00000)
 ParOldGen       total 124928K, used 124586K [0x0000000080000000, 0x0000000087a00000, 0x00000000d5580000)
  object space 124928K, 99% used [0x0000000080000000,0x00000000879aab40,0x0000000087a00000)
 Metaspace       used 54239K, committed 55744K, reserved 1114112K
  class space    used 5765K, committed 6400K, reserved 1048576K
}
Event: 23.938 GC heap before
{Heap before GC invocations=224 (full 2):
 PSYoungGen      total 7168K, used 6496K [0x00000000d5580000, 0x00000000d5d00000, 0x0000000100000000)
  eden space 6144K, 100% used [0x00000000d5580000,0x00000000d5b80000,0x00000000d5b80000)
  from space 1024K, 34% used [0x00000000d5b80000,0x00000000d5bd8000,0x00000000d5c80000)
  to   space 512K, 0% used [0x00000000d5c80000,0x00000000d5c80000,0x00000000d5d00000)
 ParOldGen       total 124928K, used 124586K [0x0000000080000000, 0x0000000087a00000, 0x00000000d5580000)
  object space 124928K, 99% used [0x0000000080000000,0x00000000879aab40,0x0000000087a00000)
 Metaspace       used 54240K, committed 55744K, reserved 1114112K
  class space    used 5765K, committed 6400K, reserved 1048576K
}
Event: 23.940 GC heap after
{Heap after GC invocations=224 (full 2):
 PSYoungGen      total 6656K, used 480K [0x00000000d5580000, 0x00000000d5d80000, 0x0000000100000000)
  eden space 6144K, 0% used [0x00000000d5580000,0x00000000d5580000,0x00000000d5b80000)
  from space 512K, 93% used [0x00000000d5c80000,0x00000000d5cf8010,0x00000000d5d00000)
  to   space 1024K, 0% used [0x00000000d5b80000,0x00000000d5b80000,0x00000000d5c80000)
 ParOldGen       total 124928K, used 124754K [0x0000000080000000, 0x0000000087a00000, 0x00000000d5580000)
  object space 124928K, 99% used [0x0000000080000000,0x00000000879d4b40,0x0000000087a00000)
 Metaspace       used 54240K, committed 55744K, reserved 1114112K
  class space    used 5765K, committed 6400K, reserved 1048576K
}
Event: 24.002 GC heap before
{Heap before GC invocations=225 (full 2):
 PSYoungGen      total 6656K, used 6624K [0x00000000d5580000, 0x00000000d5d80000, 0x0000000100000000)
  eden space 6144K, 100% used [0x00000000d5580000,0x00000000d5b80000,0x00000000d5b80000)
  from space 512K, 93% used [0x00000000d5c80000,0x00000000d5cf8010,0x00000000d5d00000)
  to   space 1024K, 0% used [0x00000000d5b80000,0x00000000d5b80000,0x00000000d5c80000)
 ParOldGen       total 124928K, used 124754K [0x0000000080000000, 0x0000000087a00000, 0x00000000d5580000)
  object space 124928K, 99% used [0x0000000080000000,0x00000000879d4b40,0x0000000087a00000)
 Metaspace       used 54246K, committed 55744K, reserved 1114112K
  class space    used 5765K, committed 6400K, reserved 1048576K
}
Event: 24.004 GC heap after
{Heap after GC invocations=225 (full 2):
 PSYoungGen      total 7168K, used 320K [0x00000000d5580000, 0x00000000d5d00000, 0x0000000100000000)
  eden space 6144K, 0% used [0x00000000d5580000,0x00000000d5580000,0x00000000d5b80000)
  from space 1024K, 31% used [0x00000000d5b80000,0x00000000d5bd0000,0x00000000d5c80000)
  to   space 512K, 0% used [0x00000000d5c80000,0x00000000d5c80000,0x00000000d5d00000)
 ParOldGen       total 124928K, used 124906K [0x0000000080000000, 0x0000000087a00000, 0x00000000d5580000)
  object space 124928K, 99% used [0x0000000080000000,0x00000000879fab40,0x0000000087a00000)
 Metaspace       used 54246K, committed 55744K, reserved 1114112K
  class space    used 5765K, committed 6400K, reserved 1048576K
}
Event: 24.033 GC heap before
{Heap before GC invocations=226 (full 2):
 PSYoungGen      total 7168K, used 6464K [0x00000000d5580000, 0x00000000d5d00000, 0x0000000100000000)
  eden space 6144K, 100% used [0x00000000d5580000,0x00000000d5b80000,0x00000000d5b80000)
  from space 1024K, 31% used [0x00000000d5b80000,0x00000000d5bd0000,0x00000000d5c80000)
  to   space 512K, 0% used [0x00000000d5c80000,0x00000000d5c80000,0x00000000d5d00000)
 ParOldGen       total 124928K, used 124906K [0x0000000080000000, 0x0000000087a00000, 0x00000000d5580000)
  object space 124928K, 99% used [0x0000000080000000,0x00000000879fab40,0x0000000087a00000)
 Metaspace       used 54246K, committed 55744K, reserved 1114112K
  class space    used 5765K, committed 6400K, reserved 1048576K
}
Event: 24.035 GC heap after
{Heap after GC invocations=226 (full 2):
 PSYoungGen      total 6656K, used 384K [0x00000000d5580000, 0x00000000d5d00000, 0x0000000100000000)
  eden space 6144K, 0% used [0x00000000d5580000,0x00000000d5580000,0x00000000d5b80000)
  from space 512K, 75% used [0x00000000d5c80000,0x00000000d5ce0100,0x00000000d5d00000)
  to   space 512K, 0% used [0x00000000d5c00000,0x00000000d5c00000,0x00000000d5c80000)
 ParOldGen       total 125440K, used 125106K [0x0000000080000000, 0x0000000087a80000, 0x00000000d5580000)
  object space 125440K, 99% used [0x0000000080000000,0x0000000087a2cb40,0x0000000087a80000)
 Metaspace       used 54246K, committed 55744K, reserved 1114112K
  class space    used 5765K, committed 6400K, reserved 1048576K
}
Event: 24.070 GC heap before
{Heap before GC invocations=227 (full 2):
 PSYoungGen      total 6656K, used 6528K [0x00000000d5580000, 0x00000000d5d00000, 0x0000000100000000)
  eden space 6144K, 100% used [0x00000000d5580000,0x00000000d5b80000,0x00000000d5b80000)
  from space 512K, 75% used [0x00000000d5c80000,0x00000000d5ce0100,0x00000000d5d00000)
  to   space 512K, 0% used [0x00000000d5c00000,0x00000000d5c00000,0x00000000d5c80000)
 ParOldGen       total 125440K, used 125106K [0x0000000080000000, 0x0000000087a80000, 0x00000000d5580000)
  object space 125440K, 99% used [0x0000000080000000,0x0000000087a2cb40,0x0000000087a80000)
 Metaspace       used 54246K, committed 55744K, reserved 1114112K
  class space    used 5765K, committed 6400K, reserved 1048576K
}
Event: 24.074 GC heap after
{Heap after GC invocations=227 (full 2):
 PSYoungGen      total 6656K, used 488K [0x00000000d5580000, 0x00000000d5d80000, 0x0000000100000000)
  eden space 6144K, 0% used [0x00000000d5580000,0x00000000d5580000,0x00000000d5b80000)
  from space 512K, 95% used [0x00000000d5c00000,0x00000000d5c7a208,0x00000000d5c80000)
  to   space 1024K, 0% used [0x00000000d5c80000,0x00000000d5c80000,0x00000000d5d80000)
 ParOldGen       total 125440K, used 125218K [0x0000000080000000, 0x0000000087a80000, 0x00000000d5580000)
  object space 125440K, 99% used [0x0000000080000000,0x0000000087a48b40,0x0000000087a80000)
 Metaspace       used 54246K, committed 55744K, reserved 1114112K
  class space    used 5765K, committed 6400K, reserved 1048576K
}

Dll operation events (10 events):
Event: 0.023 Loaded shared library c:\Users\PC\.vscode\extensions\redhat.java-1.54.0-win32-x64\jre\21.0.10-win32-x86_64\bin\java.dll
Event: 0.142 Loaded shared library c:\Users\PC\.vscode\extensions\redhat.java-1.54.0-win32-x64\jre\21.0.10-win32-x86_64\bin\zip.dll
Event: 0.181 Loaded shared library C:\Users\PC\.vscode\extensions\redhat.java-1.54.0-win32-x64\jre\21.0.10-win32-x86_64\bin\instrument.dll
Event: 0.188 Loaded shared library C:\Users\PC\.vscode\extensions\redhat.java-1.54.0-win32-x64\jre\21.0.10-win32-x86_64\bin\net.dll
Event: 0.190 Loaded shared library C:\Users\PC\.vscode\extensions\redhat.java-1.54.0-win32-x64\jre\21.0.10-win32-x86_64\bin\nio.dll
Event: 0.194 Loaded shared library C:\Users\PC\.vscode\extensions\redhat.java-1.54.0-win32-x64\jre\21.0.10-win32-x86_64\bin\zip.dll
Event: 0.219 Loaded shared library C:\Users\PC\.vscode\extensions\redhat.java-1.54.0-win32-x64\jre\21.0.10-win32-x86_64\bin\jimage.dll
Event: 0.344 Loaded shared library c:\Users\PC\.vscode\extensions\redhat.java-1.54.0-win32-x64\jre\21.0.10-win32-x86_64\bin\verify.dll
Event: 2.141 Loaded shared library C:\Users\PC\AppData\Roaming\Code\User\globalStorage\redhat.java\1.54.0\config_win\org.eclipse.equinox.launcher\org.eclipse.equinox.launcher.win32.win32.x86_64_1.3.0.v20260203-2149\eclipse_11919.dll
Event: 5.843 Loaded shared library C:\Users\PC\AppData\Local\Temp\jna-2547\jna16981172480749529035.dll

Deoptimization events (20 events):
Event: 23.906 Thread 0x0000013cc3073bf0 Uncommon trap: trap_request=0xffffffd6 fr.pc=0x0000013ceca8b6ac relative=0x000000000000076c
Event: 23.906 Thread 0x0000013cc3073bf0 Uncommon trap: reason=array_check action=maybe_recompile pc=0x0000013ceca8b6ac method=java.util.ImmutableCollections$List12.toArray([Ljava/lang/Object;)[Ljava/lang/Object; @ 48 c2
Event: 23.906 Thread 0x0000013cc3073bf0 DEOPT PACKING pc=0x0000013ceca8b6ac sp=0x00000023c0efdab0
Event: 23.906 Thread 0x0000013cc3073bf0 DEOPT UNPACKING pc=0x0000013cebf83aa2 sp=0x00000023c0efd930 mode 2
Event: 23.937 Thread 0x0000013cc30721b0 Uncommon trap: trap_request=0xffffff45 fr.pc=0x0000013ceca4a30c relative=0x000000000000256c
Event: 23.937 Thread 0x0000013cc30721b0 Uncommon trap: reason=unstable_if action=reinterpret pc=0x0000013ceca4a30c method=java.util.zip.ZipFile$Source.isMetaName([BII)Z @ 57 c2
Event: 23.937 Thread 0x0000013cc30721b0 DEOPT PACKING pc=0x0000013ceca4a30c sp=0x00000023c04fda20
Event: 23.937 Thread 0x0000013cc30721b0 DEOPT UNPACKING pc=0x0000013cebf83aa2 sp=0x00000023c04fd970 mode 2
Event: 23.937 Thread 0x0000013cc30721b0 Uncommon trap: trap_request=0xffffff45 fr.pc=0x0000013cec5b183c relative=0x000000000000017c
Event: 23.937 Thread 0x0000013cc30721b0 Uncommon trap: reason=unstable_if action=reinterpret pc=0x0000013cec5b183c method=java.util.zip.ZipFile$Source.isMetaName([BII)Z @ 57 c2
Event: 23.937 Thread 0x0000013cc30721b0 DEOPT PACKING pc=0x0000013cec5b183c sp=0x00000023c04fd9c0
Event: 23.937 Thread 0x0000013cc30721b0 DEOPT UNPACKING pc=0x0000013cebf83aa2 sp=0x00000023c04fd968 mode 2
Event: 23.958 Thread 0x0000013cc3073bf0 Uncommon trap: trap_request=0xffffffd6 fr.pc=0x0000013ceca8b6ac relative=0x000000000000076c
Event: 23.958 Thread 0x0000013cc3073bf0 Uncommon trap: reason=array_check action=maybe_recompile pc=0x0000013ceca8b6ac method=java.util.ImmutableCollections$List12.toArray([Ljava/lang/Object;)[Ljava/lang/Object; @ 48 c2
Event: 23.958 Thread 0x0000013cc3073bf0 DEOPT PACKING pc=0x0000013ceca8b6ac sp=0x00000023c0efdab0
Event: 23.958 Thread 0x0000013cc3073bf0 DEOPT UNPACKING pc=0x0000013cebf83aa2 sp=0x00000023c0efd930 mode 2
Event: 24.025 Thread 0x0000013cc3073bf0 DEOPT PACKING pc=0x0000013ce5acaa70 sp=0x00000023c0efde40
Event: 24.026 Thread 0x0000013cc3073bf0 DEOPT UNPACKING pc=0x0000013cebf84242 sp=0x00000023c0efd410 mode 0
Event: 24.056 Thread 0x0000013cc3073bf0 DEOPT PACKING pc=0x0000013ce5ee0e67 sp=0x00000023c0efd610
Event: 24.056 Thread 0x0000013cc3073bf0 DEOPT UNPACKING pc=0x0000013cebf84242 sp=0x00000023c0efcb80 mode 0

Classes loaded (20 events):
Event: 14.713 Loading class jdk/internal/jrtfs/JrtFileSystem
Event: 14.714 Loading class jdk/internal/jrtfs/JrtFileSystem done
Event: 14.714 Loading class jdk/internal/jrtfs/JrtPath
Event: 14.715 Loading class jdk/internal/jrtfs/JrtPath done
Event: 14.715 Loading class jdk/internal/jimage/ImageReader$Node
Event: 14.716 Loading class jdk/internal/jimage/ImageReader$Node done
Event: 14.735 Loading class java/nio/ByteBufferAsIntBufferL
Event: 14.735 Loading class java/nio/ByteBufferAsIntBufferL done
Event: 14.753 Loading class jdk/internal/jimage/ImageReader$Directory
Event: 14.754 Loading class jdk/internal/jimage/ImageReader$Directory done
Event: 15.378 Loading class java/util/AbstractList$ListItr
Event: 15.379 Loading class java/util/AbstractList$ListItr done
Event: 15.398 Loading class java/nio/channels/Channels$ReadableByteChannelImpl
Event: 15.398 Loading class java/nio/channels/Channels$ReadableByteChannelImpl done
Event: 15.399 Loading class java/nio/channels/NonWritableChannelException
Event: 15.399 Loading class java/nio/channels/NonWritableChannelException done
Event: 15.796 Loading class java/lang/invoke/MethodHandleImpl$CountingWrapper$1
Event: 15.796 Loading class java/lang/invoke/MethodHandleImpl$CountingWrapper$1 done
Event: 19.380 Loading class sun/nio/cs/ISO_8859_1$Decoder
Event: 19.387 Loading class sun/nio/cs/ISO_8859_1$Decoder done

Classes unloaded (7 events):
Event: 6.945 Thread 0x0000013ce18be910 Unloading class 0x0000013c811acc00 'java/lang/invoke/LambdaForm$MH+0x0000013c811acc00'
Event: 6.945 Thread 0x0000013ce18be910 Unloading class 0x0000013c811ac800 'java/lang/invoke/LambdaForm$MH+0x0000013c811ac800'
Event: 6.945 Thread 0x0000013ce18be910 Unloading class 0x0000013c811ac400 'java/lang/invoke/LambdaForm$MH+0x0000013c811ac400'
Event: 6.945 Thread 0x0000013ce18be910 Unloading class 0x0000013c811ac000 'java/lang/invoke/LambdaForm$MH+0x0000013c811ac000'
Event: 6.945 Thread 0x0000013ce18be910 Unloading class 0x0000013c811abc00 'java/lang/invoke/LambdaForm$BMH+0x0000013c811abc00'
Event: 6.945 Thread 0x0000013ce18be910 Unloading class 0x0000013c811ab800 'java/lang/invoke/LambdaForm$DMH+0x0000013c811ab800'
Event: 6.945 Thread 0x0000013ce18be910 Unloading class 0x0000013c811aa400 'java/lang/invoke/LambdaForm$DMH+0x0000013c811aa400'

Classes redefined (0 events):
No events

Internal exceptions (20 events):
Event: 14.813 Thread 0x0000013cfa9014f0 Exception <a 'sun/nio/fs/WindowsException'{0x00000000d5a80600}> (0x00000000d5a80600) 
thrown [s\src\hotspot\share\prims\jni.cpp, line 520]
Event: 16.215 Thread 0x0000013cfa9014f0 Exception <a 'sun/nio/fs/WindowsException'{0x00000000d56962f0}> (0x00000000d56962f0) 
thrown [s\src\hotspot\share\prims\jni.cpp, line 520]
Event: 16.215 Thread 0x0000013cfa9014f0 Exception <a 'sun/nio/fs/WindowsException'{0x00000000d5696940}> (0x00000000d5696940) 
thrown [s\src\hotspot\share\prims\jni.cpp, line 520]
Event: 16.221 Thread 0x0000013cc30721b0 Exception <a 'java/io/FileNotFoundException'{0x00000000d56e8bd0}> (0x00000000d56e8bd0) 
thrown [s\src\hotspot\share\prims\jni.cpp, line 520]
Event: 16.221 Thread 0x0000013cc30721b0 Exception <a 'java/io/FileNotFoundException'{0x00000000d56e9be0}> (0x00000000d56e9be0) 
thrown [s\src\hotspot\share\prims\jni.cpp, line 520]
Event: 16.249 Thread 0x0000013cc30721b0 Exception <a 'sun/nio/fs/WindowsException'{0x00000000d57c9f28}> (0x00000000d57c9f28) 
thrown [s\src\hotspot\share\prims\jni.cpp, line 520]
Event: 16.249 Thread 0x0000013cc30721b0 Exception <a 'sun/nio/fs/WindowsException'{0x00000000d57ca828}> (0x00000000d57ca828) 
thrown [s\src\hotspot\share\prims\jni.cpp, line 520]
Event: 16.282 Thread 0x0000013cfa9014f0 Exception <a 'java/lang/NoSuchMethodError'{0x00000000d599ca78}: method resolution failed> (0x00000000d599ca78) 
thrown [s\src\hotspot\share\prims\methodHandles.cpp, line 1136]
Event: 16.511 Thread 0x0000013cc3073bf0 Implicit null exception at 0x0000013cec8482a6 to 0x0000013cec848874
Event: 16.918 Thread 0x0000013cc30721b0 Exception <a 'java/lang/NoSuchMethodError'{0x00000000d5646570}: 'void java.lang.invoke.DirectMethodHandle$Holder.invokeStatic(java.lang.Object, java.lang.Object, java.lang.Object, int)'> (0x00000000d5646570) 
thrown [s\src\hotspot\share\interpreter\linkResolver.cpp, line 773]
Event: 16.938 Thread 0x0000013cc30721b0 Exception <a 'java/lang/NoSuchMethodError'{0x00000000d59f2098}: 'void java.lang.invoke.DirectMethodHandle$Holder.invokeVirtual(java.lang.Object, java.lang.Object, int)'> (0x00000000d59f2098) 
thrown [s\src\hotspot\share\interpreter\linkResolver.cpp, line 773]
Event: 17.173 Thread 0x0000013cc3073bf0 Implicit null exception at 0x0000013cec8ad806 to 0x0000013cec8ad910
Event: 17.463 Thread 0x0000013cc3073bf0 Implicit null exception at 0x0000013cec8a0706 to 0x0000013cec8a0831
Event: 19.222 Thread 0x0000013cc30721b0 Exception <a 'java/lang/NoSuchMethodError'{0x00000000d5a1df28}: 'void java.lang.invoke.DirectMethodHandle$Holder.invokeInterface(java.lang.Object, java.lang.Object)'> (0x00000000d5a1df28) 
thrown [s\src\hotspot\share\interpreter\linkResolver.cpp, line 773]
Event: 19.341 Thread 0x0000013cc241ee80 Implicit null exception at 0x0000013cec976b08 to 0x0000013cec976f3c
Event: 21.134 Thread 0x0000013cc30721b0 Implicit null exception at 0x0000013cec9d8aa2 to 0x0000013cec9d8c58
Event: 21.135 Thread 0x0000013cc30721b0 Implicit null exception at 0x0000013cec9b0122 to 0x0000013cec9b02d8
Event: 22.292 Thread 0x0000013cc30721b0 Exception <a 'sun/nio/fs/WindowsException'{0x00000000d55e64f0}> (0x00000000d55e64f0) 
thrown [s\src\hotspot\share\prims\jni.cpp, line 520]
Event: 22.293 Thread 0x0000013cc30721b0 Exception <a 'sun/nio/fs/WindowsException'{0x00000000d55e6df0}> (0x00000000d55e6df0) 
thrown [s\src\hotspot\share\prims\jni.cpp, line 520]
Event: 23.842 Thread 0x0000013cc3073bf0 Exception <a 'java/lang/IncompatibleClassChangeError'{0x00000000d599cfa8}: Found class java.lang.Object, but interface was expected> (0x00000000d599cfa8) 
thrown [s\src\hotspot\share\interpreter\linkResolver.cpp, line 840]

ZGC Phase Switch (0 events):
No events

VM Operations (20 events):
Event: 23.692 Executing safepoint VM operation: ParallelGCFailedAllocation (Allocation Failure)
Event: 23.695 Executing safepoint VM operation: ParallelGCFailedAllocation (Allocation Failure) done
Event: 23.724 Executing non-safepoint VM operation: HandshakeAllThreads (Deoptimize)
Event: 23.724 Executing non-safepoint VM operation: HandshakeAllThreads (Deoptimize) done
Event: 23.863 Executing non-safepoint VM operation: HandshakeAllThreads (Deoptimize)
Event: 23.863 Executing non-safepoint VM operation: HandshakeAllThreads (Deoptimize) done
Event: 23.867 Executing non-safepoint VM operation: HandshakeAllThreads (Deoptimize)
Event: 23.867 Executing non-safepoint VM operation: HandshakeAllThreads (Deoptimize) done
Event: 23.875 Executing safepoint VM operation: ParallelGCFailedAllocation (Allocation Failure)
Event: 23.879 Executing safepoint VM operation: ParallelGCFailedAllocation (Allocation Failure) done
Event: 23.911 Executing safepoint VM operation: ParallelGCFailedAllocation (Allocation Failure)
Event: 23.914 Executing safepoint VM operation: ParallelGCFailedAllocation (Allocation Failure) done
Event: 23.938 Executing safepoint VM operation: ParallelGCFailedAllocation (Allocation Failure)
Event: 23.941 Executing safepoint VM operation: ParallelGCFailedAllocation (Allocation Failure) done
Event: 24.001 Executing safepoint VM operation: ParallelGCFailedAllocation (Allocation Failure)
Event: 24.004 Executing safepoint VM operation: ParallelGCFailedAllocation (Allocation Failure) done
Event: 24.033 Executing safepoint VM operation: ParallelGCFailedAllocation (Allocation Failure)
Event: 24.035 Executing safepoint VM operation: ParallelGCFailedAllocation (Allocation Failure) done
Event: 24.070 Executing safepoint VM operation: ParallelGCFailedAllocation (Allocation Failure)
Event: 24.074 Executing safepoint VM operation: ParallelGCFailedAllocation (Allocation Failure) done

Memory protections (0 events):
No events

Nmethod flushes (20 events):
Event: 8.965 Thread 0x0000013ce18be910 flushing  nmethod 0x0000013ce4ffe210
Event: 8.965 Thread 0x0000013ce18be910 flushing  nmethod 0x0000013ce4fffc10
Event: 8.965 Thread 0x0000013ce18be910 flushing  nmethod 0x0000013ce5000910
Event: 8.965 Thread 0x0000013ce18be910 flushing  nmethod 0x0000013ce5000d90
Event: 8.965 Thread 0x0000013ce18be910 flushing  nmethod 0x0000013ce5003390
Event: 8.965 Thread 0x0000013ce18be910 flushing  nmethod 0x0000013ce500c690
Event: 8.965 Thread 0x0000013ce18be910 flushing  nmethod 0x0000013ce501ed10
Event: 8.965 Thread 0x0000013ce18be910 flushing  nmethod 0x0000013ce502b990
Event: 8.965 Thread 0x0000013ce18be910 flushing  nmethod 0x0000013ce5037790
Event: 8.965 Thread 0x0000013ce18be910 flushing  nmethod 0x0000013ce503e590
Event: 8.965 Thread 0x0000013ce18be910 flushing  nmethod 0x0000013ce5043990
Event: 8.965 Thread 0x0000013ce18be910 flushing  nmethod 0x0000013ce504ea90
Event: 8.965 Thread 0x0000013ce18be910 flushing  nmethod 0x0000013ce50bd910
Event: 8.965 Thread 0x0000013ce18be910 flushing  nmethod 0x0000013ce50c0210
Event: 8.965 Thread 0x0000013ce18be910 flushing  nmethod 0x0000013ce50df610
Event: 8.965 Thread 0x0000013ce18be910 flushing  nmethod 0x0000013ce50fd710
Event: 8.965 Thread 0x0000013ce18be910 flushing  nmethod 0x0000013ce50fef10
Event: 8.965 Thread 0x0000013ce18be910 flushing  nmethod 0x0000013ce5119110
Event: 8.965 Thread 0x0000013ce18be910 flushing  nmethod 0x0000013ce511a810
Event: 8.965 Thread 0x0000013ce18be910 flushing  nmethod 0x0000013ce513d190

Events (20 events):
Event: 10.533 Thread 0x0000013cfa904970 Thread added: 0x0000013cc3077070
Event: 10.533 Thread 0x0000013cc30797d0 Thread added: 0x0000013cc3072ed0
Event: 10.534 Thread 0x0000013cc3075cc0 Thread added: 0x0000013cc3072840
Event: 10.534 Thread 0x0000013cc3072ed0 Thread added: 0x0000013cc3074910
Event: 10.535 Thread 0x0000013cc3072840 Thread added: 0x0000013cc3077d90
Event: 10.537 Thread 0x0000013cc3077070 Thread added: 0x0000013cc3076350
Event: 10.539 Thread 0x0000013cc3076350 Thread added: 0x0000013cc3077700
Event: 10.540 Thread 0x0000013cc3077700 Thread added: 0x0000013cc3073bf0
Event: 12.548 Thread 0x0000013cfa9014f0 Thread added: 0x0000013cc3074280
Event: 14.387 Thread 0x0000013cc3074280 Thread exited: 0x0000013cc3074280
Event: 19.270 Thread 0x0000013cc30721b0 Thread added: 0x0000013cc3078ab0
Event: 19.271 Thread 0x0000013cc30721b0 Thread added: 0x0000013cc241ba00
Event: 19.272 Thread 0x0000013cc30721b0 Thread added: 0x0000013cc2422300
Event: 19.272 Thread 0x0000013cc30721b0 Thread added: 0x0000013cc241ee80
Event: 19.273 Thread 0x0000013cc30721b0 Thread added: 0x0000013cc2420f50
Event: 21.096 Thread 0x0000013cc241ba00 Thread exited: 0x0000013cc241ba00
Event: 21.096 Thread 0x0000013cc3078ab0 Thread exited: 0x0000013cc3078ab0
Event: 21.097 Thread 0x0000013cc2420f50 Thread exited: 0x0000013cc2420f50
Event: 21.107 Thread 0x0000013cc2422300 Thread exited: 0x0000013cc2422300
Event: 21.107 Thread 0x0000013cc241ee80 Thread exited: 0x0000013cc241ee80


Dynamic libraries:
0x00007ff736de0000 - 0x00007ff736dee000 	c:\Users\PC\.vscode\extensions\redhat.java-1.54.0-win32-x64\jre\21.0.10-win32-x86_64\bin\java.exe
0x00007ffa4dd50000 - 0x00007ffa4df67000 	C:\WINDOWS\SYSTEM32\ntdll.dll
0x00007ffa4ca50000 - 0x00007ffa4cb14000 	C:\WINDOWS\System32\KERNEL32.DLL
0x00007ffa4b430000 - 0x00007ffa4b7e7000 	C:\WINDOWS\System32\KERNELBASE.dll
0x00007ffa4b7f0000 - 0x00007ffa4b901000 	C:\WINDOWS\System32\ucrtbase.dll
0x00007ffa43be0000 - 0x00007ffa43bf8000 	c:\Users\PC\.vscode\extensions\redhat.java-1.54.0-win32-x64\jre\21.0.10-win32-x86_64\bin\jli.dll
0x00007ffa31f40000 - 0x00007ffa31f5e000 	c:\Users\PC\.vscode\extensions\redhat.java-1.54.0-win32-x64\jre\21.0.10-win32-x86_64\bin\VCRUNTIME140.dll
0x00007ffa4c8a0000 - 0x00007ffa4ca4f000 	C:\WINDOWS\System32\USER32.dll
0x00007ffa27e00000 - 0x00007ffa28093000 	C:\WINDOWS\WinSxS\amd64_microsoft.windows.common-controls_6595b64144ccf1df_6.0.22621.3672_none_2713b9d173822955\COMCTL32.dll
0x00007ffa4b0e0000 - 0x00007ffa4b106000 	C:\WINDOWS\System32\win32u.dll
0x00007ffa4d350000 - 0x00007ffa4d3f7000 	C:\WINDOWS\System32\msvcrt.dll
0x00007ffa4d090000 - 0x00007ffa4d0b9000 	C:\WINDOWS\System32\GDI32.dll
0x00007ffa4b110000 - 0x00007ffa4b228000 	C:\WINDOWS\System32\gdi32full.dll
0x00007ffa4b2f0000 - 0x00007ffa4b38a000 	C:\WINDOWS\System32\msvcp_win.dll
0x00007ffa4c4d0000 - 0x00007ffa4c501000 	C:\WINDOWS\System32\IMM32.DLL
0x00007ffa40a80000 - 0x00007ffa40a8c000 	c:\Users\PC\.vscode\extensions\redhat.java-1.54.0-win32-x64\jre\21.0.10-win32-x86_64\bin\vcruntime140_1.dll
0x00007ffa126c0000 - 0x00007ffa1274d000 	c:\Users\PC\.vscode\extensions\redhat.java-1.54.0-win32-x64\jre\21.0.10-win32-x86_64\bin\msvcp140.dll
0x00007ff9ee5c0000 - 0x00007ff9ef361000 	c:\Users\PC\.vscode\extensions\redhat.java-1.54.0-win32-x64\jre\21.0.10-win32-x86_64\bin\server\jvm.dll
0x00007ffa4d500000 - 0x00007ffa4d5b2000 	C:\WINDOWS\System32\ADVAPI32.dll
0x00007ffa4c7c0000 - 0x00007ffa4c868000 	C:\WINDOWS\System32\sechost.dll
0x00007ffa4b390000 - 0x00007ffa4b3b8000 	C:\WINDOWS\System32\bcrypt.dll
0x00007ffa4d230000 - 0x00007ffa4d344000 	C:\WINDOWS\System32\RPCRT4.dll
0x00007ffa4dc90000 - 0x00007ffa4dd01000 	C:\WINDOWS\System32\WS2_32.dll
0x00007ffa49ed0000 - 0x00007ffa49f1d000 	C:\WINDOWS\SYSTEM32\POWRPROF.dll
0x00007ffa45e40000 - 0x00007ffa45e74000 	C:\WINDOWS\SYSTEM32\WINMM.dll
0x00007ffa48790000 - 0x00007ffa4879a000 	C:\WINDOWS\SYSTEM32\VERSION.dll
0x00007ffa49eb0000 - 0x00007ffa49ec3000 	C:\WINDOWS\SYSTEM32\UMPDC.dll
0x00007ffa4a160000 - 0x00007ffa4a178000 	C:\WINDOWS\SYSTEM32\kernel.appcore.dll
0x00007ffa3e8e0000 - 0x00007ffa3e8ea000 	c:\Users\PC\.vscode\extensions\redhat.java-1.54.0-win32-x64\jre\21.0.10-win32-x86_64\bin\jimage.dll
0x00007ffa48510000 - 0x00007ffa48742000 	C:\WINDOWS\SYSTEM32\DBGHELP.DLL
0x00007ffa4d670000 - 0x00007ffa4d9fe000 	C:\WINDOWS\System32\combase.dll
0x00007ffa4cfb0000 - 0x00007ffa4d087000 	C:\WINDOWS\System32\OLEAUT32.dll
0x00007ffa061b0000 - 0x00007ffa061e2000 	C:\WINDOWS\SYSTEM32\dbgcore.DLL
0x00007ffa4b060000 - 0x00007ffa4b0db000 	C:\WINDOWS\System32\bcryptPrimitives.dll
0x00007ffa3deb0000 - 0x00007ffa3debf000 	c:\Users\PC\.vscode\extensions\redhat.java-1.54.0-win32-x64\jre\21.0.10-win32-x86_64\bin\instrument.dll
0x00007ffa21230000 - 0x00007ffa21250000 	c:\Users\PC\.vscode\extensions\redhat.java-1.54.0-win32-x64\jre\21.0.10-win32-x86_64\bin\java.dll
0x00007ffa4bae0000 - 0x00007ffa4c349000 	C:\WINDOWS\System32\SHELL32.dll
0x00007ffa48f90000 - 0x00007ffa4988f000 	C:\WINDOWS\SYSTEM32\windows.storage.dll
0x00007ffa48e50000 - 0x00007ffa48f8f000 	C:\WINDOWS\SYSTEM32\wintypes.dll
0x00007ffa4d400000 - 0x00007ffa4d4f9000 	C:\WINDOWS\System32\SHCORE.dll
0x00007ffa4dbb0000 - 0x00007ffa4dc0e000 	C:\WINDOWS\System32\shlwapi.dll
0x00007ffa4af90000 - 0x00007ffa4afb7000 	C:\WINDOWS\SYSTEM32\profapi.dll
0x00007ffa20fd0000 - 0x00007ffa20fe8000 	c:\Users\PC\.vscode\extensions\redhat.java-1.54.0-win32-x64\jre\21.0.10-win32-x86_64\bin\zip.dll
0x00007ffa3db90000 - 0x00007ffa3dba0000 	C:\Users\PC\.vscode\extensions\redhat.java-1.54.0-win32-x64\jre\21.0.10-win32-x86_64\bin\net.dll
0x00007ffa47180000 - 0x00007ffa472b6000 	C:\WINDOWS\SYSTEM32\WINHTTP.dll
0x00007ffa4a5c0000 - 0x00007ffa4a629000 	C:\WINDOWS\system32\mswsock.dll
0x00007ffa1fab0000 - 0x00007ffa1fac6000 	C:\Users\PC\.vscode\extensions\redhat.java-1.54.0-win32-x64\jre\21.0.10-win32-x86_64\bin\nio.dll
0x00007ffa3d980000 - 0x00007ffa3d990000 	c:\Users\PC\.vscode\extensions\redhat.java-1.54.0-win32-x64\jre\21.0.10-win32-x86_64\bin\verify.dll
0x00007ffa12670000 - 0x00007ffa126b5000 	C:\Users\PC\AppData\Roaming\Code\User\globalStorage\redhat.java\1.54.0\config_win\org.eclipse.equinox.launcher\org.eclipse.equinox.launcher.win32.win32.x86_64_1.3.0.v20260203-2149\eclipse_11919.dll
0x00007ffa4da00000 - 0x00007ffa4dba5000 	C:\WINDOWS\System32\ole32.dll
0x00007ffa4a910000 - 0x00007ffa4a92b000 	C:\WINDOWS\SYSTEM32\CRYPTSP.dll
0x00007ffa4a0c0000 - 0x00007ffa4a0f5000 	C:\WINDOWS\system32\rsaenh.dll
0x00007ffa4a660000 - 0x00007ffa4a688000 	C:\WINDOWS\SYSTEM32\USERENV.dll
0x00007ffa4a8f0000 - 0x00007ffa4a8fc000 	C:\WINDOWS\SYSTEM32\CRYPTBASE.dll
0x00007ffa49b60000 - 0x00007ffa49b8d000 	C:\WINDOWS\SYSTEM32\IPHLPAPI.DLL
0x00007ffa4c4c0000 - 0x00007ffa4c4c9000 	C:\WINDOWS\System32\NSI.dll
0x00007ffa10e50000 - 0x00007ffa10e99000 	C:\Users\PC\AppData\Local\Temp\jna-2547\jna16981172480749529035.dll
0x00007ffa4cfa0000 - 0x00007ffa4cfa8000 	C:\WINDOWS\System32\PSAPI.DLL
0x00007ffa470b0000 - 0x00007ffa470c9000 	C:\WINDOWS\SYSTEM32\dhcpcsvc6.DLL
0x00007ffa47090000 - 0x00007ffa470af000 	C:\WINDOWS\SYSTEM32\dhcpcsvc.DLL

JVMTI agents:
c:\Users\PC\.vscode\extensions\redhat.java-1.54.0-win32-x64\lombok\lombok-1.18.39-4050.jar path:c:\Users\PC\.vscode\extensions\redhat.java-1.54.0-win32-x64\jre\21.0.10-win32-x86_64\bin\instrument.dll, loaded, initialized, instrumentlib options:none

dbghelp: loaded successfully - version: 4.0.5 - missing functions: none
symbol engine: initialized successfully - sym options: 0x614 - pdb path: .;c:\Users\PC\.vscode\extensions\redhat.java-1.54.0-win32-x64\jre\21.0.10-win32-x86_64\bin;C:\WINDOWS\SYSTEM32;C:\WINDOWS\WinSxS\amd64_microsoft.windows.common-controls_6595b64144ccf1df_6.0.22621.3672_none_2713b9d173822955;c:\Users\PC\.vscode\extensions\redhat.java-1.54.0-win32-x64\jre\21.0.10-win32-x86_64\bin\server;C:\Users\PC\AppData\Roaming\Code\User\globalStorage\redhat.java\1.54.0\config_win\org.eclipse.equinox.launcher\org.eclipse.equinox.launcher.win32.win32.x86_64_1.3.0.v20260203-2149;C:\Users\PC\AppData\Local\Temp\jna-2547

VM Arguments:
jvm_args: --add-modules=ALL-SYSTEM --add-opens=java.base/java.util=ALL-UNNAMED --add-opens=java.base/java.lang=ALL-UNNAMED --add-opens=java.base/sun.nio.fs=ALL-UNNAMED -Declipse.application=org.eclipse.jdt.ls.core.id1 -Dosgi.bundles.defaultStartLevel=4 -Declipse.product=org.eclipse.jdt.ls.core.product -Djava.import.generatesMetadataFilesAtProjectRoot=false -DDetectVMInstallationsJob.disabled=true -Dfile.encoding=utf8 -XX:+UseParallelGC -XX:GCTimeRatio=4 -XX:AdaptiveSizePolicyWeight=90 -Dsun.zip.disableMemoryMapping=true -Xmx2G -Xms100m -Xlog:disable -javaagent:c:\Users\PC\.vscode\extensions\redhat.java-1.54.0-win32-x64\lombok\lombok-1.18.39-4050.jar -XX:+HeapDumpOnOutOfMemoryError -XX:HeapDumpPath=c:\Users\PC\AppData\Roaming\Code\User\workspaceStorage\02fa4a4dd81151b4bec70223ab20b6ec\redhat.java -Daether.dependencyCollector.impl=bf 
java_command: c:\Users\PC\.vscode\extensions\redhat.java-1.54.0-win32-x64\server\plugins\org.eclipse.equinox.launcher_1.7.100.v20251111-0406.jar -configuration c:\Users\PC\AppData\Roaming\Code\User\globalStorage\redhat.java\1.54.0\config_win -data c:\Users\PC\AppData\Roaming\Code\User\workspaceStorage\02fa4a4dd81151b4bec70223ab20b6ec\redhat.java\jdt_ws --pipe=\\.\pipe\lsp-ae030604dfc2a67eeadc4db8a1cec224-sock
java_class_path (initial): c:\Users\PC\.vscode\extensions\redhat.java-1.54.0-win32-x64\server\plugins\org.eclipse.equinox.launcher_1.7.100.v20251111-0406.jar
Launcher Type: SUN_STANDARD

[Global flags]
    uintx AdaptiveSizePolicyWeight                 = 90                                        {product} {command line}
     intx CICompilerCount                          = 4                                         {product} {ergonomic}
    uintx GCTimeRatio                              = 4                                         {product} {command line}
     bool HeapDumpOnOutOfMemoryError               = true                                   {manageable} {command line}
    ccstr HeapDumpPath                             = c:\Users\PC\AppData\Roaming\Code\User\workspaceStorage\02fa4a4dd81151b4bec70223ab20b6ec\redhat.java         {manageable} {command line}
   size_t InitialHeapSize                          = 104857600                                 {product} {command line}
   size_t MaxHeapSize                              = 2147483648                                {product} {command line}
   size_t MaxNewSize                               = 715653120                                 {product} {ergonomic}
   size_t MinHeapDeltaBytes                        = 524288                                    {product} {ergonomic}
   size_t MinHeapSize                              = 104857600                                 {product} {command line}
   size_t NewSize                                  = 34603008                                  {product} {ergonomic}
    uintx NonNMethodCodeHeapSize                   = 5839372                                {pd product} {ergonomic}
    uintx NonProfiledCodeHeapSize                  = 122909434                              {pd product} {ergonomic}
   size_t OldSize                                  = 70254592                                  {product} {ergonomic}
    uintx ProfiledCodeHeapSize                     = 122909434                              {pd product} {ergonomic}
    uintx ReservedCodeCacheSize                    = 251658240                              {pd product} {ergonomic}
     bool SegmentedCodeCache                       = true                                      {product} {ergonomic}
   size_t SoftMaxHeapSize                          = 2147483648                             {manageable} {ergonomic}
     bool UseCompressedOops                        = true                           {product lp64_product} {ergonomic}
     bool UseLargePagesIndividualAllocation        = false                                  {pd product} {ergonomic}
     bool UseParallelGC                            = true                                      {product} {command line}

Logging:
Log output configuration:
 #0: stdout all=off uptime,level,tags foldmultilines=false
 #1: stderr all=off uptime,level,tags foldmultilines=false

Release file:
JAVA_VERSION="21.0.10" 
MODULES="java.base java.compiler java.datatransfer java.xml java.prefs java.desktop java.instrument java.logging java.management java.security.sasl java.naming java.rmi java.management.rmi java.net.http java.scripting java.security.jgss java.transaction.xa java.sql java.sql.rowset java.xml.crypto java.se java.smartcardio jdk.accessibility jdk.internal.jvmstat jdk.attach jdk.charsets jdk.internal.opt jdk.zipfs jdk.compiler jdk.crypto.ec jdk.crypto.cryptoki jdk.crypto.mscapi jdk.dynalink jdk.internal.ed jdk.editpad jdk.hotspot.agent jdk.httpserver jdk.internal.le jdk.internal.vm.ci jdk.internal.vm.compiler jdk.internal.vm.compiler.management jdk.jartool jdk.javadoc jdk.jcmd jdk.management jdk.management.agent jdk.jconsole jdk.jdeps jdk.jdwp.agent jdk.jdi jdk.jfr jdk.jshell jdk.jsobject jdk.jstatd jdk.localedata jdk.management.jfr jdk.naming.dns jdk.naming.rmi jdk.net jdk.nio.mapmode jdk.random jdk.sctp jdk.security.auth jdk.security.jgss jdk.unsupported jdk.unsupported.desktop jdk.xml.dom" 

Environment Variables:
PATH=C:\Users\PC\AppData\Local\Programs\Microsoft VS Code;C:\Program Files\php-8.2.30-nts-Win32-vs16-x64;C:\xampp\php;C:\Program Files\Common Files\Oracle\Java\javapath;C:\WINDOWS\system32;C:\WINDOWS;C:\WINDOWS\System32\Wbem;C:\WINDOWS\System32\WindowsPowerShell\v1.0\;C:\WINDOWS\System32\OpenSSH\;C:\Users\PC\AppData\Local\nvm;C:\nvm4w\nodejs;C:\Program Files\Git\cmd;C:\Program Files\Microsoft SQL Server\170\Tools\Binn\;C:\Program Files\Microsoft SQL Server\Client SDK\ODBC\170\Tools\Binn\;C:\Program Files (x86)\Microsoft SQL Server\170\Tools\Binn\;C:\Program Files\Microsoft SQL Server\Client SDK\ODBC\180\Tools\Binn\;C:\Program Files\Microsoft SQL Server\170\DTS\Binn\;C:\Program Files\Docker\Docker\resources\bin;C:\Program Files\apache-maven-3.9.12\bin;C:\Program Files\PuTTY\;C:\composer;C:\Program Files\MySQL;C:\Users\PC\AppData\Local\Programs\Python\Launcher\;C:\Users\PC\AppData\Local\Microsoft\WindowsApps;C:\Users\PC\AppData\Local\Programs\Microsoft VS Code\bin;C:\Users\PC\AppData\Roami;C:\Program Files\Common Files\Oracle\Java\javapath;C:\WINDOWS\system32;C:\WINDOWS;C:\WINDOWS\System32\Wbem;C:\WINDOWS\System32\WindowsPowerShell\v1.0\;C:\WINDOWS\System32\OpenSSH\;C:\Users\PC\AppData\Local\nvm;C:\nvm4w\nodejs;C:\Program Files\Git\cmd;C:\Program Files\Microsoft SQL Server\170\Tools\Binn\;C:\Program Files\Microsoft SQL Server\Client SDK\ODBC\170\Tools\Binn\;C:\Program Files (x86)\Microsoft SQL Server\170\Tools\Binn\;C:\Program Files\Microsoft SQL Server\Client SDK\ODBC\180\Tools\Binn\;C:\Program Files\Microsoft SQL Server\170\DTS\Binn\;C:\Program Files\Docker\Docker\resources\bin;C:\Program Files\apache-maven-3.9.12\bin;C:\Program Files\PuTTY\;C:\Program Files\php-8.1.34-Win32-vs16-x64;C:\composer;C:\Program Files\MySQL;C:\Users\PC\AppData\Local\Programs\Python\Launcher\;C:\Users\PC\AppData\Local\Microsoft\WindowsApps;C:\Users\PC\AppData\Local\Programs\Microsoft VS Code\bin;C:\Users\PC\AppData\Roaming\npm;C:\Users\PC\.bun\bin;C:\Users\PC\AppData\Local\Programs\Antigravity;C:\Program Files\MySQL;C:\Users\PC\AppData\Local\Programs\cursor\resources\app\bin
USERNAME=PC
OS=Windows_NT
PROCESSOR_IDENTIFIER=Intel64 Family 6 Model 166 Stepping 1, GenuineIntel
TMP=C:\Users\PC\AppData\Local\Temp
TEMP=C:\Users\PC\AppData\Local\Temp




Periodic native trim disabled

---------------  S Y S T E M  ---------------

OS:
 Windows 11 , 64 bit Build 22621 (10.0.22621.3958)
OS uptime: 6 days 21:50 hours
Hyper-V role detected

CPU: total 12 (initial active 12) (6 cores per cpu, 2 threads per core) family 6 model 166 stepping 1 microcode 0x100, cx8, cmov, fxsr, ht, mmx, 3dnowpref, sse, sse2, sse3, ssse3, sse4.1, sse4.2, popcnt, lzcnt, tsc, tscinvbit, avx, avx2, aes, erms, clmul, bmi1, bmi2, adx, fma, vzeroupper, clflush, clflushopt, hv, rdtscp, f16c
Processor Information for the first 12 processors :
  Max Mhz: 1608, Current Mhz: 1105, Mhz Limit: 1093

Memory: 4k page, system-wide physical 15713M (2144M free)
TotalPageFile size 18650M (AvailPageFile size 5M)
current process WorkingSet (physical memory assigned to process): 341M, peak: 341M
current process commit charge ("private bytes"): 424M, peak: 425M

vm_info: OpenJDK 64-Bit Server VM (21.0.10+7-LTS) for windows-amd64 JRE (21.0.10+7-LTS), built on 2026-01-20T00:00:00Z by "admin" with MS VC++ 17.12 (VS2022)

END.
