#
# There is insufficient memory for the Java Runtime Environment to continue.
# Native memory allocation (malloc) failed to allocate 1156016 bytes. Error detail: Chunk::new
# Possible reasons:
#   The system is out of physical RAM or swap space
#   This process is running with CompressedOops enabled, and the Java Heap may be blocking the growth of the native heap
# Possible solutions:
#   Reduce memory load on the system
#   Increase physical memory or swap space
#   Check if swap backing store is full
#   Decrease Java heap size (-Xmx/-Xms)
#   Decrease number of Java threads
#   Decrease Java thread stack sizes (-Xss)
#   Set larger code cache with -XX:ReservedCodeCacheSize=
#   JVM is running with Unscaled Compressed Oops mode in which the Java heap is
#     placed in the first 4GB address space. The Java Heap base address is the
#     maximum limit for the native heap growth. Please use -XX:HeapBaseMinAddress
#     to set the Java Heap base and to place the Java Heap above 4GB virtual address.
# This output file may be truncated or incomplete.
#
#  Out of Memory Error (arena.cpp:168), pid=5264, tid=17620
#
# JRE version: OpenJDK Runtime Environment Temurin-21.0.10+7 (21.0.10+7) (build 21.0.10+7-LTS)
# Java VM: OpenJDK 64-Bit Server VM Temurin-21.0.10+7 (21.0.10+7-LTS, mixed mode, sharing, tiered, compressed oops, compressed class ptrs, parallel gc, windows-amd64)
# No core dump will be written. Minidumps are not enabled by default on client versions of Windows
#

---------------  S U M M A R Y ------------

Command Line: --add-modules=ALL-SYSTEM --add-opens=java.base/java.util=ALL-UNNAMED --add-opens=java.base/java.lang=ALL-UNNAMED --add-opens=java.base/sun.nio.fs=ALL-UNNAMED -Declipse.application=org.eclipse.jdt.ls.core.id1 -Dosgi.bundles.defaultStartLevel=4 -Declipse.product=org.eclipse.jdt.ls.core.product -Djava.import.generatesMetadataFilesAtProjectRoot=false -DDetectVMInstallationsJob.disabled=true -Dfile.encoding=utf8 -XX:+UseParallelGC -XX:GCTimeRatio=4 -XX:AdaptiveSizePolicyWeight=90 -Dsun.zip.disableMemoryMapping=true -Xmx2G -Xms100m -Xlog:disable -javaagent:c:\Users\PC\.vscode\extensions\redhat.java-1.54.0-win32-x64\lombok\lombok-1.18.39-4050.jar -XX:+HeapDumpOnOutOfMemoryError -XX:HeapDumpPath=c:\Users\PC\AppData\Roaming\Code\User\workspaceStorage\02fa4a4dd81151b4bec70223ab20b6ec\redhat.java -Daether.dependencyCollector.impl=bf c:\Users\PC\.vscode\extensions\redhat.java-1.54.0-win32-x64\server\plugins\org.eclipse.equinox.launcher_1.7.100.v20251111-0406.jar -configuration c:\Users\PC\AppData\Roaming\Code\User\globalStorage\redhat.java\1.54.0\config_win -data c:\Users\PC\AppData\Roaming\Code\User\workspaceStorage\02fa4a4dd81151b4bec70223ab20b6ec\redhat.java\jdt_ws --pipe=\\.\pipe\lsp-c7ca7265c6e766c63d13c49734b5dfa8-sock

Host: Intel(R) Core(TM) i7-10810U CPU @ 1.10GHz, 12 cores, 15G,  Windows 11 , 64 bit Build 22621 (10.0.22621.3958)
Time: Wed May  6 12:38:28 2026 South Africa Standard Time elapsed time: 67.256100 seconds (0d 0h 1m 7s)

---------------  T H R E A D  ---------------

Current thread (0x000001bff2c38200):  JavaThread "C2 CompilerThread2" daemon [_thread_in_native, id=17620, stack(0x0000000100400000,0x0000000100500000) (1024K)]


Current CompileTask:
C2:67256 17057       4       org.eclipse.jdt.internal.compiler.lookup.Scope::getTypeOrPackage (1525 bytes)

Stack: [0x0000000100400000,0x0000000100500000]
Native frames: (J=compiled Java code, j=interpreted, Vv=VM code, C=native code)
V  [jvm.dll+0x6d7a39]
V  [jvm.dll+0x8b4b26]
V  [jvm.dll+0x8b70de]
V  [jvm.dll+0x8b77c3]
V  [jvm.dll+0x284346]
V  [jvm.dll+0xc66ed]
V  [jvm.dll+0xc6c31]
V  [jvm.dll+0x2fb29e]
V  [jvm.dll+0x5fe884]
V  [jvm.dll+0x255b17]
V  [jvm.dll+0x255edd]
V  [jvm.dll+0x24e500]
V  [jvm.dll+0x24ba42]
V  [jvm.dll+0x1cb34e]
V  [jvm.dll+0x25b85d]
V  [jvm.dll+0x259dea]
V  [jvm.dll+0x3f857e]
V  [jvm.dll+0x85f59d]
V  [jvm.dll+0x6d626d]
C  [ucrtbase.dll+0x29333]
C  [KERNEL32.DLL+0x1257d]
C  [ntdll.dll+0x5af08]


---------------  P R O C E S S  ---------------

Threads class SMR info:
_java_thread_list=0x000001bfe57e7e80, length=88, elements={
0x000001bfc5e603a0, 0x000001bfc5f043c0, 0x000001bfdc90e1d0, 0x000001bfc5f07de0,
0x000001bfc5f08df0, 0x000001bfc5f0a440, 0x000001bfc5f0d9d0, 0x000001bfc5f12a80,
0x000001bfc5f14890, 0x000001bfdde6d4b0, 0x000001bfde0593a0, 0x000001bfe3de8b10,
0x000001bfe3ace250, 0x000001bfe3ac8d40, 0x000001bfe3ac93b0, 0x000001bfe4056ba0,
0x000001bfe428d180, 0x000001bfe30d9600, 0x000001bfe3250f40, 0x000001bfe3250220,
0x000001bfe32508b0, 0x000001bfe324e150, 0x000001bfe324ee70, 0x000001bfe324f500,
0x000001bfe324fb90, 0x000001bfe38c8490, 0x000001bfe38cb910, 0x000001bfe38c91b0,
0x000001bfe38cbfa0, 0x000001bfe38c9ed0, 0x000001bfe38cfab0, 0x000001bfe38ce070,
0x000001bfe38cc630, 0x000001bfe38ce700, 0x000001bfe38cccc0, 0x000001bfe38ced90,
0x000001bfe38cd350, 0x000001bfe38c8b20, 0x000001bfe38cd9e0, 0x000001bfe38cf420,
0x000001bfe38c9840, 0x000001bfe38ca560, 0x000001bfe38cabf0, 0x000001bfe38cb280,
0x000001bfe46c9990, 0x000001bfe46c5e80, 0x000001bfe46c6510, 0x000001bfe46c6ba0,
0x000001bfe46ca020, 0x000001bfe46c78c0, 0x000001bfe46ca6b0, 0x000001bfe46c9300,
0x000001bfe46c7230, 0x000001bfe46c7f50, 0x000001bfe46c85e0, 0x000001bfe46cce10,
0x000001bfe46cd4a0, 0x000001bfe46c8c70, 0x000001bfe46cad40, 0x000001bfe46cb3d0,
0x000001bfe46cba60, 0x000001bfe46cc0f0, 0x000001bfddd6cec0, 0x000001bfddd6c1a0,
0x000001bfddd6a0d0, 0x000001bfddd672e0, 0x000001bfddd6bb10, 0x000001bfddd66c50,
0x000001bfddd6d550, 0x000001bfddd6b480, 0x000001bfddd69a40, 0x000001bfddd6a760,
0x000001bfddd6dbe0, 0x000001bfddd68000, 0x000001bfddd6adf0, 0x000001bfe4dad7a0,
0x000001bfe4dade30, 0x000001bfe4da6ea0, 0x000001bfe4dabd60, 0x000001bfe4dad110,
0x000001bfe4da8250, 0x000001bfe4da7530, 0x000001bfe4daca80, 0x000001bfe4da9c90,
0x000001bfe4dae4c0, 0x000001bfe4da7bc0, 0x000001bff2c3ccf0, 0x000001bff2c38200
}

Java Threads: ( => current thread )
  0x000001bfc5e603a0 JavaThread "main"                              [_thread_blocked, id=8536, stack(0x0000000100600000,0x0000000100700000) (1024K)]
  0x000001bfc5f043c0 JavaThread "Reference Handler"          daemon [_thread_blocked, id=9460, stack(0x0000000100a00000,0x0000000100b00000) (1024K)]
  0x000001bfdc90e1d0 JavaThread "Finalizer"                  daemon [_thread_blocked, id=15540, stack(0x0000000100b00000,0x0000000100c00000) (1024K)]
  0x000001bfc5f07de0 JavaThread "Signal Dispatcher"          daemon [_thread_blocked, id=14684, stack(0x0000000100c00000,0x0000000100d00000) (1024K)]
  0x000001bfc5f08df0 JavaThread "Attach Listener"            daemon [_thread_blocked, id=26064, stack(0x0000000100d00000,0x0000000100e00000) (1024K)]
  0x000001bfc5f0a440 JavaThread "Service Thread"             daemon [_thread_blocked, id=10164, stack(0x0000000100e00000,0x0000000100f00000) (1024K)]
  0x000001bfc5f0d9d0 JavaThread "Monitor Deflation Thread"   daemon [_thread_blocked, id=3772, stack(0x0000000100f00000,0x0000000101000000) (1024K)]
  0x000001bfc5f12a80 JavaThread "C2 CompilerThread0"         daemon [_thread_in_native, id=14044, stack(0x0000000101000000,0x0000000101100000) (1024K)]
  0x000001bfc5f14890 JavaThread "C1 CompilerThread0"         daemon [_thread_blocked, id=12528, stack(0x0000000101100000,0x0000000101200000) (1024K)]
  0x000001bfdde6d4b0 JavaThread "Common-Cleaner"             daemon [_thread_blocked, id=18744, stack(0x0000000101200000,0x0000000101300000) (1024K)]
  0x000001bfde0593a0 JavaThread "Notification Thread"        daemon [_thread_blocked, id=16228, stack(0x0000000101400000,0x0000000101500000) (1024K)]
  0x000001bfe3de8b10 JavaThread "Active Thread: Equinox Container: 6d169e7e-9a93-4c54-9169-1eae7607324e"        [_thread_blocked, id=19228, stack(0x0000000101c00000,0x0000000101d00000) (1024K)]
  0x000001bfe3ace250 JavaThread "Refresh Thread: Equinox Container: 6d169e7e-9a93-4c54-9169-1eae7607324e" daemon [_thread_blocked, id=24164, stack(0x0000000101d00000,0x0000000101e00000) (1024K)]
  0x000001bfe3ac8d40 JavaThread "Framework Event Dispatcher: Equinox Container: 6d169e7e-9a93-4c54-9169-1eae7607324e" daemon [_thread_blocked, id=25572, stack(0x0000000101e00000,0x0000000101f00000) (1024K)]
  0x000001bfe3ac93b0 JavaThread "Start Level: Equinox Container: 6d169e7e-9a93-4c54-9169-1eae7607324e" daemon [_thread_blocked, id=364, stack(0x0000000101f00000,0x0000000102000000) (1024K)]
  0x000001bfe4056ba0 JavaThread "Bundle File Closer"         daemon [_thread_blocked, id=11972, stack(0x0000000102300000,0x0000000102400000) (1024K)]
  0x000001bfe428d180 JavaThread "SCR Component Actor"        daemon [_thread_blocked, id=11552, stack(0x0000000101300000,0x0000000101400000) (1024K)]
  0x000001bfe30d9600 JavaThread "Worker-JM"                         [_thread_blocked, id=18116, stack(0x0000000102500000,0x0000000102600000) (1024K)]
  0x000001bfe3250f40 JavaThread "JNA Cleaner"                daemon [_thread_blocked, id=11048, stack(0x0000000102000000,0x0000000102100000) (1024K)]
  0x000001bfe3250220 JavaThread "Worker-0"                          [_thread_blocked, id=15144, stack(0x0000000102600000,0x0000000102700000) (1024K)]
  0x000001bfe32508b0 JavaThread "Worker-1: Java indexing... "        [_thread_blocked, id=5608, stack(0x0000000102700000,0x0000000102800000) (1024K)]
  0x000001bfe324e150 JavaThread "Worker-2"                          [_thread_blocked, id=5508, stack(0x0000000102800000,0x0000000102900000) (1024K)]
  0x000001bfe324ee70 JavaThread "Java indexing"              daemon [_thread_in_Java, id=13904, stack(0x0000000102a00000,0x0000000102b00000) (1024K)]
  0x000001bfe324f500 JavaThread "Worker-3"                          [_thread_blocked, id=23752, stack(0x0000000102b00000,0x0000000102c00000) (1024K)]
  0x000001bfe324fb90 JavaThread "Worker-4: Building"                [_thread_in_native, id=18068, stack(0x0000000102c00000,0x0000000102d00000) (1024K)]
  0x000001bfe38c8490 JavaThread "Worker-5"                          [_thread_blocked, id=21900, stack(0x0000000102f00000,0x0000000103000000) (1024K)]
  0x000001bfe38cb910 JavaThread "Thread-1"                   daemon [_thread_in_native, id=12408, stack(0x0000000103000000,0x0000000103100000) (1024K)]
  0x000001bfe38c91b0 JavaThread "Thread-2"                   daemon [_thread_in_native, id=23800, stack(0x0000000103100000,0x0000000103200000) (1024K)]
  0x000001bfe38cbfa0 JavaThread "Thread-3"                   daemon [_thread_in_native, id=9900, stack(0x0000000103200000,0x0000000103300000) (1024K)]
  0x000001bfe38c9ed0 JavaThread "Thread-4"                   daemon [_thread_in_native, id=4556, stack(0x0000000103300000,0x0000000103400000) (1024K)]
  0x000001bfe38cfab0 JavaThread "Thread-5"                   daemon [_thread_in_native, id=14444, stack(0x0000000103400000,0x0000000103500000) (1024K)]
  0x000001bfe38ce070 JavaThread "Thread-6"                   daemon [_thread_in_native, id=15776, stack(0x0000000103500000,0x0000000103600000) (1024K)]
  0x000001bfe38cc630 JavaThread "Thread-7"                   daemon [_thread_in_native, id=14256, stack(0x0000000103600000,0x0000000103700000) (1024K)]
  0x000001bfe38ce700 JavaThread "Thread-8"                   daemon [_thread_in_native, id=7924, stack(0x0000000103700000,0x0000000103800000) (1024K)]
  0x000001bfe38cccc0 JavaThread "Thread-9"                   daemon [_thread_in_native, id=4352, stack(0x0000000103800000,0x0000000103900000) (1024K)]
  0x000001bfe38ced90 JavaThread "Thread-10"                  daemon [_thread_in_native, id=19008, stack(0x0000000103900000,0x0000000103a00000) (1024K)]
  0x000001bfe38cd350 JavaThread "Thread-11"                  daemon [_thread_in_native, id=20076, stack(0x0000000103a00000,0x0000000103b00000) (1024K)]
  0x000001bfe38c8b20 JavaThread "Thread-12"                  daemon [_thread_in_native, id=20520, stack(0x0000000103b00000,0x0000000103c00000) (1024K)]
  0x000001bfe38cd9e0 JavaThread "Thread-13"                  daemon [_thread_in_native, id=14616, stack(0x0000000103c00000,0x0000000103d00000) (1024K)]
  0x000001bfe38cf420 JavaThread "pool-2-thread-1"                   [_thread_blocked, id=5032, stack(0x0000000103d00000,0x0000000103e00000) (1024K)]
  0x000001bfe38c9840 JavaThread "WorkspaceEventsHandler"            [_thread_blocked, id=21656, stack(0x0000000103e00000,0x0000000103f00000) (1024K)]
  0x000001bfe38ca560 JavaThread "pool-1-thread-1"                   [_thread_blocked, id=19584, stack(0x0000000103f00000,0x0000000104000000) (1024K)]
  0x000001bfe38cabf0 JavaThread "ForkJoinPool.commonPool-worker-1" daemon [_thread_blocked, id=8840, stack(0x0000000104000000,0x0000000104100000) (1024K)]
  0x000001bfe38cb280 JavaThread "ForkJoinPool.commonPool-worker-2" daemon [_thread_blocked, id=11064, stack(0x0000000104100000,0x0000000104200000) (1024K)]
  0x000001bfe46c9990 JavaThread "ForkJoinPool.commonPool-worker-3" daemon [_thread_blocked, id=6232, stack(0x0000000104200000,0x0000000104300000) (1024K)]
  0x000001bfe46c5e80 JavaThread "ForkJoinPool.commonPool-worker-4" daemon [_thread_blocked, id=19564, stack(0x0000000104300000,0x0000000104400000) (1024K)]
  0x000001bfe46c6510 JavaThread "ForkJoinPool.commonPool-worker-5" daemon [_thread_blocked, id=15960, stack(0x0000000104400000,0x0000000104500000) (1024K)]
  0x000001bfe46c6ba0 JavaThread "ForkJoinPool.commonPool-worker-6" daemon [_thread_blocked, id=17740, stack(0x0000000104500000,0x0000000104600000) (1024K)]
  0x000001bfe46ca020 JavaThread "ForkJoinPool.commonPool-worker-7" daemon [_thread_blocked, id=7896, stack(0x0000000104600000,0x0000000104700000) (1024K)]
  0x000001bfe46c78c0 JavaThread "ForkJoinPool.commonPool-worker-8" daemon [_thread_blocked, id=11696, stack(0x0000000104700000,0x0000000104800000) (1024K)]
  0x000001bfe46ca6b0 JavaThread "ForkJoinPool.commonPool-worker-9" daemon [_thread_blocked, id=15608, stack(0x0000000104800000,0x0000000104900000) (1024K)]
  0x000001bfe46c9300 JavaThread "ForkJoinPool.commonPool-worker-10" daemon [_thread_blocked, id=3932, stack(0x0000000104900000,0x0000000104a00000) (1024K)]
  0x000001bfe46c7230 JavaThread "ForkJoinPool.commonPool-worker-11" daemon [_thread_blocked, id=13060, stack(0x0000000104a00000,0x0000000104b00000) (1024K)]
  0x000001bfe46c7f50 JavaThread "LocalFile Deleter"          daemon [_thread_blocked, id=26344, stack(0x0000000104b00000,0x0000000104c00000) (1024K)]
  0x000001bfe46c85e0 JavaThread "LocalFile Deleter"          daemon [_thread_blocked, id=20708, stack(0x0000000104c00000,0x0000000104d00000) (1024K)]
  0x000001bfe46cce10 JavaThread "LocalFile Deleter"          daemon [_thread_blocked, id=18684, stack(0x0000000104d00000,0x0000000104e00000) (1024K)]
  0x000001bfe46cd4a0 JavaThread "LocalFile Deleter"          daemon [_thread_blocked, id=26072, stack(0x0000000104e00000,0x0000000104f00000) (1024K)]
  0x000001bfe46c8c70 JavaThread "LocalFile Deleter"          daemon [_thread_blocked, id=19208, stack(0x0000000104f00000,0x0000000105000000) (1024K)]
  0x000001bfe46cad40 JavaThread "LocalFile Deleter"          daemon [_thread_blocked, id=17652, stack(0x0000000105000000,0x0000000105100000) (1024K)]
  0x000001bfe46cb3d0 JavaThread "LocalFile Deleter"          daemon [_thread_blocked, id=20376, stack(0x0000000105100000,0x0000000105200000) (1024K)]
  0x000001bfe46cba60 JavaThread "LocalFile Deleter"          daemon [_thread_blocked, id=25408, stack(0x0000000105200000,0x0000000105300000) (1024K)]
  0x000001bfe46cc0f0 JavaThread "LocalFile Deleter"          daemon [_thread_blocked, id=10796, stack(0x0000000105300000,0x0000000105400000) (1024K)]
  0x000001bfddd6cec0 JavaThread "LocalFile Deleter"          daemon [_thread_blocked, id=8944, stack(0x0000000105400000,0x0000000105500000) (1024K)]
  0x000001bfddd6c1a0 JavaThread "LocalFile Deleter"          daemon [_thread_blocked, id=14380, stack(0x0000000105500000,0x0000000105600000) (1024K)]
  0x000001bfddd6a0d0 JavaThread "LocalFile Deleter"          daemon [_thread_blocked, id=10548, stack(0x0000000105600000,0x0000000105700000) (1024K)]
  0x000001bfddd672e0 JavaThread "Compiler Source File Reader" daemon [_thread_blocked, id=21040, stack(0x0000000105700000,0x0000000105800000) (1024K)]
  0x000001bfddd6bb10 JavaThread "Compiler Source File Reader" daemon [_thread_blocked, id=16904, stack(0x0000000105800000,0x0000000105900000) (1024K)]
  0x000001bfddd66c50 JavaThread "Compiler Source File Reader" daemon [_thread_blocked, id=10096, stack(0x0000000105900000,0x0000000105a00000) (1024K)]
  0x000001bfddd6d550 JavaThread "Compiler Source File Reader" daemon [_thread_blocked, id=17784, stack(0x0000000105a00000,0x0000000105b00000) (1024K)]
  0x000001bfddd6b480 JavaThread "Compiler Source File Reader" daemon [_thread_blocked, id=22496, stack(0x0000000105b00000,0x0000000105c00000) (1024K)]
  0x000001bfddd69a40 JavaThread "Compiler Source File Reader" daemon [_thread_blocked, id=16960, stack(0x0000000105c00000,0x0000000105d00000) (1024K)]
  0x000001bfddd6a760 JavaThread "Compiler Source File Reader" daemon [_thread_blocked, id=21640, stack(0x0000000105d00000,0x0000000105e00000) (1024K)]
  0x000001bfddd6dbe0 JavaThread "Compiler Source File Reader" daemon [_thread_blocked, id=13292, stack(0x0000000105e00000,0x0000000105f00000) (1024K)]
  0x000001bfddd68000 JavaThread "Compiler Source File Reader" daemon [_thread_blocked, id=13276, stack(0x0000000105f00000,0x0000000106000000) (1024K)]
  0x000001bfddd6adf0 JavaThread "Compiler Source File Reader" daemon [_thread_blocked, id=12332, stack(0x0000000106000000,0x0000000106100000) (1024K)]
  0x000001bfe4dad7a0 JavaThread "Compiler Processing Task"   daemon [_thread_blocked, id=7448, stack(0x0000000106100000,0x0000000106200000) (1024K)]
  0x000001bfe4dade30 JavaThread "Compiler Class File Writer" daemon [_thread_blocked, id=13844, stack(0x0000000106200000,0x0000000106300000) (1024K)]
  0x000001bfe4da6ea0 JavaThread "Compiler Class File Writer" daemon [_thread_blocked, id=2588, stack(0x0000000106300000,0x0000000106400000) (1024K)]
  0x000001bfe4dabd60 JavaThread "Compiler Class File Writer" daemon [_thread_blocked, id=8180, stack(0x0000000106400000,0x0000000106500000) (1024K)]
  0x000001bfe4dad110 JavaThread "Compiler Class File Writer" daemon [_thread_blocked, id=24416, stack(0x0000000106500000,0x0000000106600000) (1024K)]
  0x000001bfe4da8250 JavaThread "Compiler Class File Writer" daemon [_thread_blocked, id=8196, stack(0x0000000106600000,0x0000000106700000) (1024K)]
  0x000001bfe4da7530 JavaThread "Compiler Class File Writer" daemon [_thread_blocked, id=25512, stack(0x0000000106700000,0x0000000106800000) (1024K)]
  0x000001bfe4daca80 JavaThread "Compiler Class File Writer" daemon [_thread_blocked, id=26248, stack(0x0000000106800000,0x0000000106900000) (1024K)]
  0x000001bfe4da9c90 JavaThread "Compiler Class File Writer" daemon [_thread_blocked, id=15796, stack(0x0000000106900000,0x0000000106a00000) (1024K)]
  0x000001bfe4dae4c0 JavaThread "Compiler Class File Writer" daemon [_thread_blocked, id=17760, stack(0x0000000106a00000,0x0000000106b00000) (1024K)]
  0x000001bfe4da7bc0 JavaThread "Compiler Class File Writer" daemon [_thread_blocked, id=25068, stack(0x0000000106b00000,0x0000000106c00000) (1024K)]
  0x000001bff2c3ccf0 JavaThread "C2 CompilerThread1"         daemon [_thread_blocked, id=5560, stack(0x0000000100100000,0x0000000100200000) (1024K)]
=>0x000001bff2c38200 JavaThread "C2 CompilerThread2"         daemon [_thread_in_native, id=17620, stack(0x0000000100400000,0x0000000100500000) (1024K)]
Total: 88

Other Threads:
  0x000001bfc5eff790 VMThread "VM Thread"                           [id=23736, stack(0x0000000100900000,0x0000000100a00000) (1024K)]
  0x000001bfc5ecada0 WatcherThread "VM Periodic Task Thread"        [id=4164, stack(0x0000000100800000,0x0000000100900000) (1024K)]
  0x000001bfc5e7e1c0 WorkerThread "GC Thread#0"                     [id=17928, stack(0x0000000100700000,0x0000000100800000) (1024K)]
  0x000001bfe38c3f80 WorkerThread "GC Thread#1"                     [id=16916, stack(0x0000000101600000,0x0000000101700000) (1024K)]
  0x000001bfe38c4a90 WorkerThread "GC Thread#2"                     [id=14368, stack(0x0000000101700000,0x0000000101800000) (1024K)]
  0x000001bfe38c5950 WorkerThread "GC Thread#3"                     [id=3052, stack(0x0000000101800000,0x0000000101900000) (1024K)]
  0x000001bfe38c55a0 WorkerThread "GC Thread#4"                     [id=24276, stack(0x0000000101900000,0x0000000101a00000) (1024K)]
  0x000001bfe38c4330 WorkerThread "GC Thread#5"                     [id=20236, stack(0x0000000101a00000,0x0000000101b00000) (1024K)]
  0x000001bfe38c46e0 WorkerThread "GC Thread#6"                     [id=24268, stack(0x0000000101b00000,0x0000000101c00000) (1024K)]
  0x000001bfe39f8b40 WorkerThread "GC Thread#7"                     [id=9568, stack(0x0000000101500000,0x0000000101600000) (1024K)]
  0x000001bfe39f9db0 WorkerThread "GC Thread#8"                     [id=21644, stack(0x0000000102100000,0x0000000102200000) (1024K)]
  0x000001bfe39f6660 WorkerThread "GC Thread#9"                     [id=19036, stack(0x0000000102200000,0x0000000102300000) (1024K)]
Total: 12

Threads with active compile tasks:
C2 CompilerThread0  67326 17078       4       org.eclipse.jdt.internal.compiler.lookup.BinaryTypeBinding::createMethod (1666 bytes)
C2 CompilerThread1  67326 17097       4       org.eclipse.jdt.internal.compiler.parser.Parser::consumeRule (7843 bytes)
C2 CompilerThread2  67326 17057       4       org.eclipse.jdt.internal.compiler.lookup.Scope::getTypeOrPackage (1525 bytes)
Total: 3

VM state: at safepoint (normal execution)

VM Mutex/Monitor currently owned by a thread:  ([mutex/lock_event])
[0x00007ff9ae7ce560] Threads_lock - owner thread: 0x000001bfc5eff790
[0x00007ff9ae7ce660] Heap_lock - owner thread: 0x000001bfe324ee70

Heap address: 0x0000000080000000, size: 2048 MB, Compressed Oops mode: 32-bit

CDS archive(s) mapped at: [0x000001bf80000000-0x000001bf80ba0000-0x000001bf80ba0000), size 12189696, SharedBaseAddress: 0x000001bf80000000, ArchiveRelocationMode: 1.
Compressed class space mapped at: 0x000001bf81000000-0x000001bfc1000000, reserved size: 1073741824
Narrow klass base: 0x000001bf80000000, Narrow klass shift: 0, Narrow klass range: 0x100000000

GC Precious Log:
 CardTable entry size: 512
 CPUs: 12 total, 12 available
 Memory: 15713M
 Large Page Support: Disabled
 NUMA Support: Disabled
 Compressed Oops: Enabled (32-bit)
 Alignments: Space 512K, Generation 512K, Heap 2M
 Heap Min Capacity: 100M
 Heap Initial Capacity: 100M
 Heap Max Capacity: 2G
 Pre-touch: Disabled
 Parallel Workers: 10

Heap:
 PSYoungGen      total 5632K, used 5516K [0x00000000d5580000, 0x00000000d5c00000, 0x0000000100000000)
  eden space 4608K, 100% used [0x00000000d5580000,0x00000000d5a00000,0x00000000d5a00000)
  from space 1024K, 88% used [0x00000000d5b00000,0x00000000d5be3178,0x00000000d5c00000)
  to   space 1024K, 93% used [0x00000000d5a00000,0x00000000d5af0010,0x00000000d5b00000)
 ParOldGen       total 128512K, used 121940K [0x0000000080000000, 0x0000000087d80000, 0x00000000d5580000)
  object space 128512K, 94% used [0x0000000080000000,0x000000008771ed88,0x0000000087d80000)
 Metaspace       used 71239K, committed 72832K, reserved 1114112K
  class space    used 7250K, committed 7936K, reserved 1048576K

Card table byte_map: [0x000001bfc5800000,0x000001bfc5c10000] _byte_map_base: 0x000001bfc5400000

Marking Bits: (ParMarkBitMap*) 0x00007ff9ae7d3450
 Begin Bits: [0x000001bfd8310000, 0x000001bfda310000)
 End Bits:   [0x000001bfda310000, 0x000001bfdc310000)

Polling page: 0x000001bfc3e40000

Metaspace:

Usage:
  Non-class:     62.49 MB used.
      Class:      7.08 MB used.
       Both:     69.57 MB used.

Virtual space:
  Non-class space:       64.00 MB reserved,      63.38 MB (>99%) committed,  1 nodes.
      Class space:        1.00 GB reserved,       7.75 MB ( <1%) committed,  1 nodes.
             Both:        1.06 GB reserved,      71.12 MB (  7%) committed. 

Chunk freelists:
   Non-Class:  481.00 KB
       Class:  8.10 MB
        Both:  8.57 MB

MaxMetaspaceSize: unlimited
CompressedClassSpaceSize: 1.00 GB
Initial GC threshold: 21.00 MB
Current GC threshold: 117.94 MB
CDS: on
 - commit_granule_bytes: 65536.
 - commit_granule_words: 8192.
 - virtual_space_node_default_size: 8388608.
 - enlarge_chunks_in_place: 1.
 - use_allocation_guard: 0.


Internal statistics:

num_allocs_failed_limit: 9.
num_arena_births: 1384.
num_arena_deaths: 20.
num_vsnodes_births: 2.
num_vsnodes_deaths: 0.
num_space_committed: 1138.
num_space_uncommitted: 0.
num_chunks_returned_to_freelist: 32.
num_chunks_taken_from_freelist: 4958.
num_chunk_merges: 18.
num_chunk_splits: 2975.
num_chunks_enlarged: 1581.
num_inconsistent_stats: 0.

CodeHeap 'non-profiled nmethods': size=120000Kb used=11864Kb max_used=11864Kb free=108135Kb
 bounds [0x000001bfd0b30000, 0x000001bfd1700000, 0x000001bfd8060000]
CodeHeap 'profiled nmethods': size=120000Kb used=34672Kb max_used=37716Kb free=85327Kb
 bounds [0x000001bfc9060000, 0x000001bfcb540000, 0x000001bfd0590000]
CodeHeap 'non-nmethods': size=5760Kb used=1453Kb max_used=1525Kb free=4306Kb
 bounds [0x000001bfd0590000, 0x000001bfd0800000, 0x000001bfd0b30000]
CodeCache: size=245760Kb, used=47989Kb, max_used=51105Kb, free=197768Kb
 total_blobs=15425, nmethods=14659, adapters=668, full_count=0
Compilation: enabled, stopped_count=0, restarted_count=0

Compilation events (20 events):
Event: 67.166 Thread 0x000001bfc5f14890 17091       3       org.eclipse.jdt.internal.compiler.lookup.ConstraintExpressionFormula::inferInvocationApplicability (82 bytes)
Event: 67.167 Thread 0x000001bfc5f14890 nmethod 17091 0x000001bfc9393d90 code [0x000001bfc9393f80, 0x000001bfc9394420]
Event: 67.167 Thread 0x000001bfc5f14890 17093       3       org.eclipse.jdt.internal.compiler.parser.Parser::pushOnRealBlockStack (54 bytes)
Event: 67.167 Thread 0x000001bfc5f14890 nmethod 17093 0x000001bfc960c510 code [0x000001bfc960c6c0, 0x000001bfc960c9b0]
Event: 67.174 Thread 0x000001bfc5f14890 17094   !   3       org.eclipse.jdt.internal.compiler.parser.Parser::checkNonNLSAfterBodyEnd (52 bytes)
Event: 67.174 Thread 0x000001bfc5f14890 nmethod 17094 0x000001bfc9782490 code [0x000001bfc9782660, 0x000001bfc97829c8]
Event: 67.174 Thread 0x000001bfc5f14890 17095       3       org.eclipse.jdt.internal.core.util.SimpleWordSet::rehash (72 bytes)
Event: 67.175 Thread 0x000001bfc5f14890 nmethod 17095 0x000001bfc96fdf90 code [0x000001bfc96fe160, 0x000001bfc96fe4b0]
Event: 67.175 Thread 0x000001bfc5f14890 17096       3       org.eclipse.jdt.internal.core.util.SimpleWordSet::<init> (41 bytes)
Event: 67.176 Thread 0x000001bfc5f14890 nmethod 17096 0x000001bfc9614490 code [0x000001bfc9614660, 0x000001bfc96148e0]
Event: 67.208 Thread 0x000001bfc5f14890 17099       2       org.eclipse.jdt.internal.compiler.parser.Parser::markEnclosingMemberWithLocalOrFunctionalType (230 bytes)
Event: 67.210 Thread 0x000001bfc5f14890 nmethod 17099 0x000001bfc9476410 code [0x000001bfc9476620, 0x000001bfc9476bf0]
Event: 67.210 Thread 0x000001bfc5f14890 17098       2       org.eclipse.jdt.internal.compiler.parser.Parser::stashTextualRepresentation (37 bytes)
Event: 67.210 Thread 0x000001bfc5f14890 nmethod 17098 0x000001bfc968a690 code [0x000001bfc968a840, 0x000001bfc968aac0]
Event: 67.210 Thread 0x000001bfc5f14890 17100   !   3       org.eclipse.jdt.internal.compiler.parser.Scanner::getNextCharAsDigit (133 bytes)
Event: 67.211 Thread 0x000001bfc5f14890 nmethod 17100 0x000001bfc9865890 code [0x000001bfc9865aa0, 0x000001bfc9866060]
Event: 67.212 Thread 0x000001bfc5f14890 17101       2       org.eclipse.jdt.internal.compiler.SourceElementParser::consumeExitVariableWithInitialization (70 bytes)
Event: 67.213 Thread 0x000001bfc5f14890 nmethod 17101 0x000001bfc986c190 code [0x000001bfc986c360, 0x000001bfc986c5a8]
Event: 67.231 Thread 0x000001bfc5f14890 17102       2       org.eclipse.jdt.internal.compiler.parser.Parser::consumeConditionalExpression (78 bytes)
Event: 67.232 Thread 0x000001bfc5f14890 nmethod 17102 0x000001bfc97c9f90 code [0x000001bfc97ca140, 0x000001bfc97ca418]

GC Heap History (20 events):
Event: 66.291 GC heap before
{Heap before GC invocations=393 (full 4):
 PSYoungGen      total 5632K, used 5184K [0x00000000d5580000, 0x00000000d5c00000, 0x0000000100000000)
  eden space 4608K, 100% used [0x00000000d5580000,0x00000000d5a00000,0x00000000d5a00000)
  from space 1024K, 56% used [0x00000000d5b00000,0x00000000d5b90000,0x00000000d5c00000)
  to   space 1024K, 0% used [0x00000000d5a00000,0x00000000d5a00000,0x00000000d5b00000)
 ParOldGen       total 128512K, used 118109K [0x0000000080000000, 0x0000000087d80000, 0x00000000d5580000)
  object space 128512K, 91% used [0x0000000080000000,0x00000000873574d0,0x0000000087d80000)
 Metaspace       used 71145K, committed 72768K, reserved 1114112K
  class space    used 7248K, committed 7936K, reserved 1048576K
}
Event: 66.293 GC heap after
{Heap after GC invocations=393 (full 4):
 PSYoungGen      total 5632K, used 416K [0x00000000d5580000, 0x00000000d5b80000, 0x0000000100000000)
  eden space 4608K, 0% used [0x00000000d5580000,0x00000000d5580000,0x00000000d5a00000)
  from space 1024K, 40% used [0x00000000d5a00000,0x00000000d5a68000,0x00000000d5b00000)
  to   space 512K, 0% used [0x00000000d5b00000,0x00000000d5b00000,0x00000000d5b80000)
 ParOldGen       total 128512K, used 118493K [0x0000000080000000, 0x0000000087d80000, 0x00000000d5580000)
  object space 128512K, 92% used [0x0000000080000000,0x00000000873b74f0,0x0000000087d80000)
 Metaspace       used 71145K, committed 72768K, reserved 1114112K
  class space    used 7248K, committed 7936K, reserved 1048576K
}
Event: 66.365 GC heap before
{Heap before GC invocations=394 (full 4):
 PSYoungGen      total 5632K, used 5024K [0x00000000d5580000, 0x00000000d5b80000, 0x0000000100000000)
  eden space 4608K, 100% used [0x00000000d5580000,0x00000000d5a00000,0x00000000d5a00000)
  from space 1024K, 40% used [0x00000000d5a00000,0x00000000d5a68000,0x00000000d5b00000)
  to   space 512K, 0% used [0x00000000d5b00000,0x00000000d5b00000,0x00000000d5b80000)
 ParOldGen       total 128512K, used 118493K [0x0000000080000000, 0x0000000087d80000, 0x00000000d5580000)
  object space 128512K, 92% used [0x0000000080000000,0x00000000873b74f0,0x0000000087d80000)
 Metaspace       used 71147K, committed 72768K, reserved 1114112K
  class space    used 7248K, committed 7936K, reserved 1048576K
}
Event: 66.366 GC heap after
{Heap after GC invocations=394 (full 4):
 PSYoungGen      total 5120K, used 416K [0x00000000d5580000, 0x00000000d5b80000, 0x0000000100000000)
  eden space 4608K, 0% used [0x00000000d5580000,0x00000000d5580000,0x00000000d5a00000)
  from space 512K, 81% used [0x00000000d5b00000,0x00000000d5b68000,0x00000000d5b80000)
  to   space 512K, 0% used [0x00000000d5a80000,0x00000000d5a80000,0x00000000d5b00000)
 ParOldGen       total 128512K, used 118782K [0x0000000080000000, 0x0000000087d80000, 0x00000000d5580000)
  object space 128512K, 92% used [0x0000000080000000,0x00000000873ffb88,0x0000000087d80000)
 Metaspace       used 71147K, committed 72768K, reserved 1114112K
  class space    used 7248K, committed 7936K, reserved 1048576K
}
Event: 66.393 GC heap before
{Heap before GC invocations=395 (full 4):
 PSYoungGen      total 5120K, used 5024K [0x00000000d5580000, 0x00000000d5b80000, 0x0000000100000000)
  eden space 4608K, 100% used [0x00000000d5580000,0x00000000d5a00000,0x00000000d5a00000)
  from space 512K, 81% used [0x00000000d5b00000,0x00000000d5b68000,0x00000000d5b80000)
  to   space 512K, 0% used [0x00000000d5a80000,0x00000000d5a80000,0x00000000d5b00000)
 ParOldGen       total 128512K, used 118782K [0x0000000080000000, 0x0000000087d80000, 0x00000000d5580000)
  object space 128512K, 92% used [0x0000000080000000,0x00000000873ffb88,0x0000000087d80000)
 Metaspace       used 71147K, committed 72768K, reserved 1114112K
  class space    used 7248K, committed 7936K, reserved 1048576K
}
Event: 66.395 GC heap after
{Heap after GC invocations=395 (full 4):
 PSYoungGen      total 5120K, used 384K [0x00000000d5580000, 0x00000000d5b80000, 0x0000000100000000)
  eden space 4608K, 0% used [0x00000000d5580000,0x00000000d5580000,0x00000000d5a00000)
  from space 512K, 75% used [0x00000000d5a80000,0x00000000d5ae0020,0x00000000d5b00000)
  to   space 512K, 0% used [0x00000000d5b00000,0x00000000d5b00000,0x00000000d5b80000)
 ParOldGen       total 128512K, used 119038K [0x0000000080000000, 0x0000000087d80000, 0x00000000d5580000)
  object space 128512K, 92% used [0x0000000080000000,0x000000008743fb88,0x0000000087d80000)
 Metaspace       used 71147K, committed 72768K, reserved 1114112K
  class space    used 7248K, committed 7936K, reserved 1048576K
}
Event: 66.481 GC heap before
{Heap before GC invocations=396 (full 4):
 PSYoungGen      total 5120K, used 4992K [0x00000000d5580000, 0x00000000d5b80000, 0x0000000100000000)
  eden space 4608K, 100% used [0x00000000d5580000,0x00000000d5a00000,0x00000000d5a00000)
  from space 512K, 75% used [0x00000000d5a80000,0x00000000d5ae0020,0x00000000d5b00000)
  to   space 512K, 0% used [0x00000000d5b00000,0x00000000d5b00000,0x00000000d5b80000)
 ParOldGen       total 128512K, used 119038K [0x0000000080000000, 0x0000000087d80000, 0x00000000d5580000)
  object space 128512K, 92% used [0x0000000080000000,0x000000008743fb88,0x0000000087d80000)
 Metaspace       used 71148K, committed 72768K, reserved 1114112K
  class space    used 7248K, committed 7936K, reserved 1048576K
}
Event: 66.482 GC heap after
{Heap after GC invocations=396 (full 4):
 PSYoungGen      total 5120K, used 416K [0x00000000d5580000, 0x00000000d5b80000, 0x0000000100000000)
  eden space 4608K, 0% used [0x00000000d5580000,0x00000000d5580000,0x00000000d5a00000)
  from space 512K, 81% used [0x00000000d5b00000,0x00000000d5b68000,0x00000000d5b80000)
  to   space 512K, 0% used [0x00000000d5a80000,0x00000000d5a80000,0x00000000d5b00000)
 ParOldGen       total 128512K, used 119254K [0x0000000080000000, 0x0000000087d80000, 0x00000000d5580000)
  object space 128512K, 92% used [0x0000000080000000,0x0000000087475ba8,0x0000000087d80000)
 Metaspace       used 71148K, committed 72768K, reserved 1114112K
  class space    used 7248K, committed 7936K, reserved 1048576K
}
Event: 66.528 GC heap before
{Heap before GC invocations=397 (full 4):
 PSYoungGen      total 5120K, used 5024K [0x00000000d5580000, 0x00000000d5b80000, 0x0000000100000000)
  eden space 4608K, 100% used [0x00000000d5580000,0x00000000d5a00000,0x00000000d5a00000)
  from space 512K, 81% used [0x00000000d5b00000,0x00000000d5b68000,0x00000000d5b80000)
  to   space 512K, 0% used [0x00000000d5a80000,0x00000000d5a80000,0x00000000d5b00000)
 ParOldGen       total 128512K, used 119254K [0x0000000080000000, 0x0000000087d80000, 0x00000000d5580000)
  object space 128512K, 92% used [0x0000000080000000,0x0000000087475ba8,0x0000000087d80000)
 Metaspace       used 71173K, committed 72768K, reserved 1114112K
  class space    used 7248K, committed 7936K, reserved 1048576K
}
Event: 66.531 GC heap after
{Heap after GC invocations=397 (full 4):
 PSYoungGen      total 5120K, used 416K [0x00000000d5580000, 0x00000000d5b80000, 0x0000000100000000)
  eden space 4608K, 0% used [0x00000000d5580000,0x00000000d5580000,0x00000000d5a00000)
  from space 512K, 81% used [0x00000000d5a80000,0x00000000d5ae8000,0x00000000d5b00000)
  to   space 512K, 0% used [0x00000000d5b00000,0x00000000d5b00000,0x00000000d5b80000)
 ParOldGen       total 128512K, used 119528K [0x0000000080000000, 0x0000000087d80000, 0x00000000d5580000)
  object space 128512K, 93% used [0x0000000080000000,0x00000000874ba068,0x0000000087d80000)
 Metaspace       used 71173K, committed 72768K, reserved 1114112K
  class space    used 7248K, committed 7936K, reserved 1048576K
}
Event: 66.597 GC heap before
{Heap before GC invocations=398 (full 4):
 PSYoungGen      total 5120K, used 5024K [0x00000000d5580000, 0x00000000d5b80000, 0x0000000100000000)
  eden space 4608K, 100% used [0x00000000d5580000,0x00000000d5a00000,0x00000000d5a00000)
  from space 512K, 81% used [0x00000000d5a80000,0x00000000d5ae8000,0x00000000d5b00000)
  to   space 512K, 0% used [0x00000000d5b00000,0x00000000d5b00000,0x00000000d5b80000)
 ParOldGen       total 128512K, used 119528K [0x0000000080000000, 0x0000000087d80000, 0x00000000d5580000)
  object space 128512K, 93% used [0x0000000080000000,0x00000000874ba068,0x0000000087d80000)
 Metaspace       used 71186K, committed 72768K, reserved 1114112K
  class space    used 7248K, committed 7936K, reserved 1048576K
}
Event: 66.599 GC heap after
{Heap after GC invocations=398 (full 4):
 PSYoungGen      total 5120K, used 384K [0x00000000d5580000, 0x00000000d5b80000, 0x0000000100000000)
  eden space 4608K, 0% used [0x00000000d5580000,0x00000000d5580000,0x00000000d5a00000)
  from space 512K, 75% used [0x00000000d5b00000,0x00000000d5b60000,0x00000000d5b80000)
  to   space 512K, 0% used [0x00000000d5a80000,0x00000000d5a80000,0x00000000d5b00000)
 ParOldGen       total 128512K, used 119784K [0x0000000080000000, 0x0000000087d80000, 0x00000000d5580000)
  object space 128512K, 93% used [0x0000000080000000,0x00000000874fa088,0x0000000087d80000)
 Metaspace       used 71186K, committed 72768K, reserved 1114112K
  class space    used 7248K, committed 7936K, reserved 1048576K
}
Event: 66.660 GC heap before
{Heap before GC invocations=399 (full 4):
 PSYoungGen      total 5120K, used 4992K [0x00000000d5580000, 0x00000000d5b80000, 0x0000000100000000)
  eden space 4608K, 100% used [0x00000000d5580000,0x00000000d5a00000,0x00000000d5a00000)
  from space 512K, 75% used [0x00000000d5b00000,0x00000000d5b60000,0x00000000d5b80000)
  to   space 512K, 0% used [0x00000000d5a80000,0x00000000d5a80000,0x00000000d5b00000)
 ParOldGen       total 128512K, used 119784K [0x0000000080000000, 0x0000000087d80000, 0x00000000d5580000)
  object space 128512K, 93% used [0x0000000080000000,0x00000000874fa088,0x0000000087d80000)
 Metaspace       used 71189K, committed 72768K, reserved 1114112K
  class space    used 7248K, committed 7936K, reserved 1048576K
}
Event: 66.662 GC heap after
{Heap after GC invocations=399 (full 4):
 PSYoungGen      total 5120K, used 384K [0x00000000d5580000, 0x00000000d5b80000, 0x0000000100000000)
  eden space 4608K, 0% used [0x00000000d5580000,0x00000000d5580000,0x00000000d5a00000)
  from space 512K, 75% used [0x00000000d5a80000,0x00000000d5ae0000,0x00000000d5b00000)
  to   space 512K, 0% used [0x00000000d5b00000,0x00000000d5b00000,0x00000000d5b80000)
 ParOldGen       total 128512K, used 120104K [0x0000000080000000, 0x0000000087d80000, 0x00000000d5580000)
  object space 128512K, 93% used [0x0000000080000000,0x000000008754a0c8,0x0000000087d80000)
 Metaspace       used 71189K, committed 72768K, reserved 1114112K
  class space    used 7248K, committed 7936K, reserved 1048576K
}
Event: 66.836 GC heap before
{Heap before GC invocations=400 (full 4):
 PSYoungGen      total 5120K, used 4992K [0x00000000d5580000, 0x00000000d5b80000, 0x0000000100000000)
  eden space 4608K, 100% used [0x00000000d5580000,0x00000000d5a00000,0x00000000d5a00000)
  from space 512K, 75% used [0x00000000d5a80000,0x00000000d5ae0000,0x00000000d5b00000)
  to   space 512K, 0% used [0x00000000d5b00000,0x00000000d5b00000,0x00000000d5b80000)
 ParOldGen       total 128512K, used 120104K [0x0000000080000000, 0x0000000087d80000, 0x00000000d5580000)
  object space 128512K, 93% used [0x0000000080000000,0x000000008754a0c8,0x0000000087d80000)
 Metaspace       used 71197K, committed 72768K, reserved 1114112K
  class space    used 7250K, committed 7936K, reserved 1048576K
}
Event: 66.839 GC heap after
{Heap after GC invocations=400 (full 4):
 PSYoungGen      total 5120K, used 512K [0x00000000d5580000, 0x00000000d5c00000, 0x0000000100000000)
  eden space 4608K, 0% used [0x00000000d5580000,0x00000000d5580000,0x00000000d5a00000)
  from space 512K, 100% used [0x00000000d5b00000,0x00000000d5b80000,0x00000000d5b80000)
  to   space 1024K, 0% used [0x00000000d5a00000,0x00000000d5a00000,0x00000000d5b00000)
 ParOldGen       total 128512K, used 120336K [0x0000000080000000, 0x0000000087d80000, 0x00000000d5580000)
  object space 128512K, 93% used [0x0000000080000000,0x00000000875840e8,0x0000000087d80000)
 Metaspace       used 71197K, committed 72768K, reserved 1114112K
  class space    used 7250K, committed 7936K, reserved 1048576K
}
Event: 66.964 GC heap before
{Heap before GC invocations=401 (full 4):
 PSYoungGen      total 5120K, used 5120K [0x00000000d5580000, 0x00000000d5c00000, 0x0000000100000000)
  eden space 4608K, 100% used [0x00000000d5580000,0x00000000d5a00000,0x00000000d5a00000)
  from space 512K, 100% used [0x00000000d5b00000,0x00000000d5b80000,0x00000000d5b80000)
  to   space 1024K, 0% used [0x00000000d5a00000,0x00000000d5a00000,0x00000000d5b00000)
 ParOldGen       total 128512K, used 120336K [0x0000000080000000, 0x0000000087d80000, 0x00000000d5580000)
  object space 128512K, 93% used [0x0000000080000000,0x00000000875840e8,0x0000000087d80000)
 Metaspace       used 71214K, committed 72832K, reserved 1114112K
  class space    used 7250K, committed 7936K, reserved 1048576K
}
Event: 66.967 GC heap after
{Heap after GC invocations=401 (full 4):
 PSYoungGen      total 5632K, used 576K [0x00000000d5580000, 0x00000000d5c00000, 0x0000000100000000)
  eden space 4608K, 0% used [0x00000000d5580000,0x00000000d5580000,0x00000000d5a00000)
  from space 1024K, 56% used [0x00000000d5a00000,0x00000000d5a90000,0x00000000d5b00000)
  to   space 1024K, 0% used [0x00000000d5b00000,0x00000000d5b00000,0x00000000d5c00000)
 ParOldGen       total 128512K, used 120776K [0x0000000080000000, 0x0000000087d80000, 0x00000000d5580000)
  object space 128512K, 93% used [0x0000000080000000,0x00000000875f20e8,0x0000000087d80000)
 Metaspace       used 71214K, committed 72832K, reserved 1114112K
  class space    used 7250K, committed 7936K, reserved 1048576K
}
Event: 67.220 GC heap before
{Heap before GC invocations=402 (full 4):
 PSYoungGen      total 5632K, used 5183K [0x00000000d5580000, 0x00000000d5c00000, 0x0000000100000000)
  eden space 4608K, 99% used [0x00000000d5580000,0x00000000d59fffd8,0x00000000d5a00000)
  from space 1024K, 56% used [0x00000000d5a00000,0x00000000d5a90000,0x00000000d5b00000)
  to   space 1024K, 0% used [0x00000000d5b00000,0x00000000d5b00000,0x00000000d5c00000)
 ParOldGen       total 128512K, used 120776K [0x0000000080000000, 0x0000000087d80000, 0x00000000d5580000)
  object space 128512K, 93% used [0x0000000080000000,0x00000000875f20e8,0x0000000087d80000)
 Metaspace       used 71239K, committed 72832K, reserved 1114112K
  class space    used 7250K, committed 7936K, reserved 1048576K
}
Event: 67.222 GC heap after
{Heap after GC invocations=402 (full 4):
 PSYoungGen      total 5632K, used 908K [0x00000000d5580000, 0x00000000d5c00000, 0x0000000100000000)
  eden space 4608K, 0% used [0x00000000d5580000,0x00000000d5580000,0x00000000d5a00000)
  from space 1024K, 88% used [0x00000000d5b00000,0x00000000d5be3178,0x00000000d5c00000)
  to   space 1024K, 0% used [0x00000000d5a00000,0x00000000d5a00000,0x00000000d5b00000)
 ParOldGen       total 128512K, used 121224K [0x0000000080000000, 0x0000000087d80000, 0x00000000d5580000)
  object space 128512K, 94% used [0x0000000080000000,0x00000000876620f8,0x0000000087d80000)
 Metaspace       used 71239K, committed 72832K, reserved 1114112K
  class space    used 7250K, committed 7936K, reserved 1048576K
}

Dll operation events (10 events):
Event: 0.020 Loaded shared library c:\Users\PC\.vscode\extensions\redhat.java-1.54.0-win32-x64\jre\21.0.10-win32-x86_64\bin\java.dll
Event: 0.170 Loaded shared library c:\Users\PC\.vscode\extensions\redhat.java-1.54.0-win32-x64\jre\21.0.10-win32-x86_64\bin\zip.dll
Event: 0.221 Loaded shared library C:\Users\PC\.vscode\extensions\redhat.java-1.54.0-win32-x64\jre\21.0.10-win32-x86_64\bin\instrument.dll
Event: 0.232 Loaded shared library C:\Users\PC\.vscode\extensions\redhat.java-1.54.0-win32-x64\jre\21.0.10-win32-x86_64\bin\net.dll
Event: 0.238 Loaded shared library C:\Users\PC\.vscode\extensions\redhat.java-1.54.0-win32-x64\jre\21.0.10-win32-x86_64\bin\nio.dll
Event: 0.245 Loaded shared library C:\Users\PC\.vscode\extensions\redhat.java-1.54.0-win32-x64\jre\21.0.10-win32-x86_64\bin\zip.dll
Event: 0.285 Loaded shared library C:\Users\PC\.vscode\extensions\redhat.java-1.54.0-win32-x64\jre\21.0.10-win32-x86_64\bin\jimage.dll
Event: 0.447 Loaded shared library c:\Users\PC\.vscode\extensions\redhat.java-1.54.0-win32-x64\jre\21.0.10-win32-x86_64\bin\verify.dll
Event: 2.843 Loaded shared library C:\Users\PC\AppData\Roaming\Code\User\globalStorage\redhat.java\1.54.0\config_win\org.eclipse.equinox.launcher\org.eclipse.equinox.launcher.win32.win32.x86_64_1.3.0.v20260203-2149\eclipse_11919.dll
Event: 6.934 Loaded shared library C:\Users\PC\AppData\Local\Temp\jna-2547\jna9626143043998433953.dll

Deoptimization events (20 events):
Event: 67.117 Thread 0x000001bfe324ee70 Uncommon trap: trap_request=0xffffff45 fr.pc=0x000001bfd0f13484 relative=0x0000000000002e04
Event: 67.117 Thread 0x000001bfe324ee70 Uncommon trap: reason=unstable_if action=reinterpret pc=0x000001bfd0f13484 method=org.eclipse.jdt.internal.compiler.lookup.PackageBinding.getTypeOrPackage([CLorg/eclipse/jdt/internal/compiler/lookup/ModuleBinding;Z)Lorg/eclipse/jdt/internal/compiler/looku
Event: 67.117 Thread 0x000001bfe324ee70 DEOPT PACKING pc=0x000001bfd0f13484 sp=0x0000000102afe0a0
Event: 67.117 Thread 0x000001bfe324ee70 DEOPT UNPACKING pc=0x000001bfd05e3aa2 sp=0x0000000102afe098 mode 2
Event: 67.122 Thread 0x000001bfe324ee70 Uncommon trap: trap_request=0xffffffde fr.pc=0x000001bfd10f0e68 relative=0x00000000000001a8
Event: 67.127 Thread 0x000001bfe324ee70 Uncommon trap: reason=class_check action=maybe_recompile pc=0x000001bfd10f0e68 method=java.util.stream.AbstractPipeline.close()V @ 42 c2
Event: 67.140 Thread 0x000001bfe324ee70 DEOPT PACKING pc=0x000001bfd10f0e68 sp=0x0000000102afe2d0
Event: 67.140 Thread 0x000001bfe324ee70 DEOPT UNPACKING pc=0x000001bfd05e3aa2 sp=0x0000000102afe280 mode 2
Event: 67.162 Thread 0x000001bfe324ee70 Uncommon trap: trap_request=0xffffffde fr.pc=0x000001bfd16bb5c0 relative=0x0000000000000900
Event: 67.162 Thread 0x000001bfe324ee70 Uncommon trap: reason=class_check action=maybe_recompile pc=0x000001bfd16bb5c0 method=org.eclipse.jdt.internal.compiler.parser.Parser.consumeRule(I)V @ 6914 c2
Event: 67.162 Thread 0x000001bfe324ee70 DEOPT PACKING pc=0x000001bfd16bb5c0 sp=0x0000000102afefd0
Event: 67.162 Thread 0x000001bfe324ee70 DEOPT UNPACKING pc=0x000001bfd05e3aa2 sp=0x0000000102afef50 mode 2
Event: 67.175 Thread 0x000001bfe324ee70 Uncommon trap: trap_request=0xffffffde fr.pc=0x000001bfd16bb5c0 relative=0x0000000000000900
Event: 67.175 Thread 0x000001bfe324ee70 Uncommon trap: reason=class_check action=maybe_recompile pc=0x000001bfd16bb5c0 method=org.eclipse.jdt.internal.compiler.parser.Parser.consumeRule(I)V @ 6914 c2
Event: 67.175 Thread 0x000001bfe324ee70 DEOPT PACKING pc=0x000001bfd16bb5c0 sp=0x0000000102afee80
Event: 67.175 Thread 0x000001bfe324ee70 DEOPT UNPACKING pc=0x000001bfd05e3aa2 sp=0x0000000102afee00 mode 2
Event: 67.209 Thread 0x000001bfe324ee70 Uncommon trap: trap_request=0xffffffde fr.pc=0x000001bfd1651774 relative=0x0000000000001c14
Event: 67.209 Thread 0x000001bfe324ee70 Uncommon trap: reason=class_check action=maybe_recompile pc=0x000001bfd1651774 method=org.eclipse.jdt.internal.compiler.parser.Scanner.atMultiCaseComma()Z @ 33 c2
Event: 67.209 Thread 0x000001bfe324ee70 DEOPT PACKING pc=0x000001bfd1651774 sp=0x0000000102afeea0
Event: 67.209 Thread 0x000001bfe324ee70 DEOPT UNPACKING pc=0x000001bfd05e3aa2 sp=0x0000000102afeca8 mode 2

Classes loaded (20 events):
Event: 59.720 Loading class java/nio/charset/CharacterCodingException
Event: 59.721 Loading class java/nio/charset/CharacterCodingException done
Event: 59.721 Loading class java/io/SequenceInputStream
Event: 59.721 Loading class java/io/SequenceInputStream done
Event: 59.787 Loading class org/xml/sax/SAXNotRecognizedException
Event: 59.788 Loading class org/xml/sax/SAXNotRecognizedException done
Event: 59.788 Loading class org/xml/sax/SAXNotSupportedException
Event: 59.788 Loading class org/xml/sax/SAXNotSupportedException done
Event: 59.790 Loading class com/sun/org/apache/xerces/internal/util/URI
Event: 59.791 Loading class com/sun/org/apache/xerces/internal/util/URI done
Event: 59.794 Loading class com/sun/org/apache/xerces/internal/xni/XNIException
Event: 59.794 Loading class com/sun/org/apache/xerces/internal/xni/XNIException done
Event: 59.814 Loading class com/sun/org/apache/xerces/internal/xni/parser/XMLParseException
Event: 59.814 Loading class com/sun/org/apache/xerces/internal/xni/parser/XMLParseException done
Event: 63.441 Loading class sun/nio/cs/ISO_8859_1$Encoder
Event: 63.442 Loading class sun/nio/cs/ISO_8859_1$Encoder done
Event: 63.442 Loading class sun/nio/cs/Surrogate$Parser
Event: 63.443 Loading class sun/nio/cs/Surrogate$Parser done
Event: 63.443 Loading class sun/nio/cs/Surrogate
Event: 63.444 Loading class sun/nio/cs/Surrogate done

Classes unloaded (10 events):
Event: 7.874 Thread 0x000001bfc5eff790 Unloading class 0x000001bf811ab400 'java/lang/invoke/LambdaForm$MH+0x000001bf811ab400'
Event: 7.874 Thread 0x000001bfc5eff790 Unloading class 0x000001bf811ab000 'java/lang/invoke/LambdaForm$MH+0x000001bf811ab000'
Event: 7.874 Thread 0x000001bfc5eff790 Unloading class 0x000001bf811aac00 'java/lang/invoke/LambdaForm$MH+0x000001bf811aac00'
Event: 7.874 Thread 0x000001bfc5eff790 Unloading class 0x000001bf811aa800 'java/lang/invoke/LambdaForm$MH+0x000001bf811aa800'
Event: 7.874 Thread 0x000001bfc5eff790 Unloading class 0x000001bf811aa400 'java/lang/invoke/LambdaForm$BMH+0x000001bf811aa400'
Event: 7.874 Thread 0x000001bfc5eff790 Unloading class 0x000001bf811aa000 'java/lang/invoke/LambdaForm$DMH+0x000001bf811aa000'
Event: 7.874 Thread 0x000001bfc5eff790 Unloading class 0x000001bf811a8c00 'java/lang/invoke/LambdaForm$DMH+0x000001bf811a8c00'
Event: 63.100 Thread 0x000001bfc5eff790 Unloading class 0x000001bf8171cc00 'java/lang/invoke/LambdaForm$DMH+0x000001bf8171cc00'
Event: 63.101 Thread 0x000001bfc5eff790 Unloading class 0x000001bf8171d000 'java/lang/invoke/LambdaForm$DMH+0x000001bf8171d000'
Event: 63.101 Thread 0x000001bfc5eff790 Unloading class 0x000001bf8171c800 'java/lang/invoke/LambdaForm$DMH+0x000001bf8171c800'

Classes redefined (0 events):
No events

Internal exceptions (20 events):
Event: 34.598 Thread 0x000001bfe3250220 Exception <a 'java/lang/NoSuchMethodError'{0x00000000d55ca310}: 'java.lang.Object java.lang.invoke.DirectMethodHandle$Holder.invokeSpecial(java.lang.Object, java.lang.Object, int, long)'> (0x00000000d55ca310) 
thrown [s\src\hotspot\share\interpreter\linkResolver.cpp, line 773]
Event: 34.602 Thread 0x000001bfe46c9300 Exception <a 'sun/nio/fs/WindowsException'{0x00000000d564c8b0}> (0x00000000d564c8b0) 
thrown [s\src\hotspot\share\prims\jni.cpp, line 520]
Event: 34.602 Thread 0x000001bfe46c9300 Exception <a 'sun/nio/fs/WindowsException'{0x00000000d566cdd8}> (0x00000000d566cdd8) 
thrown [s\src\hotspot\share\prims\jni.cpp, line 520]
Event: 37.381 Thread 0x000001bfe46c78c0 Exception <a 'java/lang/IncompatibleClassChangeError'{0x00000000d5997600}: Found class java.lang.Object, but interface was expected> (0x00000000d5997600) 
thrown [s\src\hotspot\share\interpreter\linkResolver.cpp, line 840]
Event: 41.354 Thread 0x000001bfe46c78c0 Implicit null exception at 0x000001bfd0ffcb23 to 0x000001bfd0ffcfbc
Event: 41.557 Thread 0x000001bfe46c78c0 Exception <a 'java/lang/NoSuchMethodError'{0x00000000d585e850}: 'int java.lang.invoke.Invokers$Holder.invokeExact_MT(java.lang.Object, java.lang.Object)'> (0x00000000d585e850) 
thrown [s\src\hotspot\share\interpreter\linkResolver.cpp, line 773]
Event: 42.443 Thread 0x000001bfe46c78c0 Implicit null exception at 0x000001bfd0d14ccd to 0x000001bfd0d150e4
Event: 60.205 Thread 0x000001bfe38c9840 Exception <a 'java/io/FileNotFoundException'{0x00000000d574d278}> (0x00000000d574d278) 
thrown [s\src\hotspot\share\prims\jni.cpp, line 520]
Event: 60.205 Thread 0x000001bfe38c9840 Exception <a 'java/io/FileNotFoundException'{0x00000000d574e280}> (0x00000000d574e280) 
thrown [s\src\hotspot\share\prims\jni.cpp, line 520]
Event: 60.207 Thread 0x000001bfe38c9840 Implicit null exception at 0x000001bfd157b816 to 0x000001bfd157d0c8
Event: 60.629 Thread 0x000001bfe324ee70 Implicit null exception at 0x000001bfd0fa8fe2 to 0x000001bfd0fa9458
Event: 63.671 Thread 0x000001bfe324ee70 Implicit null exception at 0x000001bfd112da28 to 0x000001bfd112eb00
Event: 64.876 Thread 0x000001bfe324ee70 Implicit null exception at 0x000001bfca82d71b to 0x000001bfca830f7b
Event: 64.876 Thread 0x000001bfe324ee70 Exception <a 'java/lang/NullPointerException'{0x00000000d57cf8f0}> (0x00000000d57cf8f0) 
thrown [s\src\hotspot\share\runtime\sharedRuntime.cpp, line 625]
Event: 64.876 Thread 0x000001bfe324ee70 Implicit null exception at 0x000001bfca82d71b to 0x000001bfca830f7b
Event: 64.877 Thread 0x000001bfe324ee70 Exception <a 'java/lang/NullPointerException'{0x00000000d57d6a08}> (0x00000000d57d6a08) 
thrown [s\src\hotspot\share\runtime\sharedRuntime.cpp, line 625]
Event: 64.877 Thread 0x000001bfe324ee70 Implicit null exception at 0x000001bfca82d71b to 0x000001bfca830f7b
Event: 64.877 Thread 0x000001bfe324ee70 Exception <a 'java/lang/NullPointerException'{0x00000000d57d77b0}> (0x00000000d57d77b0) 
thrown [s\src\hotspot\share\runtime\sharedRuntime.cpp, line 625]
Event: 64.882 Thread 0x000001bfe324ee70 Implicit null exception at 0x000001bfca82d71b to 0x000001bfca830f7b
Event: 64.882 Thread 0x000001bfe324ee70 Exception <a 'java/lang/NullPointerException'{0x00000000d57d8520}> (0x00000000d57d8520) 
thrown [s\src\hotspot\share\runtime\sharedRuntime.cpp, line 625]

ZGC Phase Switch (0 events):
No events

VM Operations (20 events):
Event: 66.274 Executing safepoint VM operation: ParallelGCFailedAllocation (Allocation Failure)
Event: 66.293 Executing safepoint VM operation: ParallelGCFailedAllocation (Allocation Failure) done
Event: 66.332 Executing safepoint VM operation: ParallelGCFailedAllocation (Allocation Failure)
Event: 66.366 Executing safepoint VM operation: ParallelGCFailedAllocation (Allocation Failure) done
Event: 66.392 Executing safepoint VM operation: ParallelGCFailedAllocation (Allocation Failure)
Event: 66.395 Executing safepoint VM operation: ParallelGCFailedAllocation (Allocation Failure) done
Event: 66.442 Executing safepoint VM operation: ParallelGCFailedAllocation (Allocation Failure)
Event: 66.483 Executing safepoint VM operation: ParallelGCFailedAllocation (Allocation Failure) done
Event: 66.528 Executing safepoint VM operation: ParallelGCFailedAllocation (Allocation Failure)
Event: 66.531 Executing safepoint VM operation: ParallelGCFailedAllocation (Allocation Failure) done
Event: 66.597 Executing safepoint VM operation: ParallelGCFailedAllocation (Allocation Failure)
Event: 66.600 Executing safepoint VM operation: ParallelGCFailedAllocation (Allocation Failure) done
Event: 66.639 Executing safepoint VM operation: ParallelGCFailedAllocation (Allocation Failure)
Event: 66.662 Executing safepoint VM operation: ParallelGCFailedAllocation (Allocation Failure) done
Event: 66.836 Executing safepoint VM operation: ParallelGCFailedAllocation (Allocation Failure)
Event: 66.840 Executing safepoint VM operation: ParallelGCFailedAllocation (Allocation Failure) done
Event: 66.964 Executing safepoint VM operation: ParallelGCFailedAllocation (Allocation Failure)
Event: 66.967 Executing safepoint VM operation: ParallelGCFailedAllocation (Allocation Failure) done
Event: 67.220 Executing safepoint VM operation: ParallelGCFailedAllocation (Allocation Failure)
Event: 67.222 Executing safepoint VM operation: ParallelGCFailedAllocation (Allocation Failure) done

Memory protections (0 events):
No events

Nmethod flushes (20 events):
Event: 63.194 Thread 0x000001bfc5eff790 flushing  nmethod 0x000001bfca1fc090
Event: 63.194 Thread 0x000001bfc5eff790 flushing  nmethod 0x000001bfca1fc490
Event: 63.194 Thread 0x000001bfc5eff790 flushing  nmethod 0x000001bfca1fc910
Event: 63.194 Thread 0x000001bfc5eff790 flushing  nmethod 0x000001bfca1fd610
Event: 63.194 Thread 0x000001bfc5eff790 flushing  nmethod 0x000001bfca205290
Event: 63.194 Thread 0x000001bfc5eff790 flushing  nmethod 0x000001bfca208910
Event: 63.194 Thread 0x000001bfc5eff790 flushing  nmethod 0x000001bfca20b310
Event: 63.194 Thread 0x000001bfc5eff790 flushing  nmethod 0x000001bfca20b890
Event: 63.194 Thread 0x000001bfc5eff790 flushing  nmethod 0x000001bfca20df90
Event: 63.194 Thread 0x000001bfc5eff790 flushing  nmethod 0x000001bfca226790
Event: 63.194 Thread 0x000001bfc5eff790 flushing  nmethod 0x000001bfca22ba90
Event: 63.194 Thread 0x000001bfc5eff790 flushing  nmethod 0x000001bfca22c790
Event: 63.194 Thread 0x000001bfc5eff790 flushing  nmethod 0x000001bfca232490
Event: 63.194 Thread 0x000001bfc5eff790 flushing osr nmethod 0x000001bfca276390
Event: 63.194 Thread 0x000001bfc5eff790 flushing  nmethod 0x000001bfca2a4310
Event: 63.194 Thread 0x000001bfc5eff790 flushing  nmethod 0x000001bfca346e10
Event: 63.194 Thread 0x000001bfc5eff790 flushing  nmethod 0x000001bfca348d90
Event: 63.194 Thread 0x000001bfc5eff790 flushing  nmethod 0x000001bfca34b190
Event: 63.194 Thread 0x000001bfc5eff790 flushing  nmethod 0x000001bfca358a10
Event: 63.194 Thread 0x000001bfc5eff790 flushing  nmethod 0x000001bfca37ab10

Events (20 events):
Event: 27.513 Thread 0x000001bfef5f0ca0 Thread exited: 0x000001bfef5f0ca0
Event: 27.513 Thread 0x000001bfef5eff80 Thread exited: 0x000001bfef5eff80
Event: 27.513 Thread 0x000001bfe4dab040 Thread exited: 0x000001bfe4dab040
Event: 27.513 Thread 0x000001bfe4dac3f0 Thread exited: 0x000001bfe4dac3f0
Event: 28.339 Thread 0x000001bfe38c8490 Thread added: 0x000001bfe4daa9b0
Event: 28.928 Thread 0x000001bfe53188b0 Thread exited: 0x000001bfe53188b0
Event: 29.618 Thread 0x000001bfe32308f0 Thread exited: 0x000001bfe32308f0
Event: 29.983 Thread 0x000001bfe4daa9b0 Thread exited: 0x000001bfe4daa9b0
Event: 30.047 Thread 0x000001bfc5f14890 Thread added: 0x000001bfe32308f0
Event: 30.047 Thread 0x000001bfc5f14890 Thread added: 0x000001bff2c38fa0
Event: 40.431 Thread 0x000001bff2c38fa0 Thread exited: 0x000001bff2c38fa0
Event: 41.212 Thread 0x000001bfe32308f0 Thread exited: 0x000001bfe32308f0
Event: 41.330 Thread 0x000001bfc5f14890 Thread added: 0x000001bff2c38200
Event: 41.353 Thread 0x000001bfc5f12a80 Thread added: 0x000001bff2c388d0
Event: 48.369 Thread 0x000001bff2c388d0 Thread exited: 0x000001bff2c388d0
Event: 53.322 Thread 0x000001bff2c38200 Thread exited: 0x000001bff2c38200
Event: 60.170 Thread 0x000001bfc5f12a80 Thread added: 0x000001bff2c3ccf0
Event: 60.171 Thread 0x000001bfc5f12a80 Thread added: 0x000001bff2c38200
Event: 62.794 Thread 0x000001bff2c38200 Thread exited: 0x000001bff2c38200
Event: 63.402 Thread 0x000001bfc5f14890 Thread added: 0x000001bff2c38200


Dynamic libraries:
0x00007ff736de0000 - 0x00007ff736dee000 	c:\Users\PC\.vscode\extensions\redhat.java-1.54.0-win32-x64\jre\21.0.10-win32-x86_64\bin\java.exe
0x00007ffa4dd50000 - 0x00007ffa4df67000 	C:\WINDOWS\SYSTEM32\ntdll.dll
0x00007ffa4ca50000 - 0x00007ffa4cb14000 	C:\WINDOWS\System32\KERNEL32.DLL
0x00007ffa4b430000 - 0x00007ffa4b7e7000 	C:\WINDOWS\System32\KERNELBASE.dll
0x00007ffa4b7f0000 - 0x00007ffa4b901000 	C:\WINDOWS\System32\ucrtbase.dll
0x00007ffa32b20000 - 0x00007ffa32b3e000 	c:\Users\PC\.vscode\extensions\redhat.java-1.54.0-win32-x64\jre\21.0.10-win32-x86_64\bin\VCRUNTIME140.dll
0x00007ffa32330000 - 0x00007ffa32348000 	c:\Users\PC\.vscode\extensions\redhat.java-1.54.0-win32-x64\jre\21.0.10-win32-x86_64\bin\jli.dll
0x00007ffa4c8a0000 - 0x00007ffa4ca4f000 	C:\WINDOWS\System32\USER32.dll
0x00007ffa27e00000 - 0x00007ffa28093000 	C:\WINDOWS\WinSxS\amd64_microsoft.windows.common-controls_6595b64144ccf1df_6.0.22621.3672_none_2713b9d173822955\COMCTL32.dll
0x00007ffa4d350000 - 0x00007ffa4d3f7000 	C:\WINDOWS\System32\msvcrt.dll
0x00007ffa4d090000 - 0x00007ffa4d0b9000 	C:\WINDOWS\System32\GDI32.dll
0x00007ffa4b110000 - 0x00007ffa4b228000 	C:\WINDOWS\System32\gdi32full.dll
0x00007ffa4b2f0000 - 0x00007ffa4b38a000 	C:\WINDOWS\System32\msvcp_win.dll
0x00007ffa4b0e0000 - 0x00007ffa4b106000 	C:\WINDOWS\System32\win32u.dll
0x00007ffa4c4d0000 - 0x00007ffa4c501000 	C:\WINDOWS\System32\IMM32.DLL
0x00007ffa3dcb0000 - 0x00007ffa3dcbc000 	c:\Users\PC\.vscode\extensions\redhat.java-1.54.0-win32-x64\jre\21.0.10-win32-x86_64\bin\vcruntime140_1.dll
0x00007ffa320b0000 - 0x00007ffa3213d000 	c:\Users\PC\.vscode\extensions\redhat.java-1.54.0-win32-x64\jre\21.0.10-win32-x86_64\bin\msvcp140.dll
0x00007ff9adb10000 - 0x00007ff9ae8b1000 	c:\Users\PC\.vscode\extensions\redhat.java-1.54.0-win32-x64\jre\21.0.10-win32-x86_64\bin\server\jvm.dll
0x00007ffa4d500000 - 0x00007ffa4d5b2000 	C:\WINDOWS\System32\ADVAPI32.dll
0x00007ffa4c7c0000 - 0x00007ffa4c868000 	C:\WINDOWS\System32\sechost.dll
0x00007ffa4b390000 - 0x00007ffa4b3b8000 	C:\WINDOWS\System32\bcrypt.dll
0x00007ffa4d230000 - 0x00007ffa4d344000 	C:\WINDOWS\System32\RPCRT4.dll
0x00007ffa4dc90000 - 0x00007ffa4dd01000 	C:\WINDOWS\System32\WS2_32.dll
0x00007ffa49ed0000 - 0x00007ffa49f1d000 	C:\WINDOWS\SYSTEM32\POWRPROF.dll
0x00007ffa45e40000 - 0x00007ffa45e74000 	C:\WINDOWS\SYSTEM32\WINMM.dll
0x00007ffa48790000 - 0x00007ffa4879a000 	C:\WINDOWS\SYSTEM32\VERSION.dll
0x00007ffa49eb0000 - 0x00007ffa49ec3000 	C:\WINDOWS\SYSTEM32\UMPDC.dll
0x00007ffa4a160000 - 0x00007ffa4a178000 	C:\WINDOWS\SYSTEM32\kernel.appcore.dll
0x00007ffa32b10000 - 0x00007ffa32b1a000 	c:\Users\PC\.vscode\extensions\redhat.java-1.54.0-win32-x64\jre\21.0.10-win32-x86_64\bin\jimage.dll
0x00007ffa48510000 - 0x00007ffa48742000 	C:\WINDOWS\SYSTEM32\DBGHELP.DLL
0x00007ffa4d670000 - 0x00007ffa4d9fe000 	C:\WINDOWS\System32\combase.dll
0x00007ffa4cfb0000 - 0x00007ffa4d087000 	C:\WINDOWS\System32\OLEAUT32.dll
0x00007ffa061b0000 - 0x00007ffa061e2000 	C:\WINDOWS\SYSTEM32\dbgcore.DLL
0x00007ffa4b060000 - 0x00007ffa4b0db000 	C:\WINDOWS\System32\bcryptPrimitives.dll
0x00007ffa32320000 - 0x00007ffa3232f000 	c:\Users\PC\.vscode\extensions\redhat.java-1.54.0-win32-x64\jre\21.0.10-win32-x86_64\bin\instrument.dll
0x00007ffa32300000 - 0x00007ffa32320000 	c:\Users\PC\.vscode\extensions\redhat.java-1.54.0-win32-x64\jre\21.0.10-win32-x86_64\bin\java.dll
0x00007ffa4bae0000 - 0x00007ffa4c349000 	C:\WINDOWS\System32\SHELL32.dll
0x00007ffa48f90000 - 0x00007ffa4988f000 	C:\WINDOWS\SYSTEM32\windows.storage.dll
0x00007ffa48e50000 - 0x00007ffa48f8f000 	C:\WINDOWS\SYSTEM32\wintypes.dll
0x00007ffa4d400000 - 0x00007ffa4d4f9000 	C:\WINDOWS\System32\SHCORE.dll
0x00007ffa4dbb0000 - 0x00007ffa4dc0e000 	C:\WINDOWS\System32\shlwapi.dll
0x00007ffa4af90000 - 0x00007ffa4afb7000 	C:\WINDOWS\SYSTEM32\profapi.dll
0x00007ffa32090000 - 0x00007ffa320a8000 	c:\Users\PC\.vscode\extensions\redhat.java-1.54.0-win32-x64\jre\21.0.10-win32-x86_64\bin\zip.dll
0x00007ffa32080000 - 0x00007ffa32090000 	C:\Users\PC\.vscode\extensions\redhat.java-1.54.0-win32-x64\jre\21.0.10-win32-x86_64\bin\net.dll
0x00007ffa47180000 - 0x00007ffa472b6000 	C:\WINDOWS\SYSTEM32\WINHTTP.dll
0x00007ffa4a5c0000 - 0x00007ffa4a629000 	C:\WINDOWS\system32\mswsock.dll
0x00007ffa32060000 - 0x00007ffa32076000 	C:\Users\PC\.vscode\extensions\redhat.java-1.54.0-win32-x64\jre\21.0.10-win32-x86_64\bin\nio.dll
0x00007ffa46a70000 - 0x00007ffa46a80000 	c:\Users\PC\.vscode\extensions\redhat.java-1.54.0-win32-x64\jre\21.0.10-win32-x86_64\bin\verify.dll
0x00007ffa20df0000 - 0x00007ffa20e35000 	C:\Users\PC\AppData\Roaming\Code\User\globalStorage\redhat.java\1.54.0\config_win\org.eclipse.equinox.launcher\org.eclipse.equinox.launcher.win32.win32.x86_64_1.3.0.v20260203-2149\eclipse_11919.dll
0x00007ffa4da00000 - 0x00007ffa4dba5000 	C:\WINDOWS\System32\ole32.dll
0x00007ffa4a910000 - 0x00007ffa4a92b000 	C:\WINDOWS\SYSTEM32\CRYPTSP.dll
0x00007ffa4a0c0000 - 0x00007ffa4a0f5000 	C:\WINDOWS\system32\rsaenh.dll
0x00007ffa4a660000 - 0x00007ffa4a688000 	C:\WINDOWS\SYSTEM32\USERENV.dll
0x00007ffa4a8f0000 - 0x00007ffa4a8fc000 	C:\WINDOWS\SYSTEM32\CRYPTBASE.dll
0x00007ffa49b60000 - 0x00007ffa49b8d000 	C:\WINDOWS\SYSTEM32\IPHLPAPI.DLL
0x00007ffa4c4c0000 - 0x00007ffa4c4c9000 	C:\WINDOWS\System32\NSI.dll
0x00007ffa1fac0000 - 0x00007ffa1fb09000 	C:\Users\PC\AppData\Local\Temp\jna-2547\jna9626143043998433953.dll
0x00007ffa4cfa0000 - 0x00007ffa4cfa8000 	C:\WINDOWS\System32\PSAPI.DLL
0x00007ffa470b0000 - 0x00007ffa470c9000 	C:\WINDOWS\SYSTEM32\dhcpcsvc6.DLL
0x00007ffa47090000 - 0x00007ffa470af000 	C:\WINDOWS\SYSTEM32\dhcpcsvc.DLL
0x00007ffa4a270000 - 0x00007ffa4a2a4000 	C:\WINDOWS\SYSTEM32\ntmarta.dll

JVMTI agents:
c:\Users\PC\.vscode\extensions\redhat.java-1.54.0-win32-x64\lombok\lombok-1.18.39-4050.jar path:c:\Users\PC\.vscode\extensions\redhat.java-1.54.0-win32-x64\jre\21.0.10-win32-x86_64\bin\instrument.dll, loaded, initialized, instrumentlib options:none

dbghelp: loaded successfully - version: 4.0.5 - missing functions: none
symbol engine: initialized successfully - sym options: 0x614 - pdb path: .;c:\Users\PC\.vscode\extensions\redhat.java-1.54.0-win32-x64\jre\21.0.10-win32-x86_64\bin;C:\WINDOWS\SYSTEM32;C:\WINDOWS\WinSxS\amd64_microsoft.windows.common-controls_6595b64144ccf1df_6.0.22621.3672_none_2713b9d173822955;c:\Users\PC\.vscode\extensions\redhat.java-1.54.0-win32-x64\jre\21.0.10-win32-x86_64\bin\server;C:\Users\PC\AppData\Roaming\Code\User\globalStorage\redhat.java\1.54.0\config_win\org.eclipse.equinox.launcher\org.eclipse.equinox.launcher.win32.win32.x86_64_1.3.0.v20260203-2149;C:\Users\PC\AppData\Local\Temp\jna-2547

VM Arguments:
jvm_args: --add-modules=ALL-SYSTEM --add-opens=java.base/java.util=ALL-UNNAMED --add-opens=java.base/java.lang=ALL-UNNAMED --add-opens=java.base/sun.nio.fs=ALL-UNNAMED -Declipse.application=org.eclipse.jdt.ls.core.id1 -Dosgi.bundles.defaultStartLevel=4 -Declipse.product=org.eclipse.jdt.ls.core.product -Djava.import.generatesMetadataFilesAtProjectRoot=false -DDetectVMInstallationsJob.disabled=true -Dfile.encoding=utf8 -XX:+UseParallelGC -XX:GCTimeRatio=4 -XX:AdaptiveSizePolicyWeight=90 -Dsun.zip.disableMemoryMapping=true -Xmx2G -Xms100m -Xlog:disable -javaagent:c:\Users\PC\.vscode\extensions\redhat.java-1.54.0-win32-x64\lombok\lombok-1.18.39-4050.jar -XX:+HeapDumpOnOutOfMemoryError -XX:HeapDumpPath=c:\Users\PC\AppData\Roaming\Code\User\workspaceStorage\02fa4a4dd81151b4bec70223ab20b6ec\redhat.java -Daether.dependencyCollector.impl=bf 
java_command: c:\Users\PC\.vscode\extensions\redhat.java-1.54.0-win32-x64\server\plugins\org.eclipse.equinox.launcher_1.7.100.v20251111-0406.jar -configuration c:\Users\PC\AppData\Roaming\Code\User\globalStorage\redhat.java\1.54.0\config_win -data c:\Users\PC\AppData\Roaming\Code\User\workspaceStorage\02fa4a4dd81151b4bec70223ab20b6ec\redhat.java\jdt_ws --pipe=\\.\pipe\lsp-c7ca7265c6e766c63d13c49734b5dfa8-sock
java_class_path (initial): c:\Users\PC\.vscode\extensions\redhat.java-1.54.0-win32-x64\server\plugins\org.eclipse.equinox.launcher_1.7.100.v20251111-0406.jar
Launcher Type: SUN_STANDARD

[Global flags]
    uintx AdaptiveSizePolicyWeight                 = 90                                        {product} {command line}
     intx CICompilerCount                          = 4                                         {product} {ergonomic}
    uintx GCTimeRatio                              = 4                                         {product} {command line}
     bool HeapDumpOnOutOfMemoryError               = true                                   {manageable} {command line}
    ccstr HeapDumpPath                             = c:\Users\PC\AppData\Roaming\Code\User\workspaceStorage\02fa4a4dd81151b4bec70223ab20b6ec\redhat.java         {manageable} {command line}
   size_t InitialHeapSize                          = 104857600                                 {product} {command line}
   size_t MaxHeapSize                              = 2147483648                                {product} {command line}
   size_t MaxNewSize                               = 715653120                                 {product} {ergonomic}
   size_t MinHeapDeltaBytes                        = 524288                                    {product} {ergonomic}
   size_t MinHeapSize                              = 104857600                                 {product} {command line}
   size_t NewSize                                  = 34603008                                  {product} {ergonomic}
    uintx NonNMethodCodeHeapSize                   = 5839372                                {pd product} {ergonomic}
    uintx NonProfiledCodeHeapSize                  = 122909434                              {pd product} {ergonomic}
   size_t OldSize                                  = 70254592                                  {product} {ergonomic}
    uintx ProfiledCodeHeapSize                     = 122909434                              {pd product} {ergonomic}
    uintx ReservedCodeCacheSize                    = 251658240                              {pd product} {ergonomic}
     bool SegmentedCodeCache                       = true                                      {product} {ergonomic}
   size_t SoftMaxHeapSize                          = 2147483648                             {manageable} {ergonomic}
     bool UseCompressedOops                        = true                           {product lp64_product} {ergonomic}
     bool UseLargePagesIndividualAllocation        = false                                  {pd product} {ergonomic}
     bool UseParallelGC                            = true                                      {product} {command line}

Logging:
Log output configuration:
 #0: stdout all=off uptime,level,tags foldmultilines=false
 #1: stderr all=off uptime,level,tags foldmultilines=false

Release file:
JAVA_VERSION="21.0.10" 
MODULES="java.base java.compiler java.datatransfer java.xml java.prefs java.desktop java.instrument java.logging java.management java.security.sasl java.naming java.rmi java.management.rmi java.net.http java.scripting java.security.jgss java.transaction.xa java.sql java.sql.rowset java.xml.crypto java.se java.smartcardio jdk.accessibility jdk.internal.jvmstat jdk.attach jdk.charsets jdk.internal.opt jdk.zipfs jdk.compiler jdk.crypto.ec jdk.crypto.cryptoki jdk.crypto.mscapi jdk.dynalink jdk.internal.ed jdk.editpad jdk.hotspot.agent jdk.httpserver jdk.internal.le jdk.internal.vm.ci jdk.internal.vm.compiler jdk.internal.vm.compiler.management jdk.jartool jdk.javadoc jdk.jcmd jdk.management jdk.management.agent jdk.jconsole jdk.jdeps jdk.jdwp.agent jdk.jdi jdk.jfr jdk.jshell jdk.jsobject jdk.jstatd jdk.localedata jdk.management.jfr jdk.naming.dns jdk.naming.rmi jdk.net jdk.nio.mapmode jdk.random jdk.sctp jdk.security.auth jdk.security.jgss jdk.unsupported jdk.unsupported.desktop jdk.xml.dom" 

Environment Variables:
PATH=C:\Users\PC\AppData\Local\Programs\Microsoft VS Code;C:\Program Files\php-8.2.30-nts-Win32-vs16-x64;C:\xampp\php;C:\Program Files\Common Files\Oracle\Java\javapath;C:\WINDOWS\system32;C:\WINDOWS;C:\WINDOWS\System32\Wbem;C:\WINDOWS\System32\WindowsPowerShell\v1.0\;C:\WINDOWS\System32\OpenSSH\;C:\Users\PC\AppData\Local\nvm;C:\nvm4w\nodejs;C:\Program Files\Git\cmd;C:\Program Files\Microsoft SQL Server\170\Tools\Binn\;C:\Program Files\Microsoft SQL Server\Client SDK\ODBC\170\Tools\Binn\;C:\Program Files (x86)\Microsoft SQL Server\170\Tools\Binn\;C:\Program Files\Microsoft SQL Server\Client SDK\ODBC\180\Tools\Binn\;C:\Program Files\Microsoft SQL Server\170\DTS\Binn\;C:\Program Files\Docker\Docker\resources\bin;C:\Program Files\apache-maven-3.9.12\bin;C:\Program Files\PuTTY\;C:\composer;C:\Program Files\MySQL;C:\Users\PC\AppData\Local\Programs\Python\Launcher\;C:\Users\PC\AppData\Local\Microsoft\WindowsApps;C:\Users\PC\AppData\Local\Programs\Microsoft VS Code\bin;C:\Users\PC\AppData\Roami;C:\Program Files\Common Files\Oracle\Java\javapath;C:\WINDOWS\system32;C:\WINDOWS;C:\WINDOWS\System32\Wbem;C:\WINDOWS\System32\WindowsPowerShell\v1.0\;C:\WINDOWS\System32\OpenSSH\;C:\Users\PC\AppData\Local\nvm;C:\nvm4w\nodejs;C:\Program Files\Git\cmd;C:\Program Files\Microsoft SQL Server\170\Tools\Binn\;C:\Program Files\Microsoft SQL Server\Client SDK\ODBC\170\Tools\Binn\;C:\Program Files (x86)\Microsoft SQL Server\170\Tools\Binn\;C:\Program Files\Microsoft SQL Server\Client SDK\ODBC\180\Tools\Binn\;C:\Program Files\Microsoft SQL Server\170\DTS\Binn\;C:\Program Files\Docker\Docker\resources\bin;C:\Program Files\apache-maven-3.9.12\bin;C:\Program Files\PuTTY\;C:\Program Files\php-8.1.34-Win32-vs16-x64;C:\composer;C:\Program Files\MySQL;C:\Users\PC\AppData\Local\Programs\Python\Launcher\;C:\Users\PC\AppData\Local\Microsoft\WindowsApps;C:\Users\PC\AppData\Local\Programs\Microsoft VS Code\bin;C:\Users\PC\AppData\Roaming\npm;C:\Users\PC\.bun\bin;C:\Users\PC\AppData\Local\Programs\Antigravity;C:\Program Files\MySQL;C:\Users\PC\AppData\Local\Programs\cursor\resources\app\bin
USERNAME=PC
OS=Windows_NT
PROCESSOR_IDENTIFIER=Intel64 Family 6 Model 166 Stepping 1, GenuineIntel
TMP=C:\Users\PC\AppData\Local\Temp
TEMP=C:\Users\PC\AppData\Local\Temp




Periodic native trim disabled

---------------  S Y S T E M  ---------------

OS:
 Windows 11 , 64 bit Build 22621 (10.0.22621.3958)
OS uptime: 6 days 20:56 hours
Hyper-V role detected

CPU: total 12 (initial active 12) (6 cores per cpu, 2 threads per core) family 6 model 166 stepping 1 microcode 0x100, cx8, cmov, fxsr, ht, mmx, 3dnowpref, sse, sse2, sse3, ssse3, sse4.1, sse4.2, popcnt, lzcnt, tsc, tscinvbit, avx, avx2, aes, erms, clmul, bmi1, bmi2, adx, fma, vzeroupper, clflush, clflushopt, hv, rdtscp, f16c
Processor Information for the first 12 processors :
  Max Mhz: 1608, Current Mhz: 1105, Mhz Limit: 1093

Memory: 4k page, system-wide physical 15713M (2302M free)
TotalPageFile size 18470M (AvailPageFile size 6M)
current process WorkingSet (physical memory assigned to process): 409M, peak: 501M
current process commit charge ("private bytes"): 480M, peak: 1726M

vm_info: OpenJDK 64-Bit Server VM (21.0.10+7-LTS) for windows-amd64 JRE (21.0.10+7-LTS), built on 2026-01-20T00:00:00Z by "admin" with MS VC++ 17.12 (VS2022)

END.
